******************************************************************************
             TMS320C2000 Linker PC v18.1.2                     
******************************************************************************
>> Linked Sat Nov 24 11:39:42 2018

OUTPUT FILE NAME:   <Example_F2802xCpuTimer.out>
ENTRY POINT SYMBOL: "code_start"  address: 003f7ff6


MEMORY CONFIGURATION

         name            origin    length      used     unused   attr    fill
----------------------  --------  ---------  --------  --------  ----  --------
PAGE 0:
  RAMM0                 00000050   000003b0  0000003b  00000375  RWIX
  OTP                   003d7800   00000400  00000000  00000400  RWIX
  FLASHB                003f6000   00001000  00000000  00001000  RWIX
  FLASHA                003f7000   00000f80  00000f40  00000040  RWIX
  CSM_RSVD              003f7f80   00000076  00000000  00000076  RWIX
  BEGIN                 003f7ff6   00000002  00000002  00000000  RWIX
  CSM_PWL_P0            003f7ff8   00000008  00000000  00000008  RWIX
  IQTABLES              003fe000   00000b50  00000000  00000b50  RWIX
  IQTABLES2             003feb50   0000008c  00000000  0000008c  RWIX
  IQTABLES3             003febdc   000000aa  00000000  000000aa  RWIX
  ROM                   003ff27c   00000d44  00000000  00000d44  RWIX
  RESET                 003fffc0   00000002  00000000  00000002  RWIX
  VECTORS               003fffc2   0000003e  00000000  0000003e  RWIX

PAGE 1:
  BOOT_RSVD             00000000   00000050  00000000  00000050  RWIX
  RAMM1                 00000400   00000400  00000241  000001bf  RWIX
  DEV_EMU               00000880   00000105  00000004  00000101  RWIX
  SYS_PWR_CTL           00000985   00000003  00000003  00000000  RWIX
  FLASH_REGS            00000a80   00000060  00000008  00000058  RWIX
  CSM                   00000ae0   00000010  00000010  00000000  RWIX
  ADC_RESULT            00000b00   00000020  00000020  00000000  RWIX
  CPU_TIMER0            00000c00   00000008  00000008  00000000  RWIX
  CPU_TIMER1            00000c08   00000008  00000008  00000000  RWIX
  CPU_TIMER2            00000c10   00000008  00000008  00000000  RWIX
  PIE_CTRL              00000ce0   00000020  0000001a  00000006  RWIX
  PIE_VECT              00000d00   00000100  00000100  00000000  RWIX
  COMP1                 00006400   00000020  00000011  0000000f  RWIX
  COMP2                 00006420   00000020  00000011  0000000f  RWIX
  EPWM1                 00006800   00000040  00000040  00000000  RWIX
  EPWM2                 00006840   00000040  00000040  00000000  RWIX
  EPWM3                 00006880   00000040  00000040  00000000  RWIX
  EPWM4                 000068c0   00000040  00000040  00000000  RWIX
  ECAP1                 00006a00   00000020  00000020  00000000  RWIX
  GPIOCTRL              00006f80   00000040  00000040  00000000  RWIX
  GPIODAT               00006fc0   00000020  00000020  00000000  RWIX
  GPIOINT               00006fe0   00000020  0000000a  00000016  RWIX
  SYSTEM                00007010   00000020  0000001f  00000001  RWIX
  SPIA                  00007040   00000010  00000010  00000000  RWIX
  SCIA                  00007050   00000010  00000010  00000000  RWIX
  NMIINTRUPT            00007060   00000010  00000010  00000000  RWIX
  XINTRUPT              00007070   00000010  00000010  00000000  RWIX
  ADC                   00007100   00000080  00000051  0000002f  RWIX
  I2CA                  00007900   00000040  00000022  0000001e  RWIX
  RAML0                 00008000   00000400  00000000  00000400  RWIX
  PARTID                003d7fff   00000001  00000001  00000000  RWIX
  CSM_PWL               003f7ff8   00000008  00000008  00000000  RWIX


SECTION ALLOCATION MAP

 output                                  attributes/
section   page    origin      length       input sections
--------  ----  ----------  ----------   ----------------
ramfuncs   0    003f7000    0000003b     RUN ADDR = 00000050
                  003f7000    00000016     driverlib.lib : flash.obj (ramfuncs:_FLASH_setup)
                  003f7016    00000007                   : flash.obj (ramfuncs:_FLASH_setNumPagedReadWaitStates)
                  003f701d    00000007                   : flash.obj (ramfuncs:_FLASH_setNumRandomReadWaitStates)
                  003f7024    00000007                   : flash.obj (ramfuncs:_FLASH_setOtpWaitStates)
                  003f702b    00000006                   : flash.obj (ramfuncs:_FLASH_enablePipelineMode)
                  003f7031    00000005                   : flash.obj (ramfuncs:_FLASH_setActiveWaitCount)
                  003f7036    00000005                   : flash.obj (ramfuncs:_FLASH_setStandbyWaitCount)

.econst    0    003f7e1e    00000100     
                  003f7e1e    00000100     driverlib.lib : pie.obj (.econst:_PIE_tableDebugInit)

.cinit     0    003f7f1e    00000023     
                  003f7f1e    0000000e     rts2800_ml.lib : exit.c.obj (.cinit)
                  003f7f2c    00000009     Example_2802xCpuTimer.obj (.cinit)
                  003f7f35    00000005     rts2800_ml.lib : _lock.c.obj (.cinit:__lock)
                  003f7f3a    00000005                    : _lock.c.obj (.cinit:__unlock)
                  003f7f3f    00000002     --HOLE-- [fill = 0]

codestart 
*          0    003f7ff6    00000002     
                  003f7ff6    00000002     driverlib.lib : f2802xx_codestartbranch.obj (codestart)

DevEmuRegsFile 
*          1    00000880    00000004     UNINITIALIZED
                  00000880    00000004     driverlib.lib : F2802xX_GlobalVariableDefs.obj (DevEmuRegsFile)

SysPwrCtrlRegsFile 
*          1    00000985    00000003     UNINITIALIZED
                  00000985    00000003     driverlib.lib : F2802xX_GlobalVariableDefs.obj (SysPwrCtrlRegsFile)

FlashRegsFile 
*          1    00000a80    00000008     UNINITIALIZED
                  00000a80    00000008     driverlib.lib : F2802xX_GlobalVariableDefs.obj (FlashRegsFile)

CsmRegsFile 
*          1    00000ae0    00000010     UNINITIALIZED
                  00000ae0    00000010     driverlib.lib : F2802xX_GlobalVariableDefs.obj (CsmRegsFile)

AdcResultFile 
*          1    00000b00    00000020     UNINITIALIZED
                  00000b00    00000020     driverlib.lib : F2802xX_GlobalVariableDefs.obj (AdcResultFile)

CpuTimer0RegsFile 
*          1    00000c00    00000008     UNINITIALIZED
                  00000c00    00000008     driverlib.lib : F2802xX_GlobalVariableDefs.obj (CpuTimer0RegsFile)

CpuTimer1RegsFile 
*          1    00000c08    00000008     UNINITIALIZED
                  00000c08    00000008     driverlib.lib : F2802xX_GlobalVariableDefs.obj (CpuTimer1RegsFile)

CpuTimer2RegsFile 
*          1    00000c10    00000008     UNINITIALIZED
                  00000c10    00000008     driverlib.lib : F2802xX_GlobalVariableDefs.obj (CpuTimer2RegsFile)

PieCtrlRegsFile 
*          1    00000ce0    0000001a     UNINITIALIZED
                  00000ce0    0000001a     driverlib.lib : F2802xX_GlobalVariableDefs.obj (PieCtrlRegsFile)

PieVectTableFile 
*          1    00000d00    00000100     UNINITIALIZED
                  00000d00    00000100     driverlib.lib : F2802xX_GlobalVariableDefs.obj (PieVectTableFile)

EmuKeyVar 
*          1    00000d00    00000001     UNINITIALIZED
                  00000d00    00000001     driverlib.lib : F2802xX_GlobalVariableDefs.obj (EmuKeyVar)

EmuBModeVar 
*          1    00000d01    00000001     UNINITIALIZED
                  00000d01    00000001     driverlib.lib : F2802xX_GlobalVariableDefs.obj (EmuBModeVar)

FlashCallbackVar 
*          1    00000d02    00000002     UNINITIALIZED
                  00000d02    00000002     driverlib.lib : F2802xX_GlobalVariableDefs.obj (FlashCallbackVar)

FlashScalingVar 
*          1    00000d04    00000002     UNINITIALIZED
                  00000d04    00000002     driverlib.lib : F2802xX_GlobalVariableDefs.obj (FlashScalingVar)

Comp1RegsFile 
*          1    00006400    00000011     UNINITIALIZED
                  00006400    00000011     driverlib.lib : F2802xX_GlobalVariableDefs.obj (Comp1RegsFile)

Comp2RegsFile 
*          1    00006420    00000011     UNINITIALIZED
                  00006420    00000011     driverlib.lib : F2802xX_GlobalVariableDefs.obj (Comp2RegsFile)

EPwm1RegsFile 
*          1    00006800    00000040     UNINITIALIZED
                  00006800    00000040     driverlib.lib : F2802xX_GlobalVariableDefs.obj (EPwm1RegsFile)

EPwm2RegsFile 
*          1    00006840    00000040     UNINITIALIZED
                  00006840    00000040     driverlib.lib : F2802xX_GlobalVariableDefs.obj (EPwm2RegsFile)

EPwm3RegsFile 
*          1    00006880    00000040     UNINITIALIZED
                  00006880    00000040     driverlib.lib : F2802xX_GlobalVariableDefs.obj (EPwm3RegsFile)

EPwm4RegsFile 
*          1    000068c0    00000040     UNINITIALIZED
                  000068c0    00000040     driverlib.lib : F2802xX_GlobalVariableDefs.obj (EPwm4RegsFile)

ECap1RegsFile 
*          1    00006a00    00000020     UNINITIALIZED
                  00006a00    00000020     driverlib.lib : F2802xX_GlobalVariableDefs.obj (ECap1RegsFile)

GpioCtrlRegsFile 
*          1    00006f80    00000040     UNINITIALIZED
                  00006f80    00000040     driverlib.lib : F2802xX_GlobalVariableDefs.obj (GpioCtrlRegsFile)

GpioDataRegsFile 
*          1    00006fc0    00000020     UNINITIALIZED
                  00006fc0    00000020     driverlib.lib : F2802xX_GlobalVariableDefs.obj (GpioDataRegsFile)

GpioIntRegsFile 
*          1    00006fe0    0000000a     UNINITIALIZED
                  00006fe0    0000000a     driverlib.lib : F2802xX_GlobalVariableDefs.obj (GpioIntRegsFile)

SysCtrlRegsFile 
*          1    00007010    0000001f     UNINITIALIZED
                  00007010    0000001f     driverlib.lib : F2802xX_GlobalVariableDefs.obj (SysCtrlRegsFile)

SpiaRegsFile 
*          1    00007040    00000010     UNINITIALIZED
                  00007040    00000010     driverlib.lib : F2802xX_GlobalVariableDefs.obj (SpiaRegsFile)

SciaRegsFile 
*          1    00007050    00000010     UNINITIALIZED
                  00007050    00000010     driverlib.lib : F2802xX_GlobalVariableDefs.obj (SciaRegsFile)

NmiIntruptRegsFile 
*          1    00007060    00000010     UNINITIALIZED
                  00007060    00000010     driverlib.lib : F2802xX_GlobalVariableDefs.obj (NmiIntruptRegsFile)

XIntruptRegsFile 
*          1    00007070    00000010     UNINITIALIZED
                  00007070    00000010     driverlib.lib : F2802xX_GlobalVariableDefs.obj (XIntruptRegsFile)

AdcRegsFile 
*          1    00007100    00000051     UNINITIALIZED
                  00007100    00000051     driverlib.lib : F2802xX_GlobalVariableDefs.obj (AdcRegsFile)

I2caRegsFile 
*          1    00007900    00000022     UNINITIALIZED
                  00007900    00000022     driverlib.lib : F2802xX_GlobalVariableDefs.obj (I2caRegsFile)

PartIdRegsFile 
*          1    003d7fff    00000001     UNINITIALIZED
                  003d7fff    00000001     driverlib.lib : F2802xX_GlobalVariableDefs.obj (PartIdRegsFile)

CsmPwlFile 
*          1    003f7ff8    00000008     UNINITIALIZED
                  003f7ff8    00000008     driverlib.lib : F2802xX_GlobalVariableDefs.obj (CsmPwlFile)

.pinit     0    003f7000    00000000     UNINITIALIZED

.stack     1    00000400    00000200     UNINITIALIZED
                  00000400    00000200     --HOLE--

.reset     0    003fffc0    00000002     DSECT
                  003fffc0    00000002     rts2800_ml.lib : boot28.asm.obj (.reset)

vectors    0    003fffc2    00000000     DSECT

.text      0    003f703b    00000de2     
                  003f703b    000004d8     Example_2802xCpuTimer.obj (.text)
                  003f7513    00000104     user.obj (.text)
                  003f7617    000000de     Example_2802xCpuTimer.obj (.text:retain)
                  003f76f5    00000083     rts2800_ml.lib : fs_div28.asm.obj (.text)
                  003f7778    00000078                    : fs_add28.asm.obj (.text)
                  003f77f0    0000005a                    : fs_mpy28.asm.obj (.text)
                  003f784a    00000054                    : boot28.asm.obj (.text)
                  003f789e    00000048     driverlib.lib : gpio.obj (.text:_GPIO_setMode)
                  003f78e6    00000029                   : gpio.obj (.text:_GPIO_setDirection)
                  003f790f    00000029                   : gpio.obj (.text:_GPIO_setPullUp)
                  003f7938    00000029     rts2800_ml.lib : exit.c.obj (.text)
                  003f7961    00000028     driverlib.lib : gpio.obj (.text:_GPIO_setQualificationPeriod)
                  003f7989    00000027                   : gpio.obj (.text:_GPIO_setQualification)
                  003f79b0    00000024     rts2800_ml.lib : cpy_tbl.c.obj (.text)
                  003f79d4    00000022     driverlib.lib : adc.obj (.text:_ADC_setIntMode)
                  003f79f6    00000022                   : adc.obj (.text:_ADC_setIntSrc)
                  003f7a18    0000001d                   : pie.obj (.text:_PIE_enableExtInt)
                  003f7a35    0000001d     rts2800_ml.lib : fs_tou28.asm.obj (.text)
                  003f7a52    0000001d                    : memcpy.c.obj (.text)
                  003f7a6f    0000001a                    : i_tofs28.asm.obj (.text)
                  003f7a89    00000019                    : args_main.c.obj (.text)
                  003f7aa2    00000017     driverlib.lib : adc.obj (.text:_ADC_enableInt)
                  003f7ab9    00000017     rts2800_ml.lib : fs_cmp28.asm.obj (.text)
                  003f7ad0    00000015     driverlib.lib : pll.obj (.text:_PLL_setup)
                  003f7ae5    00000014                   : gpio.obj (.text:_GPIO_setHigh)
                  003f7af9    00000014                   : gpio.obj (.text:_GPIO_toggle)
                  003f7b0d    00000014                   : pie.obj (.text:_PIE_enableAdcInt)
                  003f7b21    00000013                   : timer.obj (.text:_TIMER_setPreScaler)
                  003f7b34    00000013     rts2800_ml.lib : ul_tofs28.asm.obj (.text)
                  003f7b47    00000012     driverlib.lib : adc.obj (.text:_ADC_setSocChanNumber)
                  003f7b59    00000012                   : adc.obj (.text:_ADC_setSocSampleWindow)
                  003f7b6b    00000012                   : adc.obj (.text:_ADC_setSocTrigSrc)
                  003f7b7d    00000011                   : adc.obj (.text:_ADC_setIntPulseGenMode)
                  003f7b8e    00000011                   : adc.obj (.text:_ADC_setVoltRefSrc)
                  003f7b9f    00000011                   : gpio.obj (.text:_GPIO_getData)
                  003f7bb0    00000011                   : pie.obj (.text:_PIE_disableAllInts)
                  003f7bc1    00000011                   : pie.obj (.text:_PIE_setDebugIntVectorTable)
                  003f7bd2    00000010     rts2800_ml.lib : u_tofs28.asm.obj (.text)
                  003f7be2    0000000f     driverlib.lib : pie.obj (.text:_PIE_registerPieIntHandler)
                  003f7bf1    0000000f                   : pie.obj (.text:_PIE_setExtIntPolarity)
                  003f7c00    0000000b                   : gpio.obj (.text:_GPIO_setExtInt)
                  003f7c0b    0000000b                   : pie.obj (.text:_PIE_registerSystemIntHandler)
                  003f7c16    0000000a                   : adc.obj (.text:_ADC_enable)
                  003f7c20    0000000a                   : adc.obj (.text:_ADC_enableBandGap)
                  003f7c2a    0000000a                   : adc.obj (.text:_ADC_enableRefBuffers)
                  003f7c34    0000000a                   : adc.obj (.text:_ADC_init)
                  003f7c3e    0000000a                   : adc.obj (.text:_ADC_powerUp)
                  003f7c48    0000000a                   : pie.obj (.text:_PIE_enableInt)
                  003f7c52    0000000a                   : pie.obj (.text:_PIE_init)
                  003f7c5c    00000009                   : clk.obj (.text:_CLK_enablePwmClock)
                  003f7c65    00000009     rts2800_ml.lib : _lock.c.obj (.text)
                  003f7c6e    00000008     driverlib.lib : clk.obj (.text:_CLK_init)
                  003f7c76    00000008                   : flash.obj (.text:_FLASH_init)
                  003f7c7e    00000008                   : gpio.obj (.text:_GPIO_init)
                  003f7c86    00000008                   : pll.obj (.text:_PLL_init)
                  003f7c8e    00000008                   : pwm.obj (.text:_PWM_init)
                  003f7c96    00000008                   : timer.obj (.text:_TIMER_init)
                  003f7c9e    00000008                   : wdog.obj (.text:_WDOG_disable)
                  003f7ca6    00000008                   : wdog.obj (.text:_WDOG_init)
                  003f7cae    00000008                   : f2802xx_codestartbranch.obj (.text)
                  003f7cb6    00000007                   : clk.obj (.text:_CLK_disableTbClockSync)
                  003f7cbd    00000007                   : clk.obj (.text:_CLK_enableAdcClock)
                  003f7cc4    00000007                   : clk.obj (.text:_CLK_enableTbClockSync)
                  003f7ccb    00000007                   : clk.obj (.text:_CLK_setOscSrc)
                  003f7cd2    00000007                   : pll.obj (.text:_PLL_setDivider)
                  003f7cd9    00000006                   : pll.obj (.text:_PLL_setMultiplier)
                  003f7cdf    00000006                   : timer.obj (.text:_TIMER_setEmulationMode)
                  003f7ce5    00000005                   : f2802xx_defaultisr.obj (.text:_ADCINT1_ISR)
                  003f7cea    00000005                   : f2802xx_defaultisr.obj (.text:_ADCINT2_ISR)
                  003f7cef    00000005                   : f2802xx_defaultisr.obj (.text:_ADCINT3_ISR)
                  003f7cf4    00000005                   : f2802xx_defaultisr.obj (.text:_ADCINT4_ISR)
                  003f7cf9    00000005                   : f2802xx_defaultisr.obj (.text:_ADCINT5_ISR)
                  003f7cfe    00000005                   : f2802xx_defaultisr.obj (.text:_ADCINT6_ISR)
                  003f7d03    00000005                   : f2802xx_defaultisr.obj (.text:_ADCINT7_ISR)
                  003f7d08    00000005                   : f2802xx_defaultisr.obj (.text:_ADCINT8_ISR)
                  003f7d0d    00000005                   : f2802xx_defaultisr.obj (.text:_ADCINT9_ISR)
                  003f7d12    00000005                   : f2802xx_defaultisr.obj (.text:_DATALOG_ISR)
                  003f7d17    00000005                   : f2802xx_defaultisr.obj (.text:_ECAP1_INT_ISR)
                  003f7d1c    00000005                   : f2802xx_defaultisr.obj (.text:_EMPTY_ISR)
                  003f7d21    00000005                   : f2802xx_defaultisr.obj (.text:_EMUINT_ISR)
                  003f7d26    00000005                   : f2802xx_defaultisr.obj (.text:_EPWM1_INT_ISR)
                  003f7d2b    00000005                   : f2802xx_defaultisr.obj (.text:_EPWM1_TZINT_ISR)
                  003f7d30    00000005                   : f2802xx_defaultisr.obj (.text:_EPWM2_INT_ISR)
                  003f7d35    00000005                   : f2802xx_defaultisr.obj (.text:_EPWM2_TZINT_ISR)
                  003f7d3a    00000005                   : f2802xx_defaultisr.obj (.text:_EPWM3_INT_ISR)
                  003f7d3f    00000005                   : f2802xx_defaultisr.obj (.text:_EPWM3_TZINT_ISR)
                  003f7d44    00000005                   : f2802xx_defaultisr.obj (.text:_EPWM4_INT_ISR)
                  003f7d49    00000005                   : f2802xx_defaultisr.obj (.text:_EPWM4_TZINT_ISR)
                  003f7d4e    00000005                   : f2802xx_defaultisr.obj (.text:_I2CINT1A_ISR)
                  003f7d53    00000005                   : f2802xx_defaultisr.obj (.text:_I2CINT2A_ISR)
                  003f7d58    00000005                   : f2802xx_defaultisr.obj (.text:_ILLEGAL_ISR)
                  003f7d5d    00000005                   : f2802xx_defaultisr.obj (.text:_INT13_ISR)
                  003f7d62    00000005                   : f2802xx_defaultisr.obj (.text:_INT14_ISR)
                  003f7d67    00000005                   : f2802xx_defaultisr.obj (.text:_NMI_ISR)
                  003f7d6c    00000005                   : f2802xx_defaultisr.obj (.text:_PIE_RESERVED)
                  003f7d71    00000005                   : pie.obj (.text:_PIE_illegalIsr)
                  003f7d76    00000005                   : f2802xx_defaultisr.obj (.text:_RTOSINT_ISR)
                  003f7d7b    00000005                   : f2802xx_defaultisr.obj (.text:_SCIRXINTA_ISR)
                  003f7d80    00000005                   : f2802xx_defaultisr.obj (.text:_SCITXINTA_ISR)
                  003f7d85    00000005                   : f2802xx_defaultisr.obj (.text:_SPIRXINTA_ISR)
                  003f7d8a    00000005                   : f2802xx_defaultisr.obj (.text:_SPITXINTA_ISR)
                  003f7d8f    00000005                   : f2802xx_defaultisr.obj (.text:_TINT0_ISR)
                  003f7d94    00000005                   : f2802xx_defaultisr.obj (.text:_USER10_ISR)
                  003f7d99    00000005                   : f2802xx_defaultisr.obj (.text:_USER11_ISR)
                  003f7d9e    00000005                   : f2802xx_defaultisr.obj (.text:_USER12_ISR)
                  003f7da3    00000005                   : f2802xx_defaultisr.obj (.text:_USER1_ISR)
                  003f7da8    00000005                   : f2802xx_defaultisr.obj (.text:_USER2_ISR)
                  003f7dad    00000005                   : f2802xx_defaultisr.obj (.text:_USER3_ISR)
                  003f7db2    00000005                   : f2802xx_defaultisr.obj (.text:_USER4_ISR)
                  003f7db7    00000005                   : f2802xx_defaultisr.obj (.text:_USER5_ISR)
                  003f7dbc    00000005                   : f2802xx_defaultisr.obj (.text:_USER6_ISR)
                  003f7dc1    00000005                   : f2802xx_defaultisr.obj (.text:_USER7_ISR)
                  003f7dc6    00000005                   : f2802xx_defaultisr.obj (.text:_USER8_ISR)
                  003f7dcb    00000005                   : f2802xx_defaultisr.obj (.text:_USER9_ISR)
                  003f7dd0    00000005                   : f2802xx_defaultisr.obj (.text:_WAKEINT_ISR)
                  003f7dd5    00000005                   : f2802xx_defaultisr.obj (.text:_XINT1_ISR)
                  003f7dda    00000005                   : f2802xx_defaultisr.obj (.text:_XINT2_ISR)
                  003f7ddf    00000005                   : f2802xx_defaultisr.obj (.text:_XINT3_ISR)
                  003f7de4    00000005                   : f2802xx_defaultisr.obj (.text:_rsvd_ISR)
                  003f7de9    00000004                   : cpu.obj (.text:_CPU_enableInt)
                  003f7ded    00000004                   : cpu.obj (.text:_CPU_init)
                  003f7df1    00000003                   : cpu.obj (.text:_CPU_clearIntFlags)
                  003f7df4    00000003                   : cpu.obj (.text:_CPU_disableGlobalInts)
                  003f7df7    00000003                   : cpu.obj (.text:_CPU_enableDebugInt)
                  003f7dfa    00000003                   : cpu.obj (.text:_CPU_enableGlobalInts)
                  003f7dfd    00000003                   : pie.obj (.text:_PIE_disable)
                  003f7e00    00000003                   : pie.obj (.text:_PIE_enable)
                  003f7e03    00000003                   : pie.obj (.text:_PIE_enableTimer0Int)
                  003f7e06    00000003                   : pll.obj (.text:_PLL_getClkStatus)
                  003f7e09    00000003                   : pll.obj (.text:_PLL_getLockStatus)
                  003f7e0c    00000003                   : timer.obj (.text:_TIMER_enableInt)
                  003f7e0f    00000003                   : timer.obj (.text:_TIMER_reload)
                  003f7e12    00000003                   : timer.obj (.text:_TIMER_start)
                  003f7e15    00000003                   : timer.obj (.text:_TIMER_stop)
                  003f7e18    00000002                   : timer.obj (.text:_TIMER_setPeriod)
                  003f7e1a    00000002     rts2800_ml.lib : pre_init.c.obj (.text)
                  003f7e1c    00000001                    : startup.c.obj (.text)

.ebss      1    00000600    00000041     UNINITIALIZED
                  00000600    00000034     Example_2802xCpuTimer.obj (.ebss)
                  00000634    00000006     rts2800_ml.lib : exit.c.obj (.ebss)
                  0000063a    00000002                    : _lock.c.obj (.ebss:__lock)
                  0000063c    00000002                    : _lock.c.obj (.ebss:__unlock)
                  0000063e    00000002     user.obj (.ebss)
                  00000640    00000001     driverlib.lib : cpu.obj (.ebss)

MODULE SUMMARY

       Module                           code   initialized data   uninitialized data
       ------                           ----   ----------------   ------------------
    .\
       Example_2802xCpuTimer.obj        1462   9                  52                
       user.obj                         260    0                  2                 
    +--+--------------------------------+------+------------------+--------------------+
       Total:                           1722   9                  54                
                                                                                    
    C:/ti/C2000Ware_1_00_04_00_Software/device_support/f2802x/common/ccs/Debug/driverlib.lib
       F2802xX_GlobalVariableDefs.obj   0      0                  1022              
       pie.obj                          158    256                0                 
       gpio.obj                         309    0                  0                 
       f2802xx_defaultisr.obj           255    0                  0                 
       adc.obj                          229    0                  0                 
       flash.obj                        126    0                  0                 
       pll.obj                          48     0                  0                 
       timer.obj                        47     0                  0                 
       clk.obj                          45     0                  0                 
       cpu.obj                          20     0                  1                 
       wdog.obj                         16     0                  0                 
       f2802xx_codestartbranch.obj      10     0                  0                 
       pwm.obj                          8      0                  0                 
    +--+--------------------------------+------+------------------+--------------------+
       Total:                           1271   256                1023              
                                                                                    
    C:/ti/ccsv8/tools/compiler/ti-cgt-c2000_18.1.2.LTS/lib/rts2800_ml.lib
       fs_div28.asm.obj                 131    0                  0                 
       fs_add28.asm.obj                 120    0                  0                 
       fs_mpy28.asm.obj                 90     0                  0                 
       boot28.asm.obj                   84     0                  0                 
       exit.c.obj                       41     14                 6                 
       cpy_tbl.c.obj                    36     0                  0                 
       fs_tou28.asm.obj                 29     0                  0                 
       memcpy.c.obj                     29     0                  0                 
       i_tofs28.asm.obj                 26     0                  0                 
       args_main.c.obj                  25     0                  0                 
       _lock.c.obj                      9      10                 4                 
       fs_cmp28.asm.obj                 23     0                  0                 
       ul_tofs28.asm.obj                19     0                  0                 
       u_tofs28.asm.obj                 16     0                  0                 
       pre_init.c.obj                   2      0                  0                 
       startup.c.obj                    1      0                  0                 
    +--+--------------------------------+------+------------------+--------------------+
       Total:                           681    24                 10                
                                                                                    
       Stack:                           0      0                  512               
    +--+--------------------------------+------+------------------+--------------------+
       Grand Total:                     3674   289                1599              


GLOBAL DATA SYMBOLS: SORTED BY DATA PAGE

address     data page           name
--------    ----------------    ----
00000400      10 (00000400)     __stack

00000600      18 (00000600)     _dutyCycle
00000601      18 (00000600)     _CMP_GLOBAL
00000602      18 (00000600)     _myClk
00000604      18 (00000600)     _myAdc
00000606      18 (00000600)     _ControlPtr
00000608      18 (00000600)     _myPwm3
0000060a      18 (00000600)     _myPwm2
0000060c      18 (00000600)     _myTimer0
0000060e      18 (00000600)     _myTimer1
00000610      18 (00000600)     _myGpio
00000612      18 (00000600)     _myPie
00000614      18 (00000600)     _myFlash
00000616      18 (00000600)     _myPwm1
00000618      18 (00000600)     _Control
00000634      18 (00000600)     ___TI_enable_exit_profile_output
00000636      18 (00000600)     ___TI_cleanup_ptr
00000638      18 (00000600)     ___TI_dtors_ptr
0000063a      18 (00000600)     __lock
0000063c      18 (00000600)     __unlock

00000640      19 (00000640)     _cpu

00000880      22 (00000880)     _DevEmuRegs

00000985      26 (00000980)     _SysPwrCtrlRegs

00000a80      2a (00000a80)     _FlashRegs

00000ae0      2b (00000ac0)     _CsmRegs

00000b00      2c (00000b00)     _AdcResult

00000c00      30 (00000c00)     _CpuTimer0Regs
00000c08      30 (00000c00)     _CpuTimer1Regs
00000c10      30 (00000c00)     _CpuTimer2Regs

00000ce0      33 (00000cc0)     _PieCtrlRegs

00000d00      34 (00000d00)     _EmuKey
00000d00      34 (00000d00)     _PieVectTable
00000d01      34 (00000d00)     _EmuBMode
00000d02      34 (00000d00)     _Flash_CallbackPtr
00000d04      34 (00000d00)     _Flash_CPUScaleFactor

00006400     190 (00006400)     _Comp1Regs
00006420     190 (00006400)     _Comp2Regs

00006800     1a0 (00006800)     _EPwm1Regs

00006840     1a1 (00006840)     _EPwm2Regs

00006880     1a2 (00006880)     _EPwm3Regs

000068c0     1a3 (000068c0)     _EPwm4Regs

00006a00     1a8 (00006a00)     _ECap1Regs

00006f80     1be (00006f80)     _GpioCtrlRegs

00006fc0     1bf (00006fc0)     _GpioDataRegs
00006fe0     1bf (00006fc0)     _GpioIntRegs

00007010     1c0 (00007000)     _SysCtrlRegs

00007040     1c1 (00007040)     _SpiaRegs
00007050     1c1 (00007040)     _SciaRegs
00007060     1c1 (00007040)     _NmiIntruptRegs
00007070     1c1 (00007040)     _XIntruptRegs

00007100     1c4 (00007100)     _AdcRegs

00007900     1e4 (00007900)     _I2caRegs

003d7fff    f5ff (003d7fc0)     _PartIdRegs

003f7e1e    fdf8 (003f7e00)     _PIE_tableDebugInit

003f7ff8    fdff (003f7fc0)     _CsmPwl


GLOBAL SYMBOLS: SORTED ALPHABETICALLY BY Name 

page  address   name                             
----  -------   ----                             
abs   ffffffff  .text                            
0     003f7938  C$$EXIT                          
0     003f777d  FS$$ADD                          
0     003f7ab9  FS$$CMP                          
0     003f76f5  FS$$DIV                          
0     003f77f0  FS$$MPY                          
0     003f7778  FS$$SUB                          
0     003f7a35  FS$$TOU                          
0     003f7a6f  I$$TOFS                          
0     003f7bd2  U$$TOFS                          
0     003f7b34  UL$$TOFS                         
0     003f7ce5  _ADCINT1_ISR                     
0     003f7cea  _ADCINT2_ISR                     
0     003f7cef  _ADCINT3_ISR                     
0     003f7cf4  _ADCINT4_ISR                     
0     003f7cf9  _ADCINT5_ISR                     
0     003f7cfe  _ADCINT6_ISR                     
0     003f7d03  _ADCINT7_ISR                     
0     003f7d08  _ADCINT8_ISR                     
0     003f7d0d  _ADCINT9_ISR                     
0     003f7c16  _ADC_enable                      
0     003f7c20  _ADC_enableBandGap               
0     003f7aa2  _ADC_enableInt                   
0     003f7c2a  _ADC_enableRefBuffers            
0     003f7c34  _ADC_init                        
0     003f7c3e  _ADC_powerUp                     
0     003f79d4  _ADC_setIntMode                  
0     003f7b7d  _ADC_setIntPulseGenMode          
0     003f79f6  _ADC_setIntSrc                   
0     003f7b47  _ADC_setSocChanNumber            
0     003f7b59  _ADC_setSocSampleWindow          
0     003f7b6b  _ADC_setSocTrigSrc               
0     003f7b8e  _ADC_setVoltRefSrc               
1     00007100  _AdcRegs                         
1     00000b00  _AdcResult                       
0     003f7cb6  _CLK_disableTbClockSync          
0     003f7cbd  _CLK_enableAdcClock              
0     003f7c5c  _CLK_enablePwmClock              
0     003f7cc4  _CLK_enableTbClockSync           
0     003f7c6e  _CLK_init                        
0     003f7ccb  _CLK_setOscSrc                   
1     00000601  _CMP_GLOBAL                      
0     003f7df1  _CPU_clearIntFlags               
0     003f7df4  _CPU_disableGlobalInts           
0     003f7df7  _CPU_enableDebugInt              
0     003f7dfa  _CPU_enableGlobalInts            
0     003f7de9  _CPU_enableInt                   
0     003f7ded  _CPU_init                        
1     00006400  _Comp1Regs                       
1     00006420  _Comp2Regs                       
1     00000618  _Control                         
1     00000606  _ControlPtr                      
1     00000c00  _CpuTimer0Regs                   
1     00000c08  _CpuTimer1Regs                   
1     00000c10  _CpuTimer2Regs                   
1     003f7ff8  _CsmPwl                          
1     00000ae0  _CsmRegs                         
0     003f7d12  _DATALOG_ISR                     
1     00000880  _DevEmuRegs                      
0     003f7d17  _ECAP1_INT_ISR                   
1     00006a00  _ECap1Regs                       
0     003f7d1c  _EMPTY_ISR                       
0     003f7d21  _EMUINT_ISR                      
0     003f7d26  _EPWM1_INT_ISR                   
0     003f7d2b  _EPWM1_TZINT_ISR                 
0     003f7d30  _EPWM2_INT_ISR                   
0     003f7d35  _EPWM2_TZINT_ISR                 
0     003f7d3a  _EPWM3_INT_ISR                   
0     003f7d3f  _EPWM3_TZINT_ISR                 
0     003f7d44  _EPWM4_INT_ISR                   
0     003f7d49  _EPWM4_TZINT_ISR                 
1     00006800  _EPwm1Regs                       
1     00006840  _EPwm2Regs                       
1     00006880  _EPwm3Regs                       
1     000068c0  _EPwm4Regs                       
1     00000d01  _EmuBMode                        
1     00000d00  _EmuKey                          
0     0000007b  _FLASH_enablePipelineMode        
0     003f7c76  _FLASH_init                      
0     00000081  _FLASH_setActiveWaitCount        
0     00000066  _FLASH_setNumPagedReadWaitStates 
0     0000006d  _FLASH_setNumRandomReadWaitStates
0     00000074  _FLASH_setOtpWaitStates          
0     00000086  _FLASH_setStandbyWaitCount       
0     00000050  _FLASH_setup                     
1     00000a80  _FlashRegs                       
1     00000d04  _Flash_CPUScaleFactor            
1     00000d02  _Flash_CallbackPtr               
0     003f7b9f  _GPIO_getData                    
0     003f7c7e  _GPIO_init                       
0     003f78e6  _GPIO_setDirection               
0     003f7c00  _GPIO_setExtInt                  
0     003f7ae5  _GPIO_setHigh                    
0     003f789e  _GPIO_setMode                    
0     003f790f  _GPIO_setPullUp                  
0     003f7989  _GPIO_setQualification           
0     003f7961  _GPIO_setQualificationPeriod     
0     003f7af9  _GPIO_toggle                     
1     00006f80  _GpioCtrlRegs                    
1     00006fc0  _GpioDataRegs                    
1     00006fe0  _GpioIntRegs                     
0     003f7d4e  _I2CINT1A_ISR                    
0     003f7d53  _I2CINT2A_ISR                    
1     00007900  _I2caRegs                        
0     003f7d58  _ILLEGAL_ISR                     
0     003f7d5d  _INT13_ISR                       
0     003f7d62  _INT14_ISR                       
0     003f7d67  _NMI_ISR                         
1     00007060  _NmiIntruptRegs                  
0     003f7d6c  _PIE_RESERVED                    
0     003f7dfd  _PIE_disable                     
0     003f7bb0  _PIE_disableAllInts              
0     003f7e00  _PIE_enable                      
0     003f7b0d  _PIE_enableAdcInt                
0     003f7a18  _PIE_enableExtInt                
0     003f7c48  _PIE_enableInt                   
0     003f7e03  _PIE_enableTimer0Int             
0     003f7d71  _PIE_illegalIsr                  
0     003f7c52  _PIE_init                        
0     003f7be2  _PIE_registerPieIntHandler       
0     003f7c0b  _PIE_registerSystemIntHandler    
0     003f7bc1  _PIE_setDebugIntVectorTable      
0     003f7bf1  _PIE_setExtIntPolarity           
0     003f7e1e  _PIE_tableDebugInit              
0     003f7e06  _PLL_getClkStatus                
0     003f7e09  _PLL_getLockStatus               
0     003f7c86  _PLL_init                        
0     003f7cd2  _PLL_setDivider                  
0     003f7cd9  _PLL_setMultiplier               
0     003f7ad0  _PLL_setup                       
0     003f7c8e  _PWM_init                        
1     003d7fff  _PartIdRegs                      
1     00000ce0  _PieCtrlRegs                     
1     00000d00  _PieVectTable                    
0     003f7d76  _RTOSINT_ISR                     
abs   0000003b  _RamfuncsLoadSize                
0     003f7000  _RamfuncsLoadStart               
0     00000050  _RamfuncsRunStart                
0     003f7d7b  _SCIRXINTA_ISR                   
0     003f7d80  _SCITXINTA_ISR                   
0     003f7d85  _SPIRXINTA_ISR                   
0     003f7d8a  _SPITXINTA_ISR                   
1     00007050  _SciaRegs                        
1     00007040  _SpiaRegs                        
1     00007010  _SysCtrlRegs                     
1     00000985  _SysPwrCtrlRegs                  
0     003f7e0c  _TIMER_enableInt                 
0     003f7c96  _TIMER_init                      
0     003f7e0f  _TIMER_reload                    
0     003f7cdf  _TIMER_setEmulationMode          
0     003f7e18  _TIMER_setPeriod                 
0     003f7b21  _TIMER_setPreScaler              
0     003f7e12  _TIMER_start                     
0     003f7e15  _TIMER_stop                      
0     003f7d8f  _TINT0_ISR                       
0     003f7d94  _USER10_ISR                      
0     003f7d99  _USER11_ISR                      
0     003f7d9e  _USER12_ISR                      
0     003f7da3  _USER1_ISR                       
0     003f7da8  _USER2_ISR                       
0     003f7dad  _USER3_ISR                       
0     003f7db2  _USER4_ISR                       
0     003f7db7  _USER5_ISR                       
0     003f7dbc  _USER6_ISR                       
0     003f7dc1  _USER7_ISR                       
0     003f7dc6  _USER8_ISR                       
0     003f7dcb  _USER9_ISR                       
0     003f7dd0  _WAKEINT_ISR                     
0     003f7c9e  _WDOG_disable                    
0     003f7ca6  _WDOG_init                       
0     003f7dd5  _XINT1_ISR                       
0     003f7dda  _XINT2_ISR                       
0     003f7ddf  _XINT3_ISR                       
1     00007070  _XIntruptRegs                    
1     00000600  __STACK_END                      
abs   00000200  __STACK_SIZE                     
1     00000636  ___TI_cleanup_ptr                
1     00000638  ___TI_dtors_ptr                  
1     00000634  ___TI_enable_exit_profile_output 
abs   ffffffff  ___TI_pprof_out_hndl             
abs   ffffffff  ___TI_prof_data_size             
abs   ffffffff  ___TI_prof_data_start            
abs   ffffffff  ___binit__                       
abs   ffffffff  ___c_args__                      
0     003f7f1e  ___cinit__                       
abs   ffffffff  ___etext__                       
abs   ffffffff  ___pinit__                       
abs   ffffffff  ___text__                        
0     003f7a89  __args_main                      
1     0000063a  __lock                           
0     003f7c6d  __nop                            
0     003f7c69  __register_lock                  
0     003f7c65  __register_unlock                
1     00000400  __stack                          
0     003f7e1c  __system_post_cinit              
0     003f7e1a  __system_pre_init                
1     0000063c  __unlock                         
0     003f7938  _abort                           
0     003f761c  _adc_isr                         
0     003f784a  _c_int00                         
0     003f79b0  _copy_in                         
1     00000640  _cpu                             
0     003f7617  _cpu_timer1_isr                  
1     00000600  _dutyCycle                       
0     003f793a  _exit                            
0     003f7656  _hall_a_isr                      
0     003f767e  _hall_b_isr                      
0     003f76a6  _hall_c_isr                      
0     003f7513  _initControl                     
0     003f758b  _initHallStates                  
0     003f7410  _initPWM                         
0     003f7069  _main                            
0     003f7a52  _memcpy                          
1     00000604  _myAdc                           
1     00000602  _myClk                           
1     00000614  _myFlash                         
1     00000610  _myGpio                          
1     00000612  _myPie                           
1     00000616  _myPwm1                          
1     0000060a  _myPwm2                          
1     00000608  _myPwm3                          
1     0000060c  _myTimer0                        
1     0000060e  _myTimer1                        
0     003f7de4  _rsvd_ISR                        
0     003f74b8  _setDutyCycle                    
0     003f7555  _updateHall_A                    
0     003f7567  _updateHall_B                    
0     003f7579  _updateHall_C                    
0     003f75ab  _updatePI                        
0     003f74f2  _updatePWMState                  
abs   ffffffff  binit                            
0     003f7f1e  cinit                            
0     003f7ff6  code_start                       
abs   ffffffff  etext                            
abs   ffffffff  pinit                            


GLOBAL SYMBOLS: SORTED BY Symbol Address 

page  address   name                             
----  -------   ----                             
0     00000050  _FLASH_setup                     
0     00000050  _RamfuncsRunStart                
0     00000066  _FLASH_setNumPagedReadWaitStates 
0     0000006d  _FLASH_setNumRandomReadWaitStates
0     00000074  _FLASH_setOtpWaitStates          
0     0000007b  _FLASH_enablePipelineMode        
0     00000081  _FLASH_setActiveWaitCount        
0     00000086  _FLASH_setStandbyWaitCount       
0     003f7000  _RamfuncsLoadStart               
0     003f7069  _main                            
0     003f7410  _initPWM                         
0     003f74b8  _setDutyCycle                    
0     003f74f2  _updatePWMState                  
0     003f7513  _initControl                     
0     003f7555  _updateHall_A                    
0     003f7567  _updateHall_B                    
0     003f7579  _updateHall_C                    
0     003f758b  _initHallStates                  
0     003f75ab  _updatePI                        
0     003f7617  _cpu_timer1_isr                  
0     003f761c  _adc_isr                         
0     003f7656  _hall_a_isr                      
0     003f767e  _hall_b_isr                      
0     003f76a6  _hall_c_isr                      
0     003f76f5  FS$$DIV                          
0     003f7778  FS$$SUB                          
0     003f777d  FS$$ADD                          
0     003f77f0  FS$$MPY                          
0     003f784a  _c_int00                         
0     003f789e  _GPIO_setMode                    
0     003f78e6  _GPIO_setDirection               
0     003f790f  _GPIO_setPullUp                  
0     003f7938  C$$EXIT                          
0     003f7938  _abort                           
0     003f793a  _exit                            
0     003f7961  _GPIO_setQualificationPeriod     
0     003f7989  _GPIO_setQualification           
0     003f79b0  _copy_in                         
0     003f79d4  _ADC_setIntMode                  
0     003f79f6  _ADC_setIntSrc                   
0     003f7a18  _PIE_enableExtInt                
0     003f7a35  FS$$TOU                          
0     003f7a52  _memcpy                          
0     003f7a6f  I$$TOFS                          
0     003f7a89  __args_main                      
0     003f7aa2  _ADC_enableInt                   
0     003f7ab9  FS$$CMP                          
0     003f7ad0  _PLL_setup                       
0     003f7ae5  _GPIO_setHigh                    
0     003f7af9  _GPIO_toggle                     
0     003f7b0d  _PIE_enableAdcInt                
0     003f7b21  _TIMER_setPreScaler              
0     003f7b34  UL$$TOFS                         
0     003f7b47  _ADC_setSocChanNumber            
0     003f7b59  _ADC_setSocSampleWindow          
0     003f7b6b  _ADC_setSocTrigSrc               
0     003f7b7d  _ADC_setIntPulseGenMode          
0     003f7b8e  _ADC_setVoltRefSrc               
0     003f7b9f  _GPIO_getData                    
0     003f7bb0  _PIE_disableAllInts              
0     003f7bc1  _PIE_setDebugIntVectorTable      
0     003f7bd2  U$$TOFS                          
0     003f7be2  _PIE_registerPieIntHandler       
0     003f7bf1  _PIE_setExtIntPolarity           
0     003f7c00  _GPIO_setExtInt                  
0     003f7c0b  _PIE_registerSystemIntHandler    
0     003f7c16  _ADC_enable                      
0     003f7c20  _ADC_enableBandGap               
0     003f7c2a  _ADC_enableRefBuffers            
0     003f7c34  _ADC_init                        
0     003f7c3e  _ADC_powerUp                     
0     003f7c48  _PIE_enableInt                   
0     003f7c52  _PIE_init                        
0     003f7c5c  _CLK_enablePwmClock              
0     003f7c65  __register_unlock                
0     003f7c69  __register_lock                  
0     003f7c6d  __nop                            
0     003f7c6e  _CLK_init                        
0     003f7c76  _FLASH_init                      
0     003f7c7e  _GPIO_init                       
0     003f7c86  _PLL_init                        
0     003f7c8e  _PWM_init                        
0     003f7c96  _TIMER_init                      
0     003f7c9e  _WDOG_disable                    
0     003f7ca6  _WDOG_init                       
0     003f7cb6  _CLK_disableTbClockSync          
0     003f7cbd  _CLK_enableAdcClock              
0     003f7cc4  _CLK_enableTbClockSync           
0     003f7ccb  _CLK_setOscSrc                   
0     003f7cd2  _PLL_setDivider                  
0     003f7cd9  _PLL_setMultiplier               
0     003f7cdf  _TIMER_setEmulationMode          
0     003f7ce5  _ADCINT1_ISR                     
0     003f7cea  _ADCINT2_ISR                     
0     003f7cef  _ADCINT3_ISR                     
0     003f7cf4  _ADCINT4_ISR                     
0     003f7cf9  _ADCINT5_ISR                     
0     003f7cfe  _ADCINT6_ISR                     
0     003f7d03  _ADCINT7_ISR                     
0     003f7d08  _ADCINT8_ISR                     
0     003f7d0d  _ADCINT9_ISR                     
0     003f7d12  _DATALOG_ISR                     
0     003f7d17  _ECAP1_INT_ISR                   
0     003f7d1c  _EMPTY_ISR                       
0     003f7d21  _EMUINT_ISR                      
0     003f7d26  _EPWM1_INT_ISR                   
0     003f7d2b  _EPWM1_TZINT_ISR                 
0     003f7d30  _EPWM2_INT_ISR                   
0     003f7d35  _EPWM2_TZINT_ISR                 
0     003f7d3a  _EPWM3_INT_ISR                   
0     003f7d3f  _EPWM3_TZINT_ISR                 
0     003f7d44  _EPWM4_INT_ISR                   
0     003f7d49  _EPWM4_TZINT_ISR                 
0     003f7d4e  _I2CINT1A_ISR                    
0     003f7d53  _I2CINT2A_ISR                    
0     003f7d58  _ILLEGAL_ISR                     
0     003f7d5d  _INT13_ISR                       
0     003f7d62  _INT14_ISR                       
0     003f7d67  _NMI_ISR                         
0     003f7d6c  _PIE_RESERVED                    
0     003f7d71  _PIE_illegalIsr                  
0     003f7d76  _RTOSINT_ISR                     
0     003f7d7b  _SCIRXINTA_ISR                   
0     003f7d80  _SCITXINTA_ISR                   
0     003f7d85  _SPIRXINTA_ISR                   
0     003f7d8a  _SPITXINTA_ISR                   
0     003f7d8f  _TINT0_ISR                       
0     003f7d94  _USER10_ISR                      
0     003f7d99  _USER11_ISR                      
0     003f7d9e  _USER12_ISR                      
0     003f7da3  _USER1_ISR                       
0     003f7da8  _USER2_ISR                       
0     003f7dad  _USER3_ISR                       
0     003f7db2  _USER4_ISR                       
0     003f7db7  _USER5_ISR                       
0     003f7dbc  _USER6_ISR                       
0     003f7dc1  _USER7_ISR                       
0     003f7dc6  _USER8_ISR                       
0     003f7dcb  _USER9_ISR                       
0     003f7dd0  _WAKEINT_ISR                     
0     003f7dd5  _XINT1_ISR                       
0     003f7dda  _XINT2_ISR                       
0     003f7ddf  _XINT3_ISR                       
0     003f7de4  _rsvd_ISR                        
0     003f7de9  _CPU_enableInt                   
0     003f7ded  _CPU_init                        
0     003f7df1  _CPU_clearIntFlags               
0     003f7df4  _CPU_disableGlobalInts           
0     003f7df7  _CPU_enableDebugInt              
0     003f7dfa  _CPU_enableGlobalInts            
0     003f7dfd  _PIE_disable                     
0     003f7e00  _PIE_enable                      
0     003f7e03  _PIE_enableTimer0Int             
0     003f7e06  _PLL_getClkStatus                
0     003f7e09  _PLL_getLockStatus               
0     003f7e0c  _TIMER_enableInt                 
0     003f7e0f  _TIMER_reload                    
0     003f7e12  _TIMER_start                     
0     003f7e15  _TIMER_stop                      
0     003f7e18  _TIMER_setPeriod                 
0     003f7e1a  __system_pre_init                
0     003f7e1c  __system_post_cinit              
0     003f7e1e  _PIE_tableDebugInit              
0     003f7f1e  ___cinit__                       
0     003f7f1e  cinit                            
0     003f7ff6  code_start                       
1     00000400  __stack                          
1     00000600  __STACK_END                      
1     00000600  _dutyCycle                       
1     00000601  _CMP_GLOBAL                      
1     00000602  _myClk                           
1     00000604  _myAdc                           
1     00000606  _ControlPtr                      
1     00000608  _myPwm3                          
1     0000060a  _myPwm2                          
1     0000060c  _myTimer0                        
1     0000060e  _myTimer1                        
1     00000610  _myGpio                          
1     00000612  _myPie                           
1     00000614  _myFlash                         
1     00000616  _myPwm1                          
1     00000618  _Control                         
1     00000634  ___TI_enable_exit_profile_output 
1     00000636  ___TI_cleanup_ptr                
1     00000638  ___TI_dtors_ptr                  
1     0000063a  __lock                           
1     0000063c  __unlock                         
1     00000640  _cpu                             
1     00000880  _DevEmuRegs                      
1     00000985  _SysPwrCtrlRegs                  
1     00000a80  _FlashRegs                       
1     00000ae0  _CsmRegs                         
1     00000b00  _AdcResult                       
1     00000c00  _CpuTimer0Regs                   
1     00000c08  _CpuTimer1Regs                   
1     00000c10  _CpuTimer2Regs                   
1     00000ce0  _PieCtrlRegs                     
1     00000d00  _EmuKey                          
1     00000d00  _PieVectTable                    
1     00000d01  _EmuBMode                        
1     00000d02  _Flash_CallbackPtr               
1     00000d04  _Flash_CPUScaleFactor            
1     00006400  _Comp1Regs                       
1     00006420  _Comp2Regs                       
1     00006800  _EPwm1Regs                       
1     00006840  _EPwm2Regs                       
1     00006880  _EPwm3Regs                       
1     000068c0  _EPwm4Regs                       
1     00006a00  _ECap1Regs                       
1     00006f80  _GpioCtrlRegs                    
1     00006fc0  _GpioDataRegs                    
1     00006fe0  _GpioIntRegs                     
1     00007010  _SysCtrlRegs                     
1     00007040  _SpiaRegs                        
1     00007050  _SciaRegs                        
1     00007060  _NmiIntruptRegs                  
1     00007070  _XIntruptRegs                    
1     00007100  _AdcRegs                         
1     00007900  _I2caRegs                        
1     003d7fff  _PartIdRegs                      
1     003f7ff8  _CsmPwl                          
abs   0000003b  _RamfuncsLoadSize                
abs   00000200  __STACK_SIZE                     
abs   ffffffff  .text                            
abs   ffffffff  ___TI_pprof_out_hndl             
abs   ffffffff  ___TI_prof_data_size             
abs   ffffffff  ___TI_prof_data_start            
abs   ffffffff  ___binit__                       
abs   ffffffff  ___c_args__                      
abs   ffffffff  ___etext__                       
abs   ffffffff  ___pinit__                       
abs   ffffffff  ___text__                        
abs   ffffffff  binit                            
abs   ffffffff  etext                            
abs   ffffffff  pinit                            

[235 symbols]
