<?xml version="1.0" encoding="ISO-8859-1" ?>
<link_info>
   <banner>TMS320C2000 Linker PC v18.1.2.LTS</banner>
   <copyright>Copyright (c) 1996-2017 Texas Instruments Incorporated</copyright>
   <link_time>0x5bd4d368</link_time>
   <link_errors>0x0</link_errors>
   <output_file>Example_F2802xCpuTimer.out</output_file>
   <entry_point>
      <name>code_start</name>
      <address>0x3f7ff6</address>
   </entry_point>
   <input_file_list>
      <input_file id="fl-2">
         <path>.\</path>
         <kind>object</kind>
         <file>Example_2802xCpuTimer.obj</file>
         <name>Example_2802xCpuTimer.obj</name>
      </input_file>
      <input_file id="fl-3">
         <path>.\</path>
         <kind>object</kind>
         <file>user.obj</file>
         <name>user.obj</name>
      </input_file>
      <input_file id="fl-a">
         <kind>object</kind>
         <file>&lt;internal&gt;</file>
         <name>&lt;internal&gt;</name>
      </input_file>
      <input_file id="fl-b">
         <path>C:\ti\C2000Ware_1_00_04_00_Software\device_support\f2802x\common\ccs\Debug\</path>
         <kind>archive</kind>
         <file>driverlib.lib</file>
         <name>F2802xX_GlobalVariableDefs.obj</name>
      </input_file>
      <input_file id="fl-c">
         <path>C:\ti\C2000Ware_1_00_04_00_Software\device_support\f2802x\common\ccs\Debug\</path>
         <kind>archive</kind>
         <file>driverlib.lib</file>
         <name>adc.obj</name>
      </input_file>
      <input_file id="fl-d">
         <path>C:\ti\C2000Ware_1_00_04_00_Software\device_support\f2802x\common\ccs\Debug\</path>
         <kind>archive</kind>
         <file>driverlib.lib</file>
         <name>clk.obj</name>
      </input_file>
      <input_file id="fl-e">
         <path>C:\ti\C2000Ware_1_00_04_00_Software\device_support\f2802x\common\ccs\Debug\</path>
         <kind>archive</kind>
         <file>driverlib.lib</file>
         <name>cpu.obj</name>
      </input_file>
      <input_file id="fl-f">
         <path>C:\ti\C2000Ware_1_00_04_00_Software\device_support\f2802x\common\ccs\Debug\</path>
         <kind>archive</kind>
         <file>driverlib.lib</file>
         <name>f2802xx_codestartbranch.obj</name>
      </input_file>
      <input_file id="fl-10">
         <path>C:\ti\C2000Ware_1_00_04_00_Software\device_support\f2802x\common\ccs\Debug\</path>
         <kind>archive</kind>
         <file>driverlib.lib</file>
         <name>flash.obj</name>
      </input_file>
      <input_file id="fl-11">
         <path>C:\ti\C2000Ware_1_00_04_00_Software\device_support\f2802x\common\ccs\Debug\</path>
         <kind>archive</kind>
         <file>driverlib.lib</file>
         <name>gpio.obj</name>
      </input_file>
      <input_file id="fl-12">
         <path>C:\ti\C2000Ware_1_00_04_00_Software\device_support\f2802x\common\ccs\Debug\</path>
         <kind>archive</kind>
         <file>driverlib.lib</file>
         <name>pie.obj</name>
      </input_file>
      <input_file id="fl-13">
         <path>C:\ti\C2000Ware_1_00_04_00_Software\device_support\f2802x\common\ccs\Debug\</path>
         <kind>archive</kind>
         <file>driverlib.lib</file>
         <name>pll.obj</name>
      </input_file>
      <input_file id="fl-14">
         <path>C:\ti\C2000Ware_1_00_04_00_Software\device_support\f2802x\common\ccs\Debug\</path>
         <kind>archive</kind>
         <file>driverlib.lib</file>
         <name>pwm.obj</name>
      </input_file>
      <input_file id="fl-15">
         <path>C:\ti\C2000Ware_1_00_04_00_Software\device_support\f2802x\common\ccs\Debug\</path>
         <kind>archive</kind>
         <file>driverlib.lib</file>
         <name>timer.obj</name>
      </input_file>
      <input_file id="fl-16">
         <path>C:\ti\C2000Ware_1_00_04_00_Software\device_support\f2802x\common\ccs\Debug\</path>
         <kind>archive</kind>
         <file>driverlib.lib</file>
         <name>wdog.obj</name>
      </input_file>
      <input_file id="fl-17">
         <path>C:\ti\C2000Ware_1_00_04_00_Software\device_support\f2802x\common\ccs\Debug\</path>
         <kind>archive</kind>
         <file>driverlib.lib</file>
         <name>f2802xx_defaultisr.obj</name>
      </input_file>
      <input_file id="fl-18">
         <path>C:\ti\ccsv8\tools\compiler\ti-cgt-c2000_18.1.2.LTS\lib\</path>
         <kind>archive</kind>
         <file>rts2800_ml.lib</file>
         <name>boot28.asm.obj</name>
      </input_file>
      <input_file id="fl-19">
         <path>C:\ti\ccsv8\tools\compiler\ti-cgt-c2000_18.1.2.LTS\lib\</path>
         <kind>archive</kind>
         <file>rts2800_ml.lib</file>
         <name>fs_div28.asm.obj</name>
      </input_file>
      <input_file id="fl-1a">
         <path>C:\ti\ccsv8\tools\compiler\ti-cgt-c2000_18.1.2.LTS\lib\</path>
         <kind>archive</kind>
         <file>rts2800_ml.lib</file>
         <name>fs_mpy28.asm.obj</name>
      </input_file>
      <input_file id="fl-1b">
         <path>C:\ti\ccsv8\tools\compiler\ti-cgt-c2000_18.1.2.LTS\lib\</path>
         <kind>archive</kind>
         <file>rts2800_ml.lib</file>
         <name>i_tofs28.asm.obj</name>
      </input_file>
      <input_file id="fl-1c">
         <path>C:\ti\ccsv8\tools\compiler\ti-cgt-c2000_18.1.2.LTS\lib\</path>
         <kind>archive</kind>
         <file>rts2800_ml.lib</file>
         <name>u_tofs28.asm.obj</name>
      </input_file>
      <input_file id="fl-1d">
         <path>C:\ti\ccsv8\tools\compiler\ti-cgt-c2000_18.1.2.LTS\lib\</path>
         <kind>archive</kind>
         <file>rts2800_ml.lib</file>
         <name>ul_tofs28.asm.obj</name>
      </input_file>
      <input_file id="fl-1e">
         <path>C:\ti\ccsv8\tools\compiler\ti-cgt-c2000_18.1.2.LTS\lib\</path>
         <kind>archive</kind>
         <file>rts2800_ml.lib</file>
         <name>cpy_tbl.c.obj</name>
      </input_file>
      <input_file id="fl-1f">
         <path>C:\ti\ccsv8\tools\compiler\ti-cgt-c2000_18.1.2.LTS\lib\</path>
         <kind>archive</kind>
         <file>rts2800_ml.lib</file>
         <name>memcpy.c.obj</name>
      </input_file>
      <input_file id="fl-20">
         <path>C:\ti\ccsv8\tools\compiler\ti-cgt-c2000_18.1.2.LTS\lib\</path>
         <kind>archive</kind>
         <file>rts2800_ml.lib</file>
         <name>pre_init.c.obj</name>
      </input_file>
      <input_file id="fl-21">
         <path>C:\ti\ccsv8\tools\compiler\ti-cgt-c2000_18.1.2.LTS\lib\</path>
         <kind>archive</kind>
         <file>rts2800_ml.lib</file>
         <name>startup.c.obj</name>
      </input_file>
      <input_file id="fl-22">
         <path>C:\ti\ccsv8\tools\compiler\ti-cgt-c2000_18.1.2.LTS\lib\</path>
         <kind>archive</kind>
         <file>rts2800_ml.lib</file>
         <name>exit.c.obj</name>
      </input_file>
      <input_file id="fl-23">
         <path>C:\ti\ccsv8\tools\compiler\ti-cgt-c2000_18.1.2.LTS\lib\</path>
         <kind>archive</kind>
         <file>rts2800_ml.lib</file>
         <name>_lock.c.obj</name>
      </input_file>
      <input_file id="fl-24">
         <path>C:\ti\ccsv8\tools\compiler\ti-cgt-c2000_18.1.2.LTS\lib\</path>
         <kind>archive</kind>
         <file>rts2800_ml.lib</file>
         <name>args_main.c.obj</name>
      </input_file>
   </input_file_list>
   <object_component_list>
      <object_component id="oc-65">
         <name>PieVectTableFile</name>
         <uninitialized>true</uninitialized>
         <run_address>0xd00</run_address>
         <size>0x100</size>
         <input_file_ref idref="fl-b"/>
      </object_component>
      <object_component id="oc-45">
         <name>EmuKeyVar</name>
         <uninitialized>true</uninitialized>
         <run_address>0xd00</run_address>
         <size>0x1</size>
         <input_file_ref idref="fl-b"/>
      </object_component>
      <object_component id="oc-47">
         <name>EmuBModeVar</name>
         <uninitialized>true</uninitialized>
         <run_address>0xd01</run_address>
         <size>0x1</size>
         <input_file_ref idref="fl-b"/>
      </object_component>
      <object_component id="oc-49">
         <name>FlashCallbackVar</name>
         <uninitialized>true</uninitialized>
         <run_address>0xd02</run_address>
         <size>0x2</size>
         <input_file_ref idref="fl-b"/>
      </object_component>
      <object_component id="oc-48">
         <name>FlashScalingVar</name>
         <uninitialized>true</uninitialized>
         <run_address>0xd04</run_address>
         <size>0x2</size>
         <input_file_ref idref="fl-b"/>
      </object_component>
      <object_component id="oc-4b">
         <name>DevEmuRegsFile</name>
         <uninitialized>true</uninitialized>
         <run_address>0x880</run_address>
         <size>0x4</size>
         <input_file_ref idref="fl-b"/>
      </object_component>
      <object_component id="oc-4a">
         <name>SysPwrCtrlRegsFile</name>
         <uninitialized>true</uninitialized>
         <run_address>0x985</run_address>
         <size>0x3</size>
         <input_file_ref idref="fl-b"/>
      </object_component>
      <object_component id="oc-4c">
         <name>FlashRegsFile</name>
         <uninitialized>true</uninitialized>
         <run_address>0xa80</run_address>
         <size>0x8</size>
         <input_file_ref idref="fl-b"/>
      </object_component>
      <object_component id="oc-55">
         <name>CsmRegsFile</name>
         <uninitialized>true</uninitialized>
         <run_address>0xae0</run_address>
         <size>0x10</size>
         <input_file_ref idref="fl-b"/>
      </object_component>
      <object_component id="oc-5d">
         <name>AdcResultFile</name>
         <uninitialized>true</uninitialized>
         <run_address>0xb00</run_address>
         <size>0x20</size>
         <input_file_ref idref="fl-b"/>
      </object_component>
      <object_component id="oc-4d">
         <name>CpuTimer0RegsFile</name>
         <uninitialized>true</uninitialized>
         <run_address>0xc00</run_address>
         <size>0x8</size>
         <input_file_ref idref="fl-b"/>
      </object_component>
      <object_component id="oc-4e">
         <name>CpuTimer1RegsFile</name>
         <uninitialized>true</uninitialized>
         <run_address>0xc08</run_address>
         <size>0x8</size>
         <input_file_ref idref="fl-b"/>
      </object_component>
      <object_component id="oc-4f">
         <name>CpuTimer2RegsFile</name>
         <uninitialized>true</uninitialized>
         <run_address>0xc10</run_address>
         <size>0x8</size>
         <input_file_ref idref="fl-b"/>
      </object_component>
      <object_component id="oc-59">
         <name>PieCtrlRegsFile</name>
         <uninitialized>true</uninitialized>
         <run_address>0xce0</run_address>
         <size>0x1a</size>
         <input_file_ref idref="fl-b"/>
      </object_component>
      <object_component id="oc-5c">
         <name>ECap1RegsFile</name>
         <uninitialized>true</uninitialized>
         <run_address>0x6a00</run_address>
         <size>0x20</size>
         <input_file_ref idref="fl-b"/>
      </object_component>
      <object_component id="oc-63">
         <name>GpioCtrlRegsFile</name>
         <uninitialized>true</uninitialized>
         <run_address>0x6f80</run_address>
         <size>0x40</size>
         <input_file_ref idref="fl-b"/>
      </object_component>
      <object_component id="oc-5b">
         <name>GpioDataRegsFile</name>
         <uninitialized>true</uninitialized>
         <run_address>0x6fc0</run_address>
         <size>0x20</size>
         <input_file_ref idref="fl-b"/>
      </object_component>
      <object_component id="oc-51">
         <name>GpioIntRegsFile</name>
         <uninitialized>true</uninitialized>
         <run_address>0x6fe0</run_address>
         <size>0xa</size>
         <input_file_ref idref="fl-b"/>
      </object_component>
      <object_component id="oc-5a">
         <name>SysCtrlRegsFile</name>
         <uninitialized>true</uninitialized>
         <run_address>0x7010</run_address>
         <size>0x1f</size>
         <input_file_ref idref="fl-b"/>
      </object_component>
      <object_component id="oc-52">
         <name>SpiaRegsFile</name>
         <uninitialized>true</uninitialized>
         <run_address>0x7040</run_address>
         <size>0x10</size>
         <input_file_ref idref="fl-b"/>
      </object_component>
      <object_component id="oc-53">
         <name>SciaRegsFile</name>
         <uninitialized>true</uninitialized>
         <run_address>0x7050</run_address>
         <size>0x10</size>
         <input_file_ref idref="fl-b"/>
      </object_component>
      <object_component id="oc-54">
         <name>NmiIntruptRegsFile</name>
         <uninitialized>true</uninitialized>
         <run_address>0x7060</run_address>
         <size>0x10</size>
         <input_file_ref idref="fl-b"/>
      </object_component>
      <object_component id="oc-56">
         <name>XIntruptRegsFile</name>
         <uninitialized>true</uninitialized>
         <run_address>0x7070</run_address>
         <size>0x10</size>
         <input_file_ref idref="fl-b"/>
      </object_component>
      <object_component id="oc-64">
         <name>AdcRegsFile</name>
         <uninitialized>true</uninitialized>
         <run_address>0x7100</run_address>
         <size>0x51</size>
         <input_file_ref idref="fl-b"/>
      </object_component>
      <object_component id="oc-5e">
         <name>I2caRegsFile</name>
         <uninitialized>true</uninitialized>
         <run_address>0x7900</run_address>
         <size>0x22</size>
         <input_file_ref idref="fl-b"/>
      </object_component>
      <object_component id="oc-58">
         <name>Comp1RegsFile</name>
         <uninitialized>true</uninitialized>
         <run_address>0x6400</run_address>
         <size>0x11</size>
         <input_file_ref idref="fl-b"/>
      </object_component>
      <object_component id="oc-57">
         <name>Comp2RegsFile</name>
         <uninitialized>true</uninitialized>
         <run_address>0x6420</run_address>
         <size>0x11</size>
         <input_file_ref idref="fl-b"/>
      </object_component>
      <object_component id="oc-62">
         <name>EPwm1RegsFile</name>
         <uninitialized>true</uninitialized>
         <run_address>0x6800</run_address>
         <size>0x40</size>
         <input_file_ref idref="fl-b"/>
      </object_component>
      <object_component id="oc-60">
         <name>EPwm2RegsFile</name>
         <uninitialized>true</uninitialized>
         <run_address>0x6840</run_address>
         <size>0x40</size>
         <input_file_ref idref="fl-b"/>
      </object_component>
      <object_component id="oc-5f">
         <name>EPwm3RegsFile</name>
         <uninitialized>true</uninitialized>
         <run_address>0x6880</run_address>
         <size>0x40</size>
         <input_file_ref idref="fl-b"/>
      </object_component>
      <object_component id="oc-61">
         <name>EPwm4RegsFile</name>
         <uninitialized>true</uninitialized>
         <run_address>0x68c0</run_address>
         <size>0x40</size>
         <input_file_ref idref="fl-b"/>
      </object_component>
      <object_component id="oc-50">
         <name>CsmPwlFile</name>
         <uninitialized>true</uninitialized>
         <run_address>0x3f7ff8</run_address>
         <size>0x8</size>
         <input_file_ref idref="fl-b"/>
      </object_component>
      <object_component id="oc-46">
         <name>PartIdRegsFile</name>
         <uninitialized>true</uninitialized>
         <run_address>0x3d7fff</run_address>
         <size>0x1</size>
         <input_file_ref idref="fl-b"/>
      </object_component>
      <object_component id="oc-36">
         <name>codestart</name>
         <load_address>0x3f7ff6</load_address>
         <run_address>0x3f7ff6</run_address>
         <size>0x2</size>
         <input_file_ref idref="fl-f"/>
      </object_component>
      <object_component id="oc-141">
         <name>ramfuncs:_FLASH_setup</name>
         <load_address>0x3f7000</load_address>
         <run_address>0x50</run_address>
         <size>0x16</size>
         <input_file_ref idref="fl-10"/>
      </object_component>
      <object_component id="oc-16b">
         <name>ramfuncs:_FLASH_setNumPagedReadWaitStates</name>
         <load_address>0x3f7016</load_address>
         <run_address>0x66</run_address>
         <size>0x7</size>
         <input_file_ref idref="fl-10"/>
      </object_component>
      <object_component id="oc-16c">
         <name>ramfuncs:_FLASH_setNumRandomReadWaitStates</name>
         <load_address>0x3f701d</load_address>
         <run_address>0x6d</run_address>
         <size>0x7</size>
         <input_file_ref idref="fl-10"/>
      </object_component>
      <object_component id="oc-16d">
         <name>ramfuncs:_FLASH_setOtpWaitStates</name>
         <load_address>0x3f7024</load_address>
         <run_address>0x74</run_address>
         <size>0x7</size>
         <input_file_ref idref="fl-10"/>
      </object_component>
      <object_component id="oc-16a">
         <name>ramfuncs:_FLASH_enablePipelineMode</name>
         <load_address>0x3f702b</load_address>
         <run_address>0x7b</run_address>
         <size>0x6</size>
         <input_file_ref idref="fl-10"/>
      </object_component>
      <object_component id="oc-16f">
         <name>ramfuncs:_FLASH_setActiveWaitCount</name>
         <load_address>0x3f7031</load_address>
         <run_address>0x81</run_address>
         <size>0x5</size>
         <input_file_ref idref="fl-10"/>
      </object_component>
      <object_component id="oc-16e">
         <name>ramfuncs:_FLASH_setStandbyWaitCount</name>
         <load_address>0x3f7036</load_address>
         <run_address>0x86</run_address>
         <size>0x5</size>
         <input_file_ref idref="fl-10"/>
      </object_component>
      <object_component id="oc-10d">
         <name>.cinit</name>
         <load_address>0x3f7d9c</load_address>
         <run_address>0x3f7d9c</run_address>
         <size>0xe</size>
         <input_file_ref idref="fl-22"/>
      </object_component>
      <object_component id="oc-38">
         <name>.cinit</name>
         <load_address>0x3f7daa</load_address>
         <run_address>0x3f7daa</run_address>
         <size>0x5</size>
         <input_file_ref idref="fl-2"/>
      </object_component>
      <object_component id="oc-164">
         <name>.cinit:__lock</name>
         <load_address>0x3f7daf</load_address>
         <run_address>0x3f7daf</run_address>
         <size>0x5</size>
         <input_file_ref idref="fl-23"/>
      </object_component>
      <object_component id="oc-171">
         <name>.cinit:__unlock</name>
         <load_address>0x3f7db4</load_address>
         <run_address>0x3f7db4</run_address>
         <size>0x5</size>
         <input_file_ref idref="fl-23"/>
      </object_component>
      <object_component id="oc-11d">
         <name>.text</name>
         <load_address>0x3f703b</load_address>
         <run_address>0x3f703b</run_address>
         <size>0x47c</size>
         <input_file_ref idref="fl-2"/>
      </object_component>
      <object_component id="oc-3a">
         <name>.text:retain</name>
         <load_address>0x3f74b7</load_address>
         <run_address>0x3f74b7</run_address>
         <size>0xf6</size>
         <input_file_ref idref="fl-2"/>
      </object_component>
      <object_component id="oc-df">
         <name>.text</name>
         <load_address>0x3f75ad</load_address>
         <run_address>0x3f75ad</run_address>
         <size>0x83</size>
         <input_file_ref idref="fl-19"/>
      </object_component>
      <object_component id="oc-11f">
         <name>.text</name>
         <load_address>0x3f7630</load_address>
         <run_address>0x3f7630</run_address>
         <size>0x72</size>
         <input_file_ref idref="fl-3"/>
      </object_component>
      <object_component id="oc-e4">
         <name>.text</name>
         <load_address>0x3f76a2</load_address>
         <run_address>0x3f76a2</run_address>
         <size>0x5a</size>
         <input_file_ref idref="fl-1a"/>
      </object_component>
      <object_component id="oc-d8">
         <name>.text</name>
         <load_address>0x3f76fc</load_address>
         <run_address>0x3f76fc</run_address>
         <size>0x54</size>
         <input_file_ref idref="fl-18"/>
      </object_component>
      <object_component id="oc-143">
         <name>.text:_GPIO_setMode</name>
         <load_address>0x3f7750</load_address>
         <run_address>0x3f7750</run_address>
         <size>0x48</size>
         <input_file_ref idref="fl-11"/>
      </object_component>
      <object_component id="oc-144">
         <name>.text:_GPIO_setDirection</name>
         <load_address>0x3f7798</load_address>
         <run_address>0x3f7798</run_address>
         <size>0x29</size>
         <input_file_ref idref="fl-11"/>
      </object_component>
      <object_component id="oc-148">
         <name>.text:_GPIO_setPullUp</name>
         <load_address>0x3f77c1</load_address>
         <run_address>0x3f77c1</run_address>
         <size>0x29</size>
         <input_file_ref idref="fl-11"/>
      </object_component>
      <object_component id="oc-128">
         <name>.text</name>
         <load_address>0x3f77ea</load_address>
         <run_address>0x3f77ea</run_address>
         <size>0x29</size>
         <input_file_ref idref="fl-22"/>
      </object_component>
      <object_component id="oc-146">
         <name>.text:_GPIO_setQualificationPeriod</name>
         <load_address>0x3f7813</load_address>
         <run_address>0x3f7813</run_address>
         <size>0x28</size>
         <input_file_ref idref="fl-11"/>
      </object_component>
      <object_component id="oc-145">
         <name>.text:_GPIO_setQualification</name>
         <load_address>0x3f783b</load_address>
         <run_address>0x3f783b</run_address>
         <size>0x27</size>
         <input_file_ref idref="fl-11"/>
      </object_component>
      <object_component id="oc-125">
         <name>.text</name>
         <load_address>0x3f7862</load_address>
         <run_address>0x3f7862</run_address>
         <size>0x24</size>
         <input_file_ref idref="fl-1e"/>
      </object_component>
      <object_component id="oc-156">
         <name>.text:_ADC_setIntMode</name>
         <load_address>0x3f7886</load_address>
         <run_address>0x3f7886</run_address>
         <size>0x22</size>
         <input_file_ref idref="fl-c"/>
      </object_component>
      <object_component id="oc-157">
         <name>.text:_ADC_setIntSrc</name>
         <load_address>0x3f78a8</load_address>
         <run_address>0x3f78a8</run_address>
         <size>0x22</size>
         <input_file_ref idref="fl-c"/>
      </object_component>
      <object_component id="oc-14a">
         <name>.text:_PIE_enableExtInt</name>
         <load_address>0x3f78ca</load_address>
         <run_address>0x3f78ca</run_address>
         <size>0x1d</size>
         <input_file_ref idref="fl-12"/>
      </object_component>
      <object_component id="oc-140">
         <name>.text</name>
         <load_address>0x3f78e7</load_address>
         <run_address>0x3f78e7</run_address>
         <size>0x1d</size>
         <input_file_ref idref="fl-1f"/>
      </object_component>
      <object_component id="oc-e9">
         <name>.text</name>
         <load_address>0x3f7904</load_address>
         <run_address>0x3f7904</run_address>
         <size>0x1a</size>
         <input_file_ref idref="fl-1b"/>
      </object_component>
      <object_component id="oc-127">
         <name>.text</name>
         <load_address>0x3f791e</load_address>
         <run_address>0x3f791e</run_address>
         <size>0x19</size>
         <input_file_ref idref="fl-24"/>
      </object_component>
      <object_component id="oc-155">
         <name>.text:_ADC_enableInt</name>
         <load_address>0x3f7937</load_address>
         <run_address>0x3f7937</run_address>
         <size>0x17</size>
         <input_file_ref idref="fl-c"/>
      </object_component>
      <object_component id="oc-136">
         <name>.text:_PLL_setup</name>
         <load_address>0x3f794e</load_address>
         <run_address>0x3f794e</run_address>
         <size>0x15</size>
         <input_file_ref idref="fl-13"/>
      </object_component>
      <object_component id="oc-142">
         <name>.text:_GPIO_setHigh</name>
         <load_address>0x3f7963</load_address>
         <run_address>0x3f7963</run_address>
         <size>0x14</size>
         <input_file_ref idref="fl-11"/>
      </object_component>
      <object_component id="oc-120">
         <name>.text:_GPIO_toggle</name>
         <load_address>0x3f7977</load_address>
         <run_address>0x3f7977</run_address>
         <size>0x14</size>
         <input_file_ref idref="fl-11"/>
      </object_component>
      <object_component id="oc-15b">
         <name>.text:_PIE_enableAdcInt</name>
         <load_address>0x3f798b</load_address>
         <run_address>0x3f798b</run_address>
         <size>0x14</size>
         <input_file_ref idref="fl-12"/>
      </object_component>
      <object_component id="oc-14c">
         <name>.text:_TIMER_setPreScaler</name>
         <load_address>0x3f799f</load_address>
         <run_address>0x3f799f</run_address>
         <size>0x13</size>
         <input_file_ref idref="fl-15"/>
      </object_component>
      <object_component id="oc-f3">
         <name>.text</name>
         <load_address>0x3f79b2</load_address>
         <run_address>0x3f79b2</run_address>
         <size>0x13</size>
         <input_file_ref idref="fl-1d"/>
      </object_component>
      <object_component id="oc-158">
         <name>.text:_ADC_setSocChanNumber</name>
         <load_address>0x3f79c5</load_address>
         <run_address>0x3f79c5</run_address>
         <size>0x12</size>
         <input_file_ref idref="fl-c"/>
      </object_component>
      <object_component id="oc-15a">
         <name>.text:_ADC_setSocSampleWindow</name>
         <load_address>0x3f79d7</load_address>
         <run_address>0x3f79d7</run_address>
         <size>0x12</size>
         <input_file_ref idref="fl-c"/>
      </object_component>
      <object_component id="oc-159">
         <name>.text:_ADC_setSocTrigSrc</name>
         <load_address>0x3f79e9</load_address>
         <run_address>0x3f79e9</run_address>
         <size>0x12</size>
         <input_file_ref idref="fl-c"/>
      </object_component>
      <object_component id="oc-154">
         <name>.text:_ADC_setIntPulseGenMode</name>
         <load_address>0x3f79fb</load_address>
         <run_address>0x3f79fb</run_address>
         <size>0x11</size>
         <input_file_ref idref="fl-c"/>
      </object_component>
      <object_component id="oc-153">
         <name>.text:_ADC_setVoltRefSrc</name>
         <load_address>0x3f7a0c</load_address>
         <run_address>0x3f7a0c</run_address>
         <size>0x11</size>
         <input_file_ref idref="fl-c"/>
      </object_component>
      <object_component id="oc-11e">
         <name>.text:_GPIO_getData</name>
         <load_address>0x3f7a1d</load_address>
         <run_address>0x3f7a1d</run_address>
         <size>0x11</size>
         <input_file_ref idref="fl-11"/>
      </object_component>
      <object_component id="oc-138">
         <name>.text:_PIE_disableAllInts</name>
         <load_address>0x3f7a2e</load_address>
         <run_address>0x3f7a2e</run_address>
         <size>0x11</size>
         <input_file_ref idref="fl-12"/>
      </object_component>
      <object_component id="oc-13b">
         <name>.text:_PIE_setDebugIntVectorTable</name>
         <load_address>0x3f7a3f</load_address>
         <run_address>0x3f7a3f</run_address>
         <size>0x11</size>
         <input_file_ref idref="fl-12"/>
      </object_component>
      <object_component id="oc-ee">
         <name>.text</name>
         <load_address>0x3f7a50</load_address>
         <run_address>0x3f7a50</run_address>
         <size>0x10</size>
         <input_file_ref idref="fl-1c"/>
      </object_component>
      <object_component id="oc-13d">
         <name>.text:_PIE_registerPieIntHandler</name>
         <load_address>0x3f7a60</load_address>
         <run_address>0x3f7a60</run_address>
         <size>0xf</size>
         <input_file_ref idref="fl-12"/>
      </object_component>
      <object_component id="oc-149">
         <name>.text:_PIE_setExtIntPolarity</name>
         <load_address>0x3f7a6f</load_address>
         <run_address>0x3f7a6f</run_address>
         <size>0xf</size>
         <input_file_ref idref="fl-12"/>
      </object_component>
      <object_component id="oc-147">
         <name>.text:_GPIO_setExtInt</name>
         <load_address>0x3f7a7e</load_address>
         <run_address>0x3f7a7e</run_address>
         <size>0xb</size>
         <input_file_ref idref="fl-11"/>
      </object_component>
      <object_component id="oc-13e">
         <name>.text:_PIE_registerSystemIntHandler</name>
         <load_address>0x3f7a89</load_address>
         <run_address>0x3f7a89</run_address>
         <size>0xb</size>
         <input_file_ref idref="fl-12"/>
      </object_component>
      <object_component id="oc-152">
         <name>.text:_ADC_enable</name>
         <load_address>0x3f7a94</load_address>
         <run_address>0x3f7a94</run_address>
         <size>0xa</size>
         <input_file_ref idref="fl-c"/>
      </object_component>
      <object_component id="oc-14f">
         <name>.text:_ADC_enableBandGap</name>
         <load_address>0x3f7a9e</load_address>
         <run_address>0x3f7a9e</run_address>
         <size>0xa</size>
         <input_file_ref idref="fl-c"/>
      </object_component>
      <object_component id="oc-150">
         <name>.text:_ADC_enableRefBuffers</name>
         <load_address>0x3f7aa8</load_address>
         <run_address>0x3f7aa8</run_address>
         <size>0xa</size>
         <input_file_ref idref="fl-c"/>
      </object_component>
      <object_component id="oc-129">
         <name>.text:_ADC_init</name>
         <load_address>0x3f7ab2</load_address>
         <run_address>0x3f7ab2</run_address>
         <size>0xa</size>
         <input_file_ref idref="fl-c"/>
      </object_component>
      <object_component id="oc-151">
         <name>.text:_ADC_powerUp</name>
         <load_address>0x3f7abc</load_address>
         <run_address>0x3f7abc</run_address>
         <size>0xa</size>
         <input_file_ref idref="fl-c"/>
      </object_component>
      <object_component id="oc-13f">
         <name>.text:_PIE_enableInt</name>
         <load_address>0x3f7ac6</load_address>
         <run_address>0x3f7ac6</run_address>
         <size>0xa</size>
         <input_file_ref idref="fl-12"/>
      </object_component>
      <object_component id="oc-12e">
         <name>.text:_PIE_init</name>
         <load_address>0x3f7ad0</load_address>
         <run_address>0x3f7ad0</run_address>
         <size>0xa</size>
         <input_file_ref idref="fl-12"/>
      </object_component>
      <object_component id="oc-162">
         <name>.text:_CLK_enablePwmClock</name>
         <load_address>0x3f7ada</load_address>
         <run_address>0x3f7ada</run_address>
         <size>0x9</size>
         <input_file_ref idref="fl-d"/>
      </object_component>
      <object_component id="oc-170">
         <name>.text</name>
         <load_address>0x3f7ae3</load_address>
         <run_address>0x3f7ae3</run_address>
         <size>0x9</size>
         <input_file_ref idref="fl-23"/>
      </object_component>
      <object_component id="oc-12a">
         <name>.text:_CLK_init</name>
         <load_address>0x3f7aec</load_address>
         <run_address>0x3f7aec</run_address>
         <size>0x8</size>
         <input_file_ref idref="fl-d"/>
      </object_component>
      <object_component id="oc-12c">
         <name>.text:_FLASH_init</name>
         <load_address>0x3f7af4</load_address>
         <run_address>0x3f7af4</run_address>
         <size>0x8</size>
         <input_file_ref idref="fl-10"/>
      </object_component>
      <object_component id="oc-12d">
         <name>.text:_GPIO_init</name>
         <load_address>0x3f7afc</load_address>
         <run_address>0x3f7afc</run_address>
         <size>0x8</size>
         <input_file_ref idref="fl-11"/>
      </object_component>
      <object_component id="oc-12f">
         <name>.text:_PLL_init</name>
         <load_address>0x3f7b04</load_address>
         <run_address>0x3f7b04</run_address>
         <size>0x8</size>
         <input_file_ref idref="fl-13"/>
      </object_component>
      <object_component id="oc-132">
         <name>.text:_PWM_init</name>
         <load_address>0x3f7b0c</load_address>
         <run_address>0x3f7b0c</run_address>
         <size>0x8</size>
         <input_file_ref idref="fl-14"/>
      </object_component>
      <object_component id="oc-130">
         <name>.text:_TIMER_init</name>
         <load_address>0x3f7b14</load_address>
         <run_address>0x3f7b14</run_address>
         <size>0x8</size>
         <input_file_ref idref="fl-15"/>
      </object_component>
      <object_component id="oc-133">
         <name>.text:_WDOG_disable</name>
         <load_address>0x3f7b1c</load_address>
         <run_address>0x3f7b1c</run_address>
         <size>0x8</size>
         <input_file_ref idref="fl-16"/>
      </object_component>
      <object_component id="oc-131">
         <name>.text:_WDOG_init</name>
         <load_address>0x3f7b24</load_address>
         <run_address>0x3f7b24</run_address>
         <size>0x8</size>
         <input_file_ref idref="fl-16"/>
      </object_component>
      <object_component id="oc-77">
         <name>.text</name>
         <load_address>0x3f7b2c</load_address>
         <run_address>0x3f7b2c</run_address>
         <size>0x8</size>
         <input_file_ref idref="fl-f"/>
      </object_component>
      <object_component id="oc-160">
         <name>.text:_CLK_disableTbClockSync</name>
         <load_address>0x3f7b34</load_address>
         <run_address>0x3f7b34</run_address>
         <size>0x7</size>
         <input_file_ref idref="fl-d"/>
      </object_component>
      <object_component id="oc-134">
         <name>.text:_CLK_enableAdcClock</name>
         <load_address>0x3f7b3b</load_address>
         <run_address>0x3f7b3b</run_address>
         <size>0x7</size>
         <input_file_ref idref="fl-d"/>
      </object_component>
      <object_component id="oc-161">
         <name>.text:_CLK_enableTbClockSync</name>
         <load_address>0x3f7b42</load_address>
         <run_address>0x3f7b42</run_address>
         <size>0x7</size>
         <input_file_ref idref="fl-d"/>
      </object_component>
      <object_component id="oc-135">
         <name>.text:_CLK_setOscSrc</name>
         <load_address>0x3f7b49</load_address>
         <run_address>0x3f7b49</run_address>
         <size>0x7</size>
         <input_file_ref idref="fl-d"/>
      </object_component>
      <object_component id="oc-166">
         <name>.text:_PLL_setDivider</name>
         <load_address>0x3f7b50</load_address>
         <run_address>0x3f7b50</run_address>
         <size>0x7</size>
         <input_file_ref idref="fl-13"/>
      </object_component>
      <object_component id="oc-167">
         <name>.text:_PLL_setMultiplier</name>
         <load_address>0x3f7b57</load_address>
         <run_address>0x3f7b57</run_address>
         <size>0x6</size>
         <input_file_ref idref="fl-13"/>
      </object_component>
      <object_component id="oc-14d">
         <name>.text:_TIMER_setEmulationMode</name>
         <load_address>0x3f7b5d</load_address>
         <run_address>0x3f7b5d</run_address>
         <size>0x6</size>
         <input_file_ref idref="fl-15"/>
      </object_component>
      <object_component id="oc-b4">
         <name>.text:_ADCINT1_ISR</name>
         <load_address>0x3f7b63</load_address>
         <run_address>0x3f7b63</run_address>
         <size>0x5</size>
         <input_file_ref idref="fl-17"/>
      </object_component>
      <object_component id="oc-b5">
         <name>.text:_ADCINT2_ISR</name>
         <load_address>0x3f7b68</load_address>
         <run_address>0x3f7b68</run_address>
         <size>0x5</size>
         <input_file_ref idref="fl-17"/>
      </object_component>
      <object_component id="oc-ca">
         <name>.text:_ADCINT3_ISR</name>
         <load_address>0x3f7b6d</load_address>
         <run_address>0x3f7b6d</run_address>
         <size>0x5</size>
         <input_file_ref idref="fl-17"/>
      </object_component>
      <object_component id="oc-cb">
         <name>.text:_ADCINT4_ISR</name>
         <load_address>0x3f7b72</load_address>
         <run_address>0x3f7b72</run_address>
         <size>0x5</size>
         <input_file_ref idref="fl-17"/>
      </object_component>
      <object_component id="oc-cc">
         <name>.text:_ADCINT5_ISR</name>
         <load_address>0x3f7b77</load_address>
         <run_address>0x3f7b77</run_address>
         <size>0x5</size>
         <input_file_ref idref="fl-17"/>
      </object_component>
      <object_component id="oc-cd">
         <name>.text:_ADCINT6_ISR</name>
         <load_address>0x3f7b7c</load_address>
         <run_address>0x3f7b7c</run_address>
         <size>0x5</size>
         <input_file_ref idref="fl-17"/>
      </object_component>
      <object_component id="oc-ce">
         <name>.text:_ADCINT7_ISR</name>
         <load_address>0x3f7b81</load_address>
         <run_address>0x3f7b81</run_address>
         <size>0x5</size>
         <input_file_ref idref="fl-17"/>
      </object_component>
      <object_component id="oc-cf">
         <name>.text:_ADCINT8_ISR</name>
         <load_address>0x3f7b86</load_address>
         <run_address>0x3f7b86</run_address>
         <size>0x5</size>
         <input_file_ref idref="fl-17"/>
      </object_component>
      <object_component id="oc-b8">
         <name>.text:_ADCINT9_ISR</name>
         <load_address>0x3f7b8b</load_address>
         <run_address>0x3f7b8b</run_address>
         <size>0x5</size>
         <input_file_ref idref="fl-17"/>
      </object_component>
      <object_component id="oc-a3">
         <name>.text:_DATALOG_ISR</name>
         <load_address>0x3f7b90</load_address>
         <run_address>0x3f7b90</run_address>
         <size>0x5</size>
         <input_file_ref idref="fl-17"/>
      </object_component>
      <object_component id="oc-c3">
         <name>.text:_ECAP1_INT_ISR</name>
         <load_address>0x3f7b95</load_address>
         <run_address>0x3f7b95</run_address>
         <size>0x5</size>
         <input_file_ref idref="fl-17"/>
      </object_component>
      <object_component id="oc-d1">
         <name>.text:_EMPTY_ISR</name>
         <load_address>0x3f7b9a</load_address>
         <run_address>0x3f7b9a</run_address>
         <size>0x5</size>
         <input_file_ref idref="fl-17"/>
      </object_component>
      <object_component id="oc-a5">
         <name>.text:_EMUINT_ISR</name>
         <load_address>0x3f7b9f</load_address>
         <run_address>0x3f7b9f</run_address>
         <size>0x5</size>
         <input_file_ref idref="fl-17"/>
      </object_component>
      <object_component id="oc-bf">
         <name>.text:_EPWM1_INT_ISR</name>
         <load_address>0x3f7ba4</load_address>
         <run_address>0x3f7ba4</run_address>
         <size>0x5</size>
         <input_file_ref idref="fl-17"/>
      </object_component>
      <object_component id="oc-bb">
         <name>.text:_EPWM1_TZINT_ISR</name>
         <load_address>0x3f7ba9</load_address>
         <run_address>0x3f7ba9</run_address>
         <size>0x5</size>
         <input_file_ref idref="fl-17"/>
      </object_component>
      <object_component id="oc-c0">
         <name>.text:_EPWM2_INT_ISR</name>
         <load_address>0x3f7bae</load_address>
         <run_address>0x3f7bae</run_address>
         <size>0x5</size>
         <input_file_ref idref="fl-17"/>
      </object_component>
      <object_component id="oc-bc">
         <name>.text:_EPWM2_TZINT_ISR</name>
         <load_address>0x3f7bb3</load_address>
         <run_address>0x3f7bb3</run_address>
         <size>0x5</size>
         <input_file_ref idref="fl-17"/>
      </object_component>
      <object_component id="oc-c1">
         <name>.text:_EPWM3_INT_ISR</name>
         <load_address>0x3f7bb8</load_address>
         <run_address>0x3f7bb8</run_address>
         <size>0x5</size>
         <input_file_ref idref="fl-17"/>
      </object_component>
      <object_component id="oc-bd">
         <name>.text:_EPWM3_TZINT_ISR</name>
         <load_address>0x3f7bbd</load_address>
         <run_address>0x3f7bbd</run_address>
         <size>0x5</size>
         <input_file_ref idref="fl-17"/>
      </object_component>
      <object_component id="oc-c2">
         <name>.text:_EPWM4_INT_ISR</name>
         <load_address>0x3f7bc2</load_address>
         <run_address>0x3f7bc2</run_address>
         <size>0x5</size>
         <input_file_ref idref="fl-17"/>
      </object_component>
      <object_component id="oc-be">
         <name>.text:_EPWM4_TZINT_ISR</name>
         <load_address>0x3f7bc7</load_address>
         <run_address>0x3f7bc7</run_address>
         <size>0x5</size>
         <input_file_ref idref="fl-17"/>
      </object_component>
      <object_component id="oc-c6">
         <name>.text:_I2CINT1A_ISR</name>
         <load_address>0x3f7bcc</load_address>
         <run_address>0x3f7bcc</run_address>
         <size>0x5</size>
         <input_file_ref idref="fl-17"/>
      </object_component>
      <object_component id="oc-c7">
         <name>.text:_I2CINT2A_ISR</name>
         <load_address>0x3f7bd1</load_address>
         <run_address>0x3f7bd1</run_address>
         <size>0x5</size>
         <input_file_ref idref="fl-17"/>
      </object_component>
      <object_component id="oc-a7">
         <name>.text:_ILLEGAL_ISR</name>
         <load_address>0x3f7bd6</load_address>
         <run_address>0x3f7bd6</run_address>
         <size>0x5</size>
         <input_file_ref idref="fl-17"/>
      </object_component>
      <object_component id="oc-a1">
         <name>.text:_INT13_ISR</name>
         <load_address>0x3f7bdb</load_address>
         <run_address>0x3f7bdb</run_address>
         <size>0x5</size>
         <input_file_ref idref="fl-17"/>
      </object_component>
      <object_component id="oc-a2">
         <name>.text:_INT14_ISR</name>
         <load_address>0x3f7be0</load_address>
         <run_address>0x3f7be0</run_address>
         <size>0x5</size>
         <input_file_ref idref="fl-17"/>
      </object_component>
      <object_component id="oc-a6">
         <name>.text:_NMI_ISR</name>
         <load_address>0x3f7be5</load_address>
         <run_address>0x3f7be5</run_address>
         <size>0x5</size>
         <input_file_ref idref="fl-17"/>
      </object_component>
      <object_component id="oc-d2">
         <name>.text:_PIE_RESERVED</name>
         <load_address>0x3f7bea</load_address>
         <run_address>0x3f7bea</run_address>
         <size>0x5</size>
         <input_file_ref idref="fl-17"/>
      </object_component>
      <object_component id="oc-87">
         <name>.text:_PIE_illegalIsr</name>
         <load_address>0x3f7bef</load_address>
         <run_address>0x3f7bef</run_address>
         <size>0x5</size>
         <input_file_ref idref="fl-12"/>
      </object_component>
      <object_component id="oc-a4">
         <name>.text:_RTOSINT_ISR</name>
         <load_address>0x3f7bf4</load_address>
         <run_address>0x3f7bf4</run_address>
         <size>0x5</size>
         <input_file_ref idref="fl-17"/>
      </object_component>
      <object_component id="oc-c8">
         <name>.text:_SCIRXINTA_ISR</name>
         <load_address>0x3f7bf9</load_address>
         <run_address>0x3f7bf9</run_address>
         <size>0x5</size>
         <input_file_ref idref="fl-17"/>
      </object_component>
      <object_component id="oc-c9">
         <name>.text:_SCITXINTA_ISR</name>
         <load_address>0x3f7bfe</load_address>
         <run_address>0x3f7bfe</run_address>
         <size>0x5</size>
         <input_file_ref idref="fl-17"/>
      </object_component>
      <object_component id="oc-c4">
         <name>.text:_SPIRXINTA_ISR</name>
         <load_address>0x3f7c03</load_address>
         <run_address>0x3f7c03</run_address>
         <size>0x5</size>
         <input_file_ref idref="fl-17"/>
      </object_component>
      <object_component id="oc-c5">
         <name>.text:_SPITXINTA_ISR</name>
         <load_address>0x3f7c08</load_address>
         <run_address>0x3f7c08</run_address>
         <size>0x5</size>
         <input_file_ref idref="fl-17"/>
      </object_component>
      <object_component id="oc-b9">
         <name>.text:_TINT0_ISR</name>
         <load_address>0x3f7c0d</load_address>
         <run_address>0x3f7c0d</run_address>
         <size>0x5</size>
         <input_file_ref idref="fl-17"/>
      </object_component>
      <object_component id="oc-b1">
         <name>.text:_USER10_ISR</name>
         <load_address>0x3f7c12</load_address>
         <run_address>0x3f7c12</run_address>
         <size>0x5</size>
         <input_file_ref idref="fl-17"/>
      </object_component>
      <object_component id="oc-b2">
         <name>.text:_USER11_ISR</name>
         <load_address>0x3f7c17</load_address>
         <run_address>0x3f7c17</run_address>
         <size>0x5</size>
         <input_file_ref idref="fl-17"/>
      </object_component>
      <object_component id="oc-b3">
         <name>.text:_USER12_ISR</name>
         <load_address>0x3f7c1c</load_address>
         <run_address>0x3f7c1c</run_address>
         <size>0x5</size>
         <input_file_ref idref="fl-17"/>
      </object_component>
      <object_component id="oc-a8">
         <name>.text:_USER1_ISR</name>
         <load_address>0x3f7c21</load_address>
         <run_address>0x3f7c21</run_address>
         <size>0x5</size>
         <input_file_ref idref="fl-17"/>
      </object_component>
      <object_component id="oc-a9">
         <name>.text:_USER2_ISR</name>
         <load_address>0x3f7c26</load_address>
         <run_address>0x3f7c26</run_address>
         <size>0x5</size>
         <input_file_ref idref="fl-17"/>
      </object_component>
      <object_component id="oc-aa">
         <name>.text:_USER3_ISR</name>
         <load_address>0x3f7c2b</load_address>
         <run_address>0x3f7c2b</run_address>
         <size>0x5</size>
         <input_file_ref idref="fl-17"/>
      </object_component>
      <object_component id="oc-ab">
         <name>.text:_USER4_ISR</name>
         <load_address>0x3f7c30</load_address>
         <run_address>0x3f7c30</run_address>
         <size>0x5</size>
         <input_file_ref idref="fl-17"/>
      </object_component>
      <object_component id="oc-ac">
         <name>.text:_USER5_ISR</name>
         <load_address>0x3f7c35</load_address>
         <run_address>0x3f7c35</run_address>
         <size>0x5</size>
         <input_file_ref idref="fl-17"/>
      </object_component>
      <object_component id="oc-ad">
         <name>.text:_USER6_ISR</name>
         <load_address>0x3f7c3a</load_address>
         <run_address>0x3f7c3a</run_address>
         <size>0x5</size>
         <input_file_ref idref="fl-17"/>
      </object_component>
      <object_component id="oc-ae">
         <name>.text:_USER7_ISR</name>
         <load_address>0x3f7c3f</load_address>
         <run_address>0x3f7c3f</run_address>
         <size>0x5</size>
         <input_file_ref idref="fl-17"/>
      </object_component>
      <object_component id="oc-af">
         <name>.text:_USER8_ISR</name>
         <load_address>0x3f7c44</load_address>
         <run_address>0x3f7c44</run_address>
         <size>0x5</size>
         <input_file_ref idref="fl-17"/>
      </object_component>
      <object_component id="oc-b0">
         <name>.text:_USER9_ISR</name>
         <load_address>0x3f7c49</load_address>
         <run_address>0x3f7c49</run_address>
         <size>0x5</size>
         <input_file_ref idref="fl-17"/>
      </object_component>
      <object_component id="oc-ba">
         <name>.text:_WAKEINT_ISR</name>
         <load_address>0x3f7c4e</load_address>
         <run_address>0x3f7c4e</run_address>
         <size>0x5</size>
         <input_file_ref idref="fl-17"/>
      </object_component>
      <object_component id="oc-b6">
         <name>.text:_XINT1_ISR</name>
         <load_address>0x3f7c53</load_address>
         <run_address>0x3f7c53</run_address>
         <size>0x5</size>
         <input_file_ref idref="fl-17"/>
      </object_component>
      <object_component id="oc-b7">
         <name>.text:_XINT2_ISR</name>
         <load_address>0x3f7c58</load_address>
         <run_address>0x3f7c58</run_address>
         <size>0x5</size>
         <input_file_ref idref="fl-17"/>
      </object_component>
      <object_component id="oc-d0">
         <name>.text:_XINT3_ISR</name>
         <load_address>0x3f7c5d</load_address>
         <run_address>0x3f7c5d</run_address>
         <size>0x5</size>
         <input_file_ref idref="fl-17"/>
      </object_component>
      <object_component id="oc-d3">
         <name>.text:_rsvd_ISR</name>
         <load_address>0x3f7c62</load_address>
         <run_address>0x3f7c62</run_address>
         <size>0x5</size>
         <input_file_ref idref="fl-17"/>
      </object_component>
      <object_component id="oc-15c">
         <name>.text:_CPU_enableInt</name>
         <load_address>0x3f7c67</load_address>
         <run_address>0x3f7c67</run_address>
         <size>0x4</size>
         <input_file_ref idref="fl-e"/>
      </object_component>
      <object_component id="oc-12b">
         <name>.text:_CPU_init</name>
         <load_address>0x3f7c6b</load_address>
         <run_address>0x3f7c6b</run_address>
         <size>0x4</size>
         <input_file_ref idref="fl-e"/>
      </object_component>
      <object_component id="oc-13a">
         <name>.text:_CPU_clearIntFlags</name>
         <load_address>0x3f7c6f</load_address>
         <run_address>0x3f7c6f</run_address>
         <size>0x3</size>
         <input_file_ref idref="fl-e"/>
      </object_component>
      <object_component id="oc-139">
         <name>.text:_CPU_disableGlobalInts</name>
         <load_address>0x3f7c72</load_address>
         <run_address>0x3f7c72</run_address>
         <size>0x3</size>
         <input_file_ref idref="fl-e"/>
      </object_component>
      <object_component id="oc-15f">
         <name>.text:_CPU_enableDebugInt</name>
         <load_address>0x3f7c75</load_address>
         <run_address>0x3f7c75</run_address>
         <size>0x3</size>
         <input_file_ref idref="fl-e"/>
      </object_component>
      <object_component id="oc-15e">
         <name>.text:_CPU_enableGlobalInts</name>
         <load_address>0x3f7c78</load_address>
         <run_address>0x3f7c78</run_address>
         <size>0x3</size>
         <input_file_ref idref="fl-e"/>
      </object_component>
      <object_component id="oc-137">
         <name>.text:_PIE_disable</name>
         <load_address>0x3f7c7b</load_address>
         <run_address>0x3f7c7b</run_address>
         <size>0x3</size>
         <input_file_ref idref="fl-12"/>
      </object_component>
      <object_component id="oc-13c">
         <name>.text:_PIE_enable</name>
         <load_address>0x3f7c7e</load_address>
         <run_address>0x3f7c7e</run_address>
         <size>0x3</size>
         <input_file_ref idref="fl-12"/>
      </object_component>
      <object_component id="oc-15d">
         <name>.text:_PIE_enableTimer0Int</name>
         <load_address>0x3f7c81</load_address>
         <run_address>0x3f7c81</run_address>
         <size>0x3</size>
         <input_file_ref idref="fl-12"/>
      </object_component>
      <object_component id="oc-165">
         <name>.text:_PLL_getClkStatus</name>
         <load_address>0x3f7c84</load_address>
         <run_address>0x3f7c84</run_address>
         <size>0x3</size>
         <input_file_ref idref="fl-13"/>
      </object_component>
      <object_component id="oc-168">
         <name>.text:_PLL_getLockStatus</name>
         <load_address>0x3f7c87</load_address>
         <run_address>0x3f7c87</run_address>
         <size>0x3</size>
         <input_file_ref idref="fl-13"/>
      </object_component>
      <object_component id="oc-14e">
         <name>.text:_TIMER_enableInt</name>
         <load_address>0x3f7c8a</load_address>
         <run_address>0x3f7c8a</run_address>
         <size>0x3</size>
         <input_file_ref idref="fl-15"/>
      </object_component>
      <object_component id="oc-121">
         <name>.text:_TIMER_reload</name>
         <load_address>0x3f7c8d</load_address>
         <run_address>0x3f7c8d</run_address>
         <size>0x3</size>
         <input_file_ref idref="fl-15"/>
      </object_component>
      <object_component id="oc-122">
         <name>.text:_TIMER_start</name>
         <load_address>0x3f7c90</load_address>
         <run_address>0x3f7c90</run_address>
         <size>0x3</size>
         <input_file_ref idref="fl-15"/>
      </object_component>
      <object_component id="oc-123">
         <name>.text:_TIMER_stop</name>
         <load_address>0x3f7c93</load_address>
         <run_address>0x3f7c93</run_address>
         <size>0x3</size>
         <input_file_ref idref="fl-15"/>
      </object_component>
      <object_component id="oc-14b">
         <name>.text:_TIMER_setPeriod</name>
         <load_address>0x3f7c96</load_address>
         <run_address>0x3f7c96</run_address>
         <size>0x2</size>
         <input_file_ref idref="fl-15"/>
      </object_component>
      <object_component id="oc-124">
         <name>.text</name>
         <load_address>0x3f7c98</load_address>
         <run_address>0x3f7c98</run_address>
         <size>0x2</size>
         <input_file_ref idref="fl-20"/>
      </object_component>
      <object_component id="oc-126">
         <name>.text</name>
         <load_address>0x3f7c9a</load_address>
         <run_address>0x3f7c9a</run_address>
         <size>0x1</size>
         <input_file_ref idref="fl-21"/>
      </object_component>
      <object_component id="oc-d9">
         <name>.stack</name>
         <uninitialized>true</uninitialized>
         <run_address>0x400</run_address>
         <size>0x0</size>
         <input_file_ref idref="fl-18"/>
      </object_component>
      <object_component id="oc-1b0">
         <name>.stack</name>
         <uninitialized>true</uninitialized>
         <run_address>0x400</run_address>
         <size>0x0</size>
      </object_component>
      <object_component id="oc-39">
         <name>.ebss</name>
         <uninitialized>true</uninitialized>
         <run_address>0x600</run_address>
         <size>0x32</size>
         <input_file_ref idref="fl-2"/>
      </object_component>
      <object_component id="oc-10e">
         <name>.ebss</name>
         <uninitialized>true</uninitialized>
         <run_address>0x632</run_address>
         <size>0x6</size>
         <input_file_ref idref="fl-22"/>
      </object_component>
      <object_component id="oc-163">
         <name>.ebss:__lock</name>
         <uninitialized>true</uninitialized>
         <run_address>0x638</run_address>
         <size>0x2</size>
         <input_file_ref idref="fl-23"/>
      </object_component>
      <object_component id="oc-172">
         <name>.ebss:__unlock</name>
         <uninitialized>true</uninitialized>
         <run_address>0x63a</run_address>
         <size>0x2</size>
         <input_file_ref idref="fl-23"/>
      </object_component>
      <object_component id="oc-72">
         <name>.ebss</name>
         <uninitialized>true</uninitialized>
         <run_address>0x63c</run_address>
         <size>0x1</size>
         <input_file_ref idref="fl-e"/>
      </object_component>
      <object_component id="oc-169">
         <name>.econst:_PIE_tableDebugInit</name>
         <load_address>0x3f7c9c</load_address>
         <run_address>0x3f7c9c</run_address>
         <size>0x100</size>
         <input_file_ref idref="fl-12"/>
      </object_component>
      <object_component id="oc-da">
         <name>.reset</name>
         <load_address>0x3fffc0</load_address>
         <run_address>0x3fffc0</run_address>
         <size>0x2</size>
         <input_file_ref idref="fl-18"/>
      </object_component>
      <object_component id="oc-37">
         <name>.debug_info</name>
         <load_address>0x0</load_address>
         <run_address>0x0</run_address>
         <size>0x9918</size>
         <input_file_ref idref="fl-2"/>
      </object_component>
      <object_component id="oc-3f">
         <name>.debug_info</name>
         <load_address>0x9918</load_address>
         <run_address>0x9918</run_address>
         <size>0x812</size>
         <input_file_ref idref="fl-3"/>
      </object_component>
      <object_component id="oc-44">
         <name>.debug_info</name>
         <load_address>0xa12a</load_address>
         <run_address>0xa12a</run_address>
         <size>0xb0d8</size>
         <input_file_ref idref="fl-b"/>
      </object_component>
      <object_component id="oc-67">
         <name>.debug_info</name>
         <load_address>0x15202</load_address>
         <run_address>0x15202</run_address>
         <size>0x296b</size>
         <input_file_ref idref="fl-c"/>
      </object_component>
      <object_component id="oc-6c">
         <name>.debug_info</name>
         <load_address>0x17b6d</load_address>
         <run_address>0x17b6d</run_address>
         <size>0x1014</size>
         <input_file_ref idref="fl-d"/>
      </object_component>
      <object_component id="oc-71">
         <name>.debug_info</name>
         <load_address>0x18b81</load_address>
         <run_address>0x18b81</run_address>
         <size>0xa77</size>
         <input_file_ref idref="fl-e"/>
      </object_component>
      <object_component id="oc-78">
         <name>.debug_info</name>
         <load_address>0x195f8</load_address>
         <run_address>0x195f8</run_address>
         <size>0x1eb</size>
         <input_file_ref idref="fl-f"/>
      </object_component>
      <object_component id="oc-7c">
         <name>.debug_info</name>
         <load_address>0x197e3</load_address>
         <run_address>0x197e3</run_address>
         <size>0x15bb</size>
         <input_file_ref idref="fl-10"/>
      </object_component>
      <object_component id="oc-81">
         <name>.debug_info</name>
         <load_address>0x1ad9e</load_address>
         <run_address>0x1ad9e</run_address>
         <size>0x2275</size>
         <input_file_ref idref="fl-11"/>
      </object_component>
      <object_component id="oc-86">
         <name>.debug_info</name>
         <load_address>0x1d013</load_address>
         <run_address>0x1d013</run_address>
         <size>0x333e</size>
         <input_file_ref idref="fl-12"/>
      </object_component>
      <object_component id="oc-8c">
         <name>.debug_info</name>
         <load_address>0x20351</load_address>
         <run_address>0x20351</run_address>
         <size>0xd6c</size>
         <input_file_ref idref="fl-13"/>
      </object_component>
      <object_component id="oc-91">
         <name>.debug_info</name>
         <load_address>0x210bd</load_address>
         <run_address>0x210bd</run_address>
         <size>0x2511</size>
         <input_file_ref idref="fl-14"/>
      </object_component>
      <object_component id="oc-96">
         <name>.debug_info</name>
         <load_address>0x235ce</load_address>
         <run_address>0x235ce</run_address>
         <size>0xd58</size>
         <input_file_ref idref="fl-15"/>
      </object_component>
      <object_component id="oc-9b">
         <name>.debug_info</name>
         <load_address>0x24326</load_address>
         <run_address>0x24326</run_address>
         <size>0x7a9</size>
         <input_file_ref idref="fl-16"/>
      </object_component>
      <object_component id="oc-a0">
         <name>.debug_info</name>
         <load_address>0x24acf</load_address>
         <run_address>0x24acf</run_address>
         <size>0x2d3e</size>
         <input_file_ref idref="fl-17"/>
      </object_component>
      <object_component id="oc-db">
         <name>.debug_info</name>
         <load_address>0x2780d</load_address>
         <run_address>0x2780d</run_address>
         <size>0x16b</size>
         <input_file_ref idref="fl-18"/>
      </object_component>
      <object_component id="oc-e0">
         <name>.debug_info</name>
         <load_address>0x27978</load_address>
         <run_address>0x27978</run_address>
         <size>0x10c</size>
         <input_file_ref idref="fl-19"/>
      </object_component>
      <object_component id="oc-e5">
         <name>.debug_info</name>
         <load_address>0x27a84</load_address>
         <run_address>0x27a84</run_address>
         <size>0x10c</size>
         <input_file_ref idref="fl-1a"/>
      </object_component>
      <object_component id="oc-ea">
         <name>.debug_info</name>
         <load_address>0x27b90</load_address>
         <run_address>0x27b90</run_address>
         <size>0x116</size>
         <input_file_ref idref="fl-1b"/>
      </object_component>
      <object_component id="oc-ef">
         <name>.debug_info</name>
         <load_address>0x27ca6</load_address>
         <run_address>0x27ca6</run_address>
         <size>0x110</size>
         <input_file_ref idref="fl-1c"/>
      </object_component>
      <object_component id="oc-f4">
         <name>.debug_info</name>
         <load_address>0x27db6</load_address>
         <run_address>0x27db6</run_address>
         <size>0x113</size>
         <input_file_ref idref="fl-1d"/>
      </object_component>
      <object_component id="oc-f8">
         <name>.debug_info</name>
         <load_address>0x27ec9</load_address>
         <run_address>0x27ec9</run_address>
         <size>0x4cd</size>
         <input_file_ref idref="fl-1e"/>
      </object_component>
      <object_component id="oc-fd">
         <name>.debug_info</name>
         <load_address>0x28396</load_address>
         <run_address>0x28396</run_address>
         <size>0x3c8</size>
         <input_file_ref idref="fl-1f"/>
      </object_component>
      <object_component id="oc-102">
         <name>.debug_info</name>
         <load_address>0x2875e</load_address>
         <run_address>0x2875e</run_address>
         <size>0x33b</size>
         <input_file_ref idref="fl-20"/>
      </object_component>
      <object_component id="oc-107">
         <name>.debug_info</name>
         <load_address>0x28a99</load_address>
         <run_address>0x28a99</run_address>
         <size>0x338</size>
         <input_file_ref idref="fl-21"/>
      </object_component>
      <object_component id="oc-10c">
         <name>.debug_info</name>
         <load_address>0x28dd1</load_address>
         <run_address>0x28dd1</run_address>
         <size>0x4d2</size>
         <input_file_ref idref="fl-22"/>
      </object_component>
      <object_component id="oc-113">
         <name>.debug_info</name>
         <load_address>0x292a3</load_address>
         <run_address>0x292a3</run_address>
         <size>0x45a</size>
         <input_file_ref idref="fl-23"/>
      </object_component>
      <object_component id="oc-118">
         <name>.debug_info</name>
         <load_address>0x296fd</load_address>
         <run_address>0x296fd</run_address>
         <size>0x3f5</size>
         <input_file_ref idref="fl-24"/>
      </object_component>
      <object_component id="oc-1b4">
         <name>.debug_info</name>
         <load_address>0x29af2</load_address>
         <run_address>0x29af2</run_address>
         <size>0xbe</size>
      </object_component>
      <object_component id="oc-3b">
         <name>.debug_frame</name>
         <load_address>0x0</load_address>
         <run_address>0x0</run_address>
         <size>0x2b0</size>
         <input_file_ref idref="fl-2"/>
      </object_component>
      <object_component id="oc-40">
         <name>.debug_frame</name>
         <load_address>0x2b0</load_address>
         <run_address>0x2b0</run_address>
         <size>0x90</size>
         <input_file_ref idref="fl-3"/>
      </object_component>
      <object_component id="oc-68">
         <name>.debug_frame</name>
         <load_address>0x538</load_address>
         <run_address>0x538</run_address>
         <size>0x173</size>
         <input_file_ref idref="fl-c"/>
      </object_component>
      <object_component id="oc-6d">
         <name>.debug_frame</name>
         <load_address>0x6ab</load_address>
         <run_address>0x6ab</run_address>
         <size>0xe0</size>
         <input_file_ref idref="fl-d"/>
      </object_component>
      <object_component id="oc-73">
         <name>.debug_frame</name>
         <load_address>0x78b</load_address>
         <run_address>0x78b</run_address>
         <size>0xe0</size>
         <input_file_ref idref="fl-e"/>
      </object_component>
      <object_component id="oc-7d">
         <name>.debug_frame</name>
         <load_address>0x86b</load_address>
         <run_address>0x86b</run_address>
         <size>0x10a</size>
         <input_file_ref idref="fl-10"/>
      </object_component>
      <object_component id="oc-82">
         <name>.debug_frame</name>
         <load_address>0x975</load_address>
         <run_address>0x975</run_address>
         <size>0x134</size>
         <input_file_ref idref="fl-11"/>
      </object_component>
      <object_component id="oc-88">
         <name>.debug_frame</name>
         <load_address>0xaa9</load_address>
         <run_address>0xaa9</run_address>
         <size>0x173</size>
         <input_file_ref idref="fl-12"/>
      </object_component>
      <object_component id="oc-8d">
         <name>.debug_frame</name>
         <load_address>0xc1c</load_address>
         <run_address>0xc1c</run_address>
         <size>0xe0</size>
         <input_file_ref idref="fl-13"/>
      </object_component>
      <object_component id="oc-92">
         <name>.debug_frame</name>
         <load_address>0xcfc</load_address>
         <run_address>0xcfc</run_address>
         <size>0x77</size>
         <input_file_ref idref="fl-14"/>
      </object_component>
      <object_component id="oc-97">
         <name>.debug_frame</name>
         <load_address>0xd73</load_address>
         <run_address>0xd73</run_address>
         <size>0x10a</size>
         <input_file_ref idref="fl-15"/>
      </object_component>
      <object_component id="oc-9c">
         <name>.debug_frame</name>
         <load_address>0xe7d</load_address>
         <run_address>0xe7d</run_address>
         <size>0x8c</size>
         <input_file_ref idref="fl-16"/>
      </object_component>
      <object_component id="oc-d4">
         <name>.debug_frame</name>
         <load_address>0xf09</load_address>
         <run_address>0xf09</run_address>
         <size>0x491</size>
         <input_file_ref idref="fl-17"/>
      </object_component>
      <object_component id="oc-f9">
         <name>.debug_frame</name>
         <load_address>0x340</load_address>
         <run_address>0x340</run_address>
         <size>0x58</size>
         <input_file_ref idref="fl-1e"/>
      </object_component>
      <object_component id="oc-fe">
         <name>.debug_frame</name>
         <load_address>0x398</load_address>
         <run_address>0x398</run_address>
         <size>0x38</size>
         <input_file_ref idref="fl-1f"/>
      </object_component>
      <object_component id="oc-103">
         <name>.debug_frame</name>
         <load_address>0x3d0</load_address>
         <run_address>0x3d0</run_address>
         <size>0x38</size>
         <input_file_ref idref="fl-20"/>
      </object_component>
      <object_component id="oc-108">
         <name>.debug_frame</name>
         <load_address>0x408</load_address>
         <run_address>0x408</run_address>
         <size>0x38</size>
         <input_file_ref idref="fl-21"/>
      </object_component>
      <object_component id="oc-10f">
         <name>.debug_frame</name>
         <load_address>0x440</load_address>
         <run_address>0x440</run_address>
         <size>0x58</size>
         <input_file_ref idref="fl-22"/>
      </object_component>
      <object_component id="oc-114">
         <name>.debug_frame</name>
         <load_address>0x498</load_address>
         <run_address>0x498</run_address>
         <size>0x68</size>
         <input_file_ref idref="fl-23"/>
      </object_component>
      <object_component id="oc-119">
         <name>.debug_frame</name>
         <load_address>0x500</load_address>
         <run_address>0x500</run_address>
         <size>0x38</size>
         <input_file_ref idref="fl-24"/>
      </object_component>
      <object_component id="oc-3c">
         <name>.debug_line</name>
         <load_address>0x0</load_address>
         <run_address>0x0</run_address>
         <size>0x494</size>
         <input_file_ref idref="fl-2"/>
      </object_component>
      <object_component id="oc-41">
         <name>.debug_line</name>
         <load_address>0x494</load_address>
         <run_address>0x494</run_address>
         <size>0xac</size>
         <input_file_ref idref="fl-3"/>
      </object_component>
      <object_component id="oc-69">
         <name>.debug_line</name>
         <load_address>0x540</load_address>
         <run_address>0x540</run_address>
         <size>0x212</size>
         <input_file_ref idref="fl-c"/>
      </object_component>
      <object_component id="oc-6e">
         <name>.debug_line</name>
         <load_address>0x752</load_address>
         <run_address>0x752</run_address>
         <size>0x119</size>
         <input_file_ref idref="fl-d"/>
      </object_component>
      <object_component id="oc-74">
         <name>.debug_line</name>
         <load_address>0x86b</load_address>
         <run_address>0x86b</run_address>
         <size>0xfb</size>
         <input_file_ref idref="fl-e"/>
      </object_component>
      <object_component id="oc-79">
         <name>.debug_line</name>
         <load_address>0x966</load_address>
         <run_address>0x966</run_address>
         <size>0x9d</size>
         <input_file_ref idref="fl-f"/>
      </object_component>
      <object_component id="oc-7e">
         <name>.debug_line</name>
         <load_address>0xa03</load_address>
         <run_address>0xa03</run_address>
         <size>0x15e</size>
         <input_file_ref idref="fl-10"/>
      </object_component>
      <object_component id="oc-83">
         <name>.debug_line</name>
         <load_address>0xb61</load_address>
         <run_address>0xb61</run_address>
         <size>0x239</size>
         <input_file_ref idref="fl-11"/>
      </object_component>
      <object_component id="oc-89">
         <name>.debug_line</name>
         <load_address>0xd9a</load_address>
         <run_address>0xd9a</run_address>
         <size>0x1fe</size>
         <input_file_ref idref="fl-12"/>
      </object_component>
      <object_component id="oc-8e">
         <name>.debug_line</name>
         <load_address>0xf98</load_address>
         <run_address>0xf98</run_address>
         <size>0x123</size>
         <input_file_ref idref="fl-13"/>
      </object_component>
      <object_component id="oc-93">
         <name>.debug_line</name>
         <load_address>0x10bb</load_address>
         <run_address>0x10bb</run_address>
         <size>0x82</size>
         <input_file_ref idref="fl-14"/>
      </object_component>
      <object_component id="oc-98">
         <name>.debug_line</name>
         <load_address>0x113d</load_address>
         <run_address>0x113d</run_address>
         <size>0x148</size>
         <input_file_ref idref="fl-15"/>
      </object_component>
      <object_component id="oc-9d">
         <name>.debug_line</name>
         <load_address>0x1285</load_address>
         <run_address>0x1285</run_address>
         <size>0xa3</size>
         <input_file_ref idref="fl-16"/>
      </object_component>
      <object_component id="oc-d5">
         <name>.debug_line</name>
         <load_address>0x1328</load_address>
         <run_address>0x1328</run_address>
         <size>0x4fb</size>
         <input_file_ref idref="fl-17"/>
      </object_component>
      <object_component id="oc-dc">
         <name>.debug_line</name>
         <load_address>0x1823</load_address>
         <run_address>0x1823</run_address>
         <size>0x7d</size>
         <input_file_ref idref="fl-18"/>
      </object_component>
      <object_component id="oc-e1">
         <name>.debug_line</name>
         <load_address>0x18a0</load_address>
         <run_address>0x18a0</run_address>
         <size>0xab</size>
         <input_file_ref idref="fl-19"/>
      </object_component>
      <object_component id="oc-e6">
         <name>.debug_line</name>
         <load_address>0x194b</load_address>
         <run_address>0x194b</run_address>
         <size>0x8d</size>
         <input_file_ref idref="fl-1a"/>
      </object_component>
      <object_component id="oc-eb">
         <name>.debug_line</name>
         <load_address>0x19d8</load_address>
         <run_address>0x19d8</run_address>
         <size>0x52</size>
         <input_file_ref idref="fl-1b"/>
      </object_component>
      <object_component id="oc-f0">
         <name>.debug_line</name>
         <load_address>0x1a2a</load_address>
         <run_address>0x1a2a</run_address>
         <size>0x49</size>
         <input_file_ref idref="fl-1c"/>
      </object_component>
      <object_component id="oc-f5">
         <name>.debug_line</name>
         <load_address>0x1a73</load_address>
         <run_address>0x1a73</run_address>
         <size>0x4f</size>
         <input_file_ref idref="fl-1d"/>
      </object_component>
      <object_component id="oc-fa">
         <name>.debug_line</name>
         <load_address>0x1ac2</load_address>
         <run_address>0x1ac2</run_address>
         <size>0x50</size>
         <input_file_ref idref="fl-1e"/>
      </object_component>
      <object_component id="oc-ff">
         <name>.debug_line</name>
         <load_address>0x1b12</load_address>
         <run_address>0x1b12</run_address>
         <size>0x62</size>
         <input_file_ref idref="fl-1f"/>
      </object_component>
      <object_component id="oc-104">
         <name>.debug_line</name>
         <load_address>0x1b74</load_address>
         <run_address>0x1b74</run_address>
         <size>0x3e</size>
         <input_file_ref idref="fl-20"/>
      </object_component>
      <object_component id="oc-109">
         <name>.debug_line</name>
         <load_address>0x1bb2</load_address>
         <run_address>0x1bb2</run_address>
         <size>0x3a</size>
         <input_file_ref idref="fl-21"/>
      </object_component>
      <object_component id="oc-110">
         <name>.debug_line</name>
         <load_address>0x1bec</load_address>
         <run_address>0x1bec</run_address>
         <size>0x65</size>
         <input_file_ref idref="fl-22"/>
      </object_component>
      <object_component id="oc-115">
         <name>.debug_line</name>
         <load_address>0x1c51</load_address>
         <run_address>0x1c51</run_address>
         <size>0x5e</size>
         <input_file_ref idref="fl-23"/>
      </object_component>
      <object_component id="oc-11a">
         <name>.debug_line</name>
         <load_address>0x1caf</load_address>
         <run_address>0x1caf</run_address>
         <size>0x55</size>
         <input_file_ref idref="fl-24"/>
      </object_component>
      <object_component id="oc-3d">
         <name>.debug_abbrev</name>
         <load_address>0x0</load_address>
         <run_address>0x0</run_address>
         <size>0x282</size>
         <input_file_ref idref="fl-2"/>
      </object_component>
      <object_component id="oc-42">
         <name>.debug_abbrev</name>
         <load_address>0x282</load_address>
         <run_address>0x282</run_address>
         <size>0xd2</size>
         <input_file_ref idref="fl-3"/>
      </object_component>
      <object_component id="oc-66">
         <name>.debug_abbrev</name>
         <load_address>0x354</load_address>
         <run_address>0x354</run_address>
         <size>0xb7</size>
         <input_file_ref idref="fl-b"/>
      </object_component>
      <object_component id="oc-6a">
         <name>.debug_abbrev</name>
         <load_address>0x40b</load_address>
         <run_address>0x40b</run_address>
         <size>0x191</size>
         <input_file_ref idref="fl-c"/>
      </object_component>
      <object_component id="oc-6f">
         <name>.debug_abbrev</name>
         <load_address>0x59c</load_address>
         <run_address>0x59c</run_address>
         <size>0x174</size>
         <input_file_ref idref="fl-d"/>
      </object_component>
      <object_component id="oc-75">
         <name>.debug_abbrev</name>
         <load_address>0x710</load_address>
         <run_address>0x710</run_address>
         <size>0x11b</size>
         <input_file_ref idref="fl-e"/>
      </object_component>
      <object_component id="oc-7a">
         <name>.debug_abbrev</name>
         <load_address>0x82b</load_address>
         <run_address>0x82b</run_address>
         <size>0x21</size>
         <input_file_ref idref="fl-f"/>
      </object_component>
      <object_component id="oc-7f">
         <name>.debug_abbrev</name>
         <load_address>0x84c</load_address>
         <run_address>0x84c</run_address>
         <size>0x16e</size>
         <input_file_ref idref="fl-10"/>
      </object_component>
      <object_component id="oc-84">
         <name>.debug_abbrev</name>
         <load_address>0x9ba</load_address>
         <run_address>0x9ba</run_address>
         <size>0x16b</size>
         <input_file_ref idref="fl-11"/>
      </object_component>
      <object_component id="oc-8a">
         <name>.debug_abbrev</name>
         <load_address>0xb25</load_address>
         <run_address>0xb25</run_address>
         <size>0x1d9</size>
         <input_file_ref idref="fl-12"/>
      </object_component>
      <object_component id="oc-8f">
         <name>.debug_abbrev</name>
         <load_address>0xcfe</load_address>
         <run_address>0xcfe</run_address>
         <size>0x182</size>
         <input_file_ref idref="fl-13"/>
      </object_component>
      <object_component id="oc-94">
         <name>.debug_abbrev</name>
         <load_address>0xe80</load_address>
         <run_address>0xe80</run_address>
         <size>0x176</size>
         <input_file_ref idref="fl-14"/>
      </object_component>
      <object_component id="oc-99">
         <name>.debug_abbrev</name>
         <load_address>0xff6</load_address>
         <run_address>0xff6</run_address>
         <size>0x11b</size>
         <input_file_ref idref="fl-15"/>
      </object_component>
      <object_component id="oc-9e">
         <name>.debug_abbrev</name>
         <load_address>0x1111</load_address>
         <run_address>0x1111</run_address>
         <size>0x11d</size>
         <input_file_ref idref="fl-16"/>
      </object_component>
      <object_component id="oc-d6">
         <name>.debug_abbrev</name>
         <load_address>0x122e</load_address>
         <run_address>0x122e</run_address>
         <size>0xb6</size>
         <input_file_ref idref="fl-17"/>
      </object_component>
      <object_component id="oc-dd">
         <name>.debug_abbrev</name>
         <load_address>0x12e4</load_address>
         <run_address>0x12e4</run_address>
         <size>0x46</size>
         <input_file_ref idref="fl-18"/>
      </object_component>
      <object_component id="oc-e2">
         <name>.debug_abbrev</name>
         <load_address>0x132a</load_address>
         <run_address>0x132a</run_address>
         <size>0x38</size>
         <input_file_ref idref="fl-19"/>
      </object_component>
      <object_component id="oc-e7">
         <name>.debug_abbrev</name>
         <load_address>0x1362</load_address>
         <run_address>0x1362</run_address>
         <size>0x38</size>
         <input_file_ref idref="fl-1a"/>
      </object_component>
[...]
         <value>0x3f7c67</value>
         <object_component_ref idref="oc-15c"/>
      </symbol>
      <symbol id="sm-1b2">
         <name>code_start</name>
         <value>0x3f7ff6</value>
         <object_component_ref idref="oc-36"/>
      </symbol>
      <symbol id="sm-1cf">
         <name>_FLASH_setActiveWaitCount</name>
         <value>0x81</value>
         <object_component_ref idref="oc-16f"/>
      </symbol>
      <symbol id="sm-1d0">
         <name>_FLASH_enablePipelineMode</name>
         <value>0x7b</value>
         <object_component_ref idref="oc-16a"/>
      </symbol>
      <symbol id="sm-1d1">
         <name>_FLASH_setStandbyWaitCount</name>
         <value>0x86</value>
         <object_component_ref idref="oc-16e"/>
      </symbol>
      <symbol id="sm-1d2">
         <name>_FLASH_setNumPagedReadWaitStates</name>
         <value>0x66</value>
         <object_component_ref idref="oc-16b"/>
      </symbol>
      <symbol id="sm-1d3">
         <name>_FLASH_setOtpWaitStates</name>
         <value>0x74</value>
         <object_component_ref idref="oc-16d"/>
      </symbol>
      <symbol id="sm-1d4">
         <name>_FLASH_init</name>
         <value>0x3f7af4</value>
         <object_component_ref idref="oc-12c"/>
      </symbol>
      <symbol id="sm-1d5">
         <name>_FLASH_setNumRandomReadWaitStates</name>
         <value>0x6d</value>
         <object_component_ref idref="oc-16c"/>
      </symbol>
      <symbol id="sm-1d6">
         <name>_FLASH_setup</name>
         <value>0x50</value>
         <object_component_ref idref="oc-141"/>
      </symbol>
      <symbol id="sm-20c">
         <name>_GPIO_setExtInt</name>
         <value>0x3f7a7e</value>
         <object_component_ref idref="oc-147"/>
      </symbol>
      <symbol id="sm-20d">
         <name>_GPIO_getData</name>
         <value>0x3f7a1d</value>
         <object_component_ref idref="oc-11e"/>
      </symbol>
      <symbol id="sm-20e">
         <name>_GPIO_setQualificationPeriod</name>
         <value>0x3f7813</value>
         <object_component_ref idref="oc-146"/>
      </symbol>
      <symbol id="sm-20f">
         <name>_GPIO_toggle</name>
         <value>0x3f7977</value>
         <object_component_ref idref="oc-120"/>
      </symbol>
      <symbol id="sm-210">
         <name>_GPIO_setQualification</name>
         <value>0x3f783b</value>
         <object_component_ref idref="oc-145"/>
      </symbol>
      <symbol id="sm-211">
         <name>_GPIO_setMode</name>
         <value>0x3f7750</value>
         <object_component_ref idref="oc-143"/>
      </symbol>
      <symbol id="sm-212">
         <name>_GPIO_init</name>
         <value>0x3f7afc</value>
         <object_component_ref idref="oc-12d"/>
      </symbol>
      <symbol id="sm-213">
         <name>_GPIO_setPullUp</name>
         <value>0x3f77c1</value>
         <object_component_ref idref="oc-148"/>
      </symbol>
      <symbol id="sm-214">
         <name>_GPIO_setDirection</name>
         <value>0x3f7798</value>
         <object_component_ref idref="oc-144"/>
      </symbol>
      <symbol id="sm-215">
         <name>_GPIO_setHigh</name>
         <value>0x3f7963</value>
         <object_component_ref idref="oc-142"/>
      </symbol>
      <symbol id="sm-247">
         <name>_PIE_enable</name>
         <value>0x3f7c7e</value>
         <object_component_ref idref="oc-13c"/>
      </symbol>
      <symbol id="sm-248">
         <name>_PIE_enableAdcInt</name>
         <value>0x3f798b</value>
         <object_component_ref idref="oc-15b"/>
      </symbol>
      <symbol id="sm-249">
         <name>_PIE_registerSystemIntHandler</name>
         <value>0x3f7a89</value>
         <object_component_ref idref="oc-13e"/>
      </symbol>
      <symbol id="sm-24a">
         <name>_PIE_setExtIntPolarity</name>
         <value>0x3f7a6f</value>
         <object_component_ref idref="oc-149"/>
      </symbol>
      <symbol id="sm-24b">
         <name>_PIE_disableAllInts</name>
         <value>0x3f7a2e</value>
         <object_component_ref idref="oc-138"/>
      </symbol>
      <symbol id="sm-24c">
         <name>_PIE_disable</name>
         <value>0x3f7c7b</value>
         <object_component_ref idref="oc-137"/>
      </symbol>
      <symbol id="sm-24d">
         <name>_PIE_enableExtInt</name>
         <value>0x3f78ca</value>
         <object_component_ref idref="oc-14a"/>
      </symbol>
      <symbol id="sm-24e">
         <name>_PIE_illegalIsr</name>
         <value>0x3f7bef</value>
         <object_component_ref idref="oc-87"/>
      </symbol>
      <symbol id="sm-24f">
         <name>_PIE_enableTimer0Int</name>
         <value>0x3f7c81</value>
         <object_component_ref idref="oc-15d"/>
      </symbol>
      <symbol id="sm-250">
         <name>_PIE_registerPieIntHandler</name>
         <value>0x3f7a60</value>
         <object_component_ref idref="oc-13d"/>
      </symbol>
      <symbol id="sm-251">
         <name>_PIE_init</name>
         <value>0x3f7ad0</value>
         <object_component_ref idref="oc-12e"/>
      </symbol>
      <symbol id="sm-252">
         <name>_PIE_setDebugIntVectorTable</name>
         <value>0x3f7a3f</value>
         <object_component_ref idref="oc-13b"/>
      </symbol>
      <symbol id="sm-253">
         <name>_PIE_enableInt</name>
         <value>0x3f7ac6</value>
         <object_component_ref idref="oc-13f"/>
      </symbol>
      <symbol id="sm-254">
         <name>_PIE_tableDebugInit</name>
         <value>0x3f7c9c</value>
         <object_component_ref idref="oc-169"/>
      </symbol>
      <symbol id="sm-26f">
         <name>_PLL_getClkStatus</name>
         <value>0x3f7c84</value>
         <object_component_ref idref="oc-165"/>
      </symbol>
      <symbol id="sm-270">
         <name>_PLL_setDivider</name>
         <value>0x3f7b50</value>
         <object_component_ref idref="oc-166"/>
      </symbol>
      <symbol id="sm-271">
         <name>_PLL_init</name>
         <value>0x3f7b04</value>
         <object_component_ref idref="oc-12f"/>
      </symbol>
      <symbol id="sm-272">
         <name>_PLL_getLockStatus</name>
         <value>0x3f7c87</value>
         <object_component_ref idref="oc-168"/>
      </symbol>
      <symbol id="sm-273">
         <name>_PLL_setup</name>
         <value>0x3f794e</value>
         <object_component_ref idref="oc-136"/>
      </symbol>
      <symbol id="sm-274">
         <name>_PLL_setMultiplier</name>
         <value>0x3f7b57</value>
         <object_component_ref idref="oc-167"/>
      </symbol>
      <symbol id="sm-283">
         <name>_PWM_init</name>
         <value>0x3f7b0c</value>
         <object_component_ref idref="oc-132"/>
      </symbol>
      <symbol id="sm-2a0">
         <name>_TIMER_setEmulationMode</name>
         <value>0x3f7b5d</value>
         <object_component_ref idref="oc-14d"/>
      </symbol>
      <symbol id="sm-2a1">
         <name>_TIMER_start</name>
         <value>0x3f7c90</value>
         <object_component_ref idref="oc-122"/>
      </symbol>
      <symbol id="sm-2a2">
         <name>_TIMER_setPreScaler</name>
         <value>0x3f799f</value>
         <object_component_ref idref="oc-14c"/>
      </symbol>
      <symbol id="sm-2a3">
         <name>_TIMER_setPeriod</name>
         <value>0x3f7c96</value>
         <object_component_ref idref="oc-14b"/>
      </symbol>
      <symbol id="sm-2a4">
         <name>_TIMER_init</name>
         <value>0x3f7b14</value>
         <object_component_ref idref="oc-130"/>
      </symbol>
      <symbol id="sm-2a5">
         <name>_TIMER_reload</name>
         <value>0x3f7c8d</value>
         <object_component_ref idref="oc-121"/>
      </symbol>
      <symbol id="sm-2a6">
         <name>_TIMER_enableInt</name>
         <value>0x3f7c8a</value>
         <object_component_ref idref="oc-14e"/>
      </symbol>
      <symbol id="sm-2a7">
         <name>_TIMER_stop</name>
         <value>0x3f7c93</value>
         <object_component_ref idref="oc-123"/>
      </symbol>
      <symbol id="sm-2b8">
         <name>_WDOG_init</name>
         <value>0x3f7b24</value>
         <object_component_ref idref="oc-131"/>
      </symbol>
      <symbol id="sm-2b9">
         <name>_WDOG_disable</name>
         <value>0x3f7b1c</value>
         <object_component_ref idref="oc-133"/>
      </symbol>
      <symbol id="sm-35c">
         <name>_ILLEGAL_ISR</name>
         <value>0x3f7bd6</value>
         <object_component_ref idref="oc-a7"/>
      </symbol>
      <symbol id="sm-35d">
         <name>_ADCINT4_ISR</name>
         <value>0x3f7b72</value>
         <object_component_ref idref="oc-cb"/>
      </symbol>
      <symbol id="sm-35e">
         <name>_DATALOG_ISR</name>
         <value>0x3f7b90</value>
         <object_component_ref idref="oc-a3"/>
      </symbol>
      <symbol id="sm-35f">
         <name>_SPITXINTA_ISR</name>
         <value>0x3f7c08</value>
         <object_component_ref idref="oc-c5"/>
      </symbol>
      <symbol id="sm-360">
         <name>_SPIRXINTA_ISR</name>
         <value>0x3f7c03</value>
         <object_component_ref idref="oc-c4"/>
      </symbol>
      <symbol id="sm-361">
         <name>_INT13_ISR</name>
         <value>0x3f7bdb</value>
         <object_component_ref idref="oc-a1"/>
      </symbol>
      <symbol id="sm-362">
         <name>_ADCINT5_ISR</name>
         <value>0x3f7b77</value>
         <object_component_ref idref="oc-cc"/>
      </symbol>
      <symbol id="sm-363">
         <name>_EPWM4_INT_ISR</name>
         <value>0x3f7bc2</value>
         <object_component_ref idref="oc-c2"/>
      </symbol>
      <symbol id="sm-364">
         <name>_USER5_ISR</name>
         <value>0x3f7c35</value>
         <object_component_ref idref="oc-ac"/>
      </symbol>
      <symbol id="sm-365">
         <name>_EMPTY_ISR</name>
         <value>0x3f7b9a</value>
         <object_component_ref idref="oc-d1"/>
      </symbol>
      <symbol id="sm-366">
         <name>_EPWM4_TZINT_ISR</name>
         <value>0x3f7bc7</value>
         <object_component_ref idref="oc-be"/>
      </symbol>
      <symbol id="sm-367">
         <name>_EMUINT_ISR</name>
         <value>0x3f7b9f</value>
         <object_component_ref idref="oc-a5"/>
      </symbol>
      <symbol id="sm-368">
         <name>_ECAP1_INT_ISR</name>
         <value>0x3f7b95</value>
         <object_component_ref idref="oc-c3"/>
      </symbol>
      <symbol id="sm-369">
         <name>_EPWM1_TZINT_ISR</name>
         <value>0x3f7ba9</value>
         <object_component_ref idref="oc-bb"/>
      </symbol>
      <symbol id="sm-36a">
         <name>_ADCINT6_ISR</name>
         <value>0x3f7b7c</value>
         <object_component_ref idref="oc-cd"/>
      </symbol>
      <symbol id="sm-36b">
         <name>_ADCINT8_ISR</name>
         <value>0x3f7b86</value>
         <object_component_ref idref="oc-cf"/>
      </symbol>
      <symbol id="sm-36c">
         <name>_USER11_ISR</name>
         <value>0x3f7c17</value>
         <object_component_ref idref="oc-b2"/>
      </symbol>
      <symbol id="sm-36d">
         <name>_EPWM3_TZINT_ISR</name>
         <value>0x3f7bbd</value>
         <object_component_ref idref="oc-bd"/>
      </symbol>
      <symbol id="sm-36e">
         <name>_USER4_ISR</name>
         <value>0x3f7c30</value>
         <object_component_ref idref="oc-ab"/>
      </symbol>
      <symbol id="sm-36f">
         <name>_EPWM2_TZINT_ISR</name>
         <value>0x3f7bb3</value>
         <object_component_ref idref="oc-bc"/>
      </symbol>
      <symbol id="sm-370">
         <name>_EPWM2_INT_ISR</name>
         <value>0x3f7bae</value>
         <object_component_ref idref="oc-c0"/>
      </symbol>
      <symbol id="sm-371">
         <name>_TINT0_ISR</name>
         <value>0x3f7c0d</value>
         <object_component_ref idref="oc-b9"/>
      </symbol>
      <symbol id="sm-372">
         <name>_WAKEINT_ISR</name>
         <value>0x3f7c4e</value>
         <object_component_ref idref="oc-ba"/>
      </symbol>
      <symbol id="sm-373">
         <name>_ADCINT7_ISR</name>
         <value>0x3f7b81</value>
         <object_component_ref idref="oc-ce"/>
      </symbol>
      <symbol id="sm-374">
         <name>_ADCINT9_ISR</name>
         <value>0x3f7b8b</value>
         <object_component_ref idref="oc-b8"/>
      </symbol>
      <symbol id="sm-375">
         <name>_USER10_ISR</name>
         <value>0x3f7c12</value>
         <object_component_ref idref="oc-b1"/>
      </symbol>
      <symbol id="sm-376">
         <name>_USER7_ISR</name>
         <value>0x3f7c3f</value>
         <object_component_ref idref="oc-ae"/>
      </symbol>
      <symbol id="sm-377">
         <name>_XINT1_ISR</name>
         <value>0x3f7c53</value>
         <object_component_ref idref="oc-b6"/>
      </symbol>
      <symbol id="sm-378">
         <name>_INT14_ISR</name>
         <value>0x3f7be0</value>
         <object_component_ref idref="oc-a2"/>
      </symbol>
      <symbol id="sm-379">
         <name>_USER6_ISR</name>
         <value>0x3f7c3a</value>
         <object_component_ref idref="oc-ad"/>
      </symbol>
      <symbol id="sm-37a">
         <name>_ADCINT1_ISR</name>
         <value>0x3f7b63</value>
         <object_component_ref idref="oc-b4"/>
      </symbol>
      <symbol id="sm-37b">
         <name>_USER12_ISR</name>
         <value>0x3f7c1c</value>
         <object_component_ref idref="oc-b3"/>
      </symbol>
      <symbol id="sm-37c">
         <name>_USER1_ISR</name>
         <value>0x3f7c21</value>
         <object_component_ref idref="oc-a8"/>
      </symbol>
      <symbol id="sm-37d">
         <name>_XINT3_ISR</name>
         <value>0x3f7c5d</value>
         <object_component_ref idref="oc-d0"/>
      </symbol>
      <symbol id="sm-37e">
         <name>_NMI_ISR</name>
         <value>0x3f7be5</value>
         <object_component_ref idref="oc-a6"/>
      </symbol>
      <symbol id="sm-37f">
         <name>_ADCINT2_ISR</name>
         <value>0x3f7b68</value>
         <object_component_ref idref="oc-b5"/>
      </symbol>
      <symbol id="sm-380">
         <name>_PIE_RESERVED</name>
         <value>0x3f7bea</value>
         <object_component_ref idref="oc-d2"/>
      </symbol>
      <symbol id="sm-381">
         <name>_I2CINT1A_ISR</name>
         <value>0x3f7bcc</value>
         <object_component_ref idref="oc-c6"/>
      </symbol>
      <symbol id="sm-382">
         <name>_XINT2_ISR</name>
         <value>0x3f7c58</value>
         <object_component_ref idref="oc-b7"/>
      </symbol>
      <symbol id="sm-383">
         <name>_I2CINT2A_ISR</name>
         <value>0x3f7bd1</value>
         <object_component_ref idref="oc-c7"/>
      </symbol>
      <symbol id="sm-384">
         <name>_RTOSINT_ISR</name>
         <value>0x3f7bf4</value>
         <object_component_ref idref="oc-a4"/>
      </symbol>
      <symbol id="sm-385">
         <name>_EPWM3_INT_ISR</name>
         <value>0x3f7bb8</value>
         <object_component_ref idref="oc-c1"/>
      </symbol>
      <symbol id="sm-386">
         <name>_ADCINT3_ISR</name>
         <value>0x3f7b6d</value>
         <object_component_ref idref="oc-ca"/>
      </symbol>
      <symbol id="sm-387">
         <name>_USER9_ISR</name>
         <value>0x3f7c49</value>
         <object_component_ref idref="oc-b0"/>
      </symbol>
      <symbol id="sm-388">
         <name>_USER3_ISR</name>
         <value>0x3f7c2b</value>
         <object_component_ref idref="oc-aa"/>
      </symbol>
      <symbol id="sm-389">
         <name>_USER8_ISR</name>
         <value>0x3f7c44</value>
         <object_component_ref idref="oc-af"/>
      </symbol>
      <symbol id="sm-38a">
         <name>_EPWM1_INT_ISR</name>
         <value>0x3f7ba4</value>
         <object_component_ref idref="oc-bf"/>
      </symbol>
      <symbol id="sm-38b">
         <name>_USER2_ISR</name>
         <value>0x3f7c26</value>
         <object_component_ref idref="oc-a9"/>
      </symbol>
      <symbol id="sm-38c">
         <name>_SCITXINTA_ISR</name>
         <value>0x3f7bfe</value>
         <object_component_ref idref="oc-c9"/>
      </symbol>
      <symbol id="sm-38d">
         <name>_SCIRXINTA_ISR</name>
         <value>0x3f7bf9</value>
         <object_component_ref idref="oc-c8"/>
      </symbol>
      <symbol id="sm-38e">
         <name>_rsvd_ISR</name>
         <value>0x3f7c62</value>
         <object_component_ref idref="oc-d3"/>
      </symbol>
      <symbol id="sm-3a9">
         <name>_c_int00</name>
         <value>0x3f76fc</value>
         <object_component_ref idref="oc-d8"/>
      </symbol>
      <symbol id="sm-3aa">
         <name>__stack</name>
         <value>0x400</value>
         <object_component_ref idref="oc-d9"/>
      </symbol>
      <symbol id="sm-3bb">
         <name>FS$$DIV</name>
         <value>0x3f75ad</value>
         <object_component_ref idref="oc-df"/>
      </symbol>
      <symbol id="sm-3cc">
         <name>FS$$MPY</name>
         <value>0x3f76a2</value>
         <object_component_ref idref="oc-e4"/>
      </symbol>
      <symbol id="sm-3db">
         <name>I$$TOFS</name>
         <value>0x3f7904</value>
         <object_component_ref idref="oc-e9"/>
      </symbol>
      <symbol id="sm-3e9">
         <name>U$$TOFS</name>
         <value>0x3f7a50</value>
         <object_component_ref idref="oc-ee"/>
      </symbol>
      <symbol id="sm-3f9">
         <name>UL$$TOFS</name>
         <value>0x3f79b2</value>
         <object_component_ref idref="oc-f3"/>
      </symbol>
      <symbol id="sm-408">
         <name>_copy_in</name>
         <value>0x3f7862</value>
         <object_component_ref idref="oc-125"/>
      </symbol>
      <symbol id="sm-419">
         <name>_memcpy</name>
         <value>0x3f78e7</value>
         <object_component_ref idref="oc-140"/>
      </symbol>
      <symbol id="sm-425">
         <name>__system_pre_init</name>
         <value>0x3f7c98</value>
         <object_component_ref idref="oc-124"/>
      </symbol>
      <symbol id="sm-432">
         <name>__system_post_cinit</name>
         <value>0x3f7c9a</value>
         <object_component_ref idref="oc-126"/>
      </symbol>
      <symbol id="sm-446">
         <name>C$$EXIT</name>
         <value>0x3f77ea</value>
         <object_component_ref idref="oc-128"/>
      </symbol>
      <symbol id="sm-447">
         <name>_exit</name>
         <value>0x3f77ec</value>
         <object_component_ref idref="oc-128"/>
      </symbol>
      <symbol id="sm-448">
         <name>___TI_cleanup_ptr</name>
         <value>0x634</value>
         <object_component_ref idref="oc-10e"/>
      </symbol>
      <symbol id="sm-449">
         <name>___TI_enable_exit_profile_output</name>
         <value>0x632</value>
         <object_component_ref idref="oc-10e"/>
      </symbol>
      <symbol id="sm-44a">
         <name>_abort</name>
         <value>0x3f77ea</value>
         <object_component_ref idref="oc-128"/>
      </symbol>
      <symbol id="sm-44b">
         <name>___TI_dtors_ptr</name>
         <value>0x636</value>
         <object_component_ref idref="oc-10e"/>
      </symbol>
      <symbol id="sm-45f">
         <name>__unlock</name>
         <value>0x63a</value>
         <object_component_ref idref="oc-172"/>
      </symbol>
      <symbol id="sm-460">
         <name>__lock</name>
         <value>0x638</value>
         <object_component_ref idref="oc-163"/>
      </symbol>
      <symbol id="sm-461">
         <name>__register_lock</name>
         <value>0x3f7ae7</value>
         <object_component_ref idref="oc-170"/>
      </symbol>
      <symbol id="sm-462">
         <name>__nop</name>
         <value>0x3f7aeb</value>
         <object_component_ref idref="oc-170"/>
      </symbol>
      <symbol id="sm-463">
         <name>__register_unlock</name>
         <value>0x3f7ae3</value>
         <object_component_ref idref="oc-170"/>
      </symbol>
      <symbol id="sm-472">
         <name>__args_main</name>
         <value>0x3f791e</value>
         <object_component_ref idref="oc-127"/>
      </symbol>
   </symbol_table>
   <title>Link successful</title>
</link_info>
