******************************************************************************
             TMS320C2000 Linker PC v18.1.2                     
******************************************************************************
>> Linked Wed Sep  4 20:38:18 2019

OUTPUT FILE NAME:   <Example_F2802xCpuTimer.out>
ENTRY POINT SYMBOL: "code_start"  address: 003f7ff6


MEMORY CONFIGURATION

         name            origin    length      used     unused   attr    fill
----------------------  --------  ---------  --------  --------  ----  --------
PAGE 0:
  RAMM0                 00000050   000003b0  0000003b  00000375  RWIX
  OTP                   003d7800   00000400  00000000  00000400  RWIX
  FLASHB                003f6000   00001000  00000d8b  00000275  RWIX
  FLASHA                003f7000   00000f80  00000f80  00000000  RWIX
  CSM_RSVD              003f7f80   00000076  00000000  00000076  RWIX
  BEGIN                 003f7ff6   00000002  00000002  00000000  RWIX
  CSM_PWL_P0            003f7ff8   00000008  00000000  00000008  RWIX
  IQTABLES              003fe000   00000b50  00000000  00000b50  RWIX
  IQTABLES2             003feb50   0000008c  00000000  0000008c  RWIX
  IQTABLES3             003febdc   000000aa  00000000  000000aa  RWIX
  ROM                   003ff27c   00000d44  00000000  00000d44  RWIX
  RESET                 003fffc0   00000002  00000000  00000002  RWIX
  VECTORS               003fffc2   0000003e  00000000  0000003e  RWIX

PAGE 1:
  BOOT_RSVD             00000000   00000050  00000000  00000050  RWIX
  RAMM1                 00000400   00000400  000002fb  00000105  RWIX
  DEV_EMU               00000880   00000105  00000004  00000101  RWIX
  SYS_PWR_CTL           00000985   00000003  00000003  00000000  RWIX
  FLASH_REGS            00000a80   00000060  00000008  00000058  RWIX
  CSM                   00000ae0   00000010  00000010  00000000  RWIX
  ADC_RESULT            00000b00   00000020  00000020  00000000  RWIX
  CPU_TIMER0            00000c00   00000008  00000008  00000000  RWIX
  CPU_TIMER1            00000c08   00000008  00000008  00000000  RWIX
  CPU_TIMER2            00000c10   00000008  00000008  00000000  RWIX
  PIE_CTRL              00000ce0   00000020  0000001a  00000006  RWIX
  PIE_VECT              00000d00   00000100  00000100  00000000  RWIX
  COMP1                 00006400   00000020  00000011  0000000f  RWIX
  COMP2                 00006420   00000020  00000011  0000000f  RWIX
  EPWM1                 00006800   00000040  00000040  00000000  RWIX
  EPWM2                 00006840   00000040  00000040  00000000  RWIX
  EPWM3                 00006880   00000040  00000040  00000000  RWIX
  EPWM4                 000068c0   00000040  00000040  00000000  RWIX
  ECAP1                 00006a00   00000020  00000020  00000000  RWIX
  GPIOCTRL              00006f80   00000040  00000040  00000000  RWIX
  GPIODAT               00006fc0   00000020  00000020  00000000  RWIX
  GPIOINT               00006fe0   00000020  0000000a  00000016  RWIX
  SYSTEM                00007010   00000020  0000001f  00000001  RWIX
  SPIA                  00007040   00000010  00000010  00000000  RWIX
  SCIA                  00007050   00000010  00000010  00000000  RWIX
  NMIINTRUPT            00007060   00000010  00000010  00000000  RWIX
  XINTRUPT              00007070   00000010  00000010  00000000  RWIX
  ADC                   00007100   00000080  00000051  0000002f  RWIX
  I2CA                  00007900   00000040  00000022  0000001e  RWIX
  RAML0                 00008000   00000400  00000000  00000400  RWIX
  PARTID                003d7fff   00000001  00000001  00000000  RWIX
  CSM_PWL               003f7ff8   00000008  00000008  00000000  RWIX


SECTION ALLOCATION MAP

 output                                  attributes/
section   page    origin      length       input sections
--------  ----  ----------  ----------   ----------------
.econst    0    003f6c1a    0000014a     
                  003f6c1a    00000100     driverlib.lib : pie.obj (.econst:_PIE_tableDebugInit)
                  003f6d1a    0000001c     main.obj (.econst:.string)
                  003f6d36    00000014     printf.obj (.econst:.string)
                  003f6d4a    00000014     printf.obj (.econst:_pow10$1)
                  003f6d5e    00000006     user.obj (.econst:_$P$T0$1)

.cinit     0    003f6d64    00000027     
                  003f6d64    0000000e     rts2800_ml.lib : exit.c.obj (.cinit)
                  003f6d72    0000000d     main.obj (.cinit)
                  003f6d7f    00000005     rts2800_ml.lib : _lock.c.obj (.cinit:__lock)
                  003f6d84    00000005                    : _lock.c.obj (.cinit:__unlock)
                  003f6d89    00000002     --HOLE-- [fill = 0]

ramfuncs   0    003f7000    0000003b     RUN ADDR = 00000050
                  003f7000    00000016     driverlib.lib : flash.obj (ramfuncs:_FLASH_setup)
                  003f7016    00000007                   : flash.obj (ramfuncs:_FLASH_setNumPagedReadWaitStates)
                  003f701d    00000007                   : flash.obj (ramfuncs:_FLASH_setNumRandomReadWaitStates)
                  003f7024    00000007                   : flash.obj (ramfuncs:_FLASH_setOtpWaitStates)
                  003f702b    00000006                   : flash.obj (ramfuncs:_FLASH_enablePipelineMode)
                  003f7031    00000005                   : flash.obj (ramfuncs:_FLASH_setActiveWaitCount)
                  003f7036    00000005                   : flash.obj (ramfuncs:_FLASH_setStandbyWaitCount)

codestart 
*          0    003f7ff6    00000002     
                  003f7ff6    00000002     driverlib.lib : f2802xx_codestartbranch.obj (codestart)

DevEmuRegsFile 
*          1    00000880    00000004     UNINITIALIZED
                  00000880    00000004     driverlib.lib : F2802xX_GlobalVariableDefs.obj (DevEmuRegsFile)

SysPwrCtrlRegsFile 
*          1    00000985    00000003     UNINITIALIZED
                  00000985    00000003     driverlib.lib : F2802xX_GlobalVariableDefs.obj (SysPwrCtrlRegsFile)

FlashRegsFile 
*          1    00000a80    00000008     UNINITIALIZED
                  00000a80    00000008     driverlib.lib : F2802xX_GlobalVariableDefs.obj (FlashRegsFile)

CsmRegsFile 
*          1    00000ae0    00000010     UNINITIALIZED
                  00000ae0    00000010     driverlib.lib : F2802xX_GlobalVariableDefs.obj (CsmRegsFile)

AdcResultFile 
*          1    00000b00    00000020     UNINITIALIZED
                  00000b00    00000020     driverlib.lib : F2802xX_GlobalVariableDefs.obj (AdcResultFile)

CpuTimer0RegsFile 
*          1    00000c00    00000008     UNINITIALIZED
                  00000c00    00000008     driverlib.lib : F2802xX_GlobalVariableDefs.obj (CpuTimer0RegsFile)

CpuTimer1RegsFile 
*          1    00000c08    00000008     UNINITIALIZED
                  00000c08    00000008     driverlib.lib : F2802xX_GlobalVariableDefs.obj (CpuTimer1RegsFile)

CpuTimer2RegsFile 
*          1    00000c10    00000008     UNINITIALIZED
                  00000c10    00000008     driverlib.lib : F2802xX_GlobalVariableDefs.obj (CpuTimer2RegsFile)

PieCtrlRegsFile 
*          1    00000ce0    0000001a     UNINITIALIZED
                  00000ce0    0000001a     driverlib.lib : F2802xX_GlobalVariableDefs.obj (PieCtrlRegsFile)

PieVectTableFile 
*          1    00000d00    00000100     UNINITIALIZED
                  00000d00    00000100     driverlib.lib : F2802xX_GlobalVariableDefs.obj (PieVectTableFile)

EmuKeyVar 
*          1    00000d00    00000001     UNINITIALIZED
                  00000d00    00000001     driverlib.lib : F2802xX_GlobalVariableDefs.obj (EmuKeyVar)

EmuBModeVar 
*          1    00000d01    00000001     UNINITIALIZED
                  00000d01    00000001     driverlib.lib : F2802xX_GlobalVariableDefs.obj (EmuBModeVar)

FlashCallbackVar 
*          1    00000d02    00000002     UNINITIALIZED
                  00000d02    00000002     driverlib.lib : F2802xX_GlobalVariableDefs.obj (FlashCallbackVar)

FlashScalingVar 
*          1    00000d04    00000002     UNINITIALIZED
                  00000d04    00000002     driverlib.lib : F2802xX_GlobalVariableDefs.obj (FlashScalingVar)

Comp1RegsFile 
*          1    00006400    00000011     UNINITIALIZED
                  00006400    00000011     driverlib.lib : F2802xX_GlobalVariableDefs.obj (Comp1RegsFile)

Comp2RegsFile 
*          1    00006420    00000011     UNINITIALIZED
                  00006420    00000011     driverlib.lib : F2802xX_GlobalVariableDefs.obj (Comp2RegsFile)

EPwm1RegsFile 
*          1    00006800    00000040     UNINITIALIZED
                  00006800    00000040     driverlib.lib : F2802xX_GlobalVariableDefs.obj (EPwm1RegsFile)

EPwm2RegsFile 
*          1    00006840    00000040     UNINITIALIZED
                  00006840    00000040     driverlib.lib : F2802xX_GlobalVariableDefs.obj (EPwm2RegsFile)

EPwm3RegsFile 
*          1    00006880    00000040     UNINITIALIZED
                  00006880    00000040     driverlib.lib : F2802xX_GlobalVariableDefs.obj (EPwm3RegsFile)

EPwm4RegsFile 
*          1    000068c0    00000040     UNINITIALIZED
                  000068c0    00000040     driverlib.lib : F2802xX_GlobalVariableDefs.obj (EPwm4RegsFile)

ECap1RegsFile 
*          1    00006a00    00000020     UNINITIALIZED
                  00006a00    00000020     driverlib.lib : F2802xX_GlobalVariableDefs.obj (ECap1RegsFile)

GpioCtrlRegsFile 
*          1    00006f80    00000040     UNINITIALIZED
                  00006f80    00000040     driverlib.lib : F2802xX_GlobalVariableDefs.obj (GpioCtrlRegsFile)

GpioDataRegsFile 
*          1    00006fc0    00000020     UNINITIALIZED
                  00006fc0    00000020     driverlib.lib : F2802xX_GlobalVariableDefs.obj (GpioDataRegsFile)

GpioIntRegsFile 
*          1    00006fe0    0000000a     UNINITIALIZED
                  00006fe0    0000000a     driverlib.lib : F2802xX_GlobalVariableDefs.obj (GpioIntRegsFile)

SysCtrlRegsFile 
*          1    00007010    0000001f     UNINITIALIZED
                  00007010    0000001f     driverlib.lib : F2802xX_GlobalVariableDefs.obj (SysCtrlRegsFile)

SpiaRegsFile 
*          1    00007040    00000010     UNINITIALIZED
                  00007040    00000010     driverlib.lib : F2802xX_GlobalVariableDefs.obj (SpiaRegsFile)

SciaRegsFile 
*          1    00007050    00000010     UNINITIALIZED
                  00007050    00000010     driverlib.lib : F2802xX_GlobalVariableDefs.obj (SciaRegsFile)

NmiIntruptRegsFile 
*          1    00007060    00000010     UNINITIALIZED
                  00007060    00000010     driverlib.lib : F2802xX_GlobalVariableDefs.obj (NmiIntruptRegsFile)

XIntruptRegsFile 
*          1    00007070    00000010     UNINITIALIZED
                  00007070    00000010     driverlib.lib : F2802xX_GlobalVariableDefs.obj (XIntruptRegsFile)

AdcRegsFile 
*          1    00007100    00000051     UNINITIALIZED
                  00007100    00000051     driverlib.lib : F2802xX_GlobalVariableDefs.obj (AdcRegsFile)

I2caRegsFile 
*          1    00007900    00000022     UNINITIALIZED
                  00007900    00000022     driverlib.lib : F2802xX_GlobalVariableDefs.obj (I2caRegsFile)

PartIdRegsFile 
*          1    003d7fff    00000001     UNINITIALIZED
                  003d7fff    00000001     driverlib.lib : F2802xX_GlobalVariableDefs.obj (PartIdRegsFile)

CsmPwlFile 
*          1    003f7ff8    00000008     UNINITIALIZED
                  003f7ff8    00000008     driverlib.lib : F2802xX_GlobalVariableDefs.obj (CsmPwlFile)

.pinit     0    003f7000    00000000     UNINITIALIZED

.stack     1    00000400    00000200     UNINITIALIZED
                  00000400    00000200     --HOLE--

.reset     0    003fffc0    00000002     DSECT
                  003fffc0    00000002     rts2800_ml.lib : boot28.asm.obj (.reset)

vectors    0    003fffc2    00000000     DSECT

.text.1    0    003f6000    00000c1a     
                  003f6000    000001d3     user.obj (.text)
                  003f61d3    00000107     rts2800_ml.lib : ll_div28.asm.obj (.text)
                  003f62da    00000083                    : fs_div28.asm.obj (.text)
                  003f635d    0000007e     uart.obj (.text)
                  003f63db    00000078     rts2800_ml.lib : fs_add28.asm.obj (.text)
                  003f6453    0000006f     ringBuffer.obj (.text)
                  003f64c2    0000005a     rts2800_ml.lib : fs_mpy28.asm.obj (.text)
                  003f651c    00000054                    : boot28.asm.obj (.text)
                  003f6570    00000048     driverlib.lib : gpio.obj (.text:_GPIO_setMode)
                  003f65b8    00000029                   : gpio.obj (.text:_GPIO_setDirection)
                  003f65e1    00000029                   : gpio.obj (.text:_GPIO_setPullUp)
                  003f660a    00000029     rts2800_ml.lib : exit.c.obj (.text)
                  003f6633    00000028     driverlib.lib : gpio.obj (.text:_GPIO_setQualificationPeriod)
                  003f665b    00000027                   : gpio.obj (.text:_GPIO_setQualification)
                  003f6682    00000025     rts2800_ml.lib : fs_toi28.asm.obj (.text)
                  003f66a7    00000024                    : cpy_tbl.c.obj (.text)
                  003f66cb    00000022     driverlib.lib : adc.obj (.text:_ADC_setIntMode)
                  003f66ed    00000022                   : adc.obj (.text:_ADC_setIntSrc)
                  003f670f    00000022     rts2800_ml.lib : i_div28.asm.obj (.text)
                  003f6731    00000021                    : fs_toul28.asm.obj (.text)
                  003f6752    0000001e                    : ll_cmp28.asm.obj (.text)
                  003f6770    0000001d     driverlib.lib : pie.obj (.text:_PIE_enableExtInt)
                  003f678d    0000001d     rts2800_ml.lib : fs_tou28.asm.obj (.text)
                  003f67aa    0000001d                    : memcpy.c.obj (.text)
                  003f67c7    0000001a                    : i_tofs28.asm.obj (.text)
                  003f67e1    00000019                    : args_main.c.obj (.text)
                  003f67fa    00000019                    : prolog28.asm.obj (.text)
                  003f6813    00000017     driverlib.lib : adc.obj (.text:_ADC_enableInt)
                  003f682a    00000017     rts2800_ml.lib : fs_cmp28.asm.obj (.text)
                  003f6841    00000015     driverlib.lib : pll.obj (.text:_PLL_setup)
                  003f6856    00000014                   : gpio.obj (.text:_GPIO_setHigh)
                  003f686a    00000014                   : gpio.obj (.text:_GPIO_setLow)
                  003f687e    00000014                   : pie.obj (.text:_PIE_enableAdcInt)
                  003f6892    00000013                   : timer.obj (.text:_TIMER_setPreScaler)
                  003f68a5    00000013     rts2800_ml.lib : ul_tofs28.asm.obj (.text)
                  003f68b8    00000012     driverlib.lib : adc.obj (.text:_ADC_setSocChanNumber)
                  003f68ca    00000012                   : adc.obj (.text:_ADC_setSocSampleWindow)
                  003f68dc    00000012                   : adc.obj (.text:_ADC_setSocTrigSrc)
                  003f68ee    00000011                   : adc.obj (.text:_ADC_setIntPulseGenMode)
                  003f68ff    00000011                   : adc.obj (.text:_ADC_setVoltRefSrc)
                  003f6910    00000011                   : gpio.obj (.text:_GPIO_getData)
                  003f6921    00000011                   : pie.obj (.text:_PIE_disableAllInts)
                  003f6932    00000011                   : pie.obj (.text:_PIE_setDebugIntVectorTable)
                  003f6943    00000010     rts2800_ml.lib : u_tofs28.asm.obj (.text)
                  003f6953    0000000f     driverlib.lib : pie.obj (.text:_PIE_registerPieIntHandler)
                  003f6962    0000000f                   : pie.obj (.text:_PIE_setExtIntPolarity)
                  003f6971    0000000c     rts2800_ml.lib : epilog28.asm.obj (.text)
                  003f697d    0000000b     driverlib.lib : gpio.obj (.text:_GPIO_setExtInt)
                  003f6988    0000000b                   : pie.obj (.text:_PIE_registerSystemIntHandler)
                  003f6993    0000000a                   : adc.obj (.text:_ADC_enable)
                  003f699d    0000000a                   : adc.obj (.text:_ADC_enableBandGap)
                  003f69a7    0000000a                   : adc.obj (.text:_ADC_enableRefBuffers)
                  003f69b1    0000000a                   : adc.obj (.text:_ADC_init)
                  003f69bb    0000000a                   : adc.obj (.text:_ADC_powerUp)
                  003f69c5    0000000a                   : pie.obj (.text:_PIE_enableInt)
                  003f69cf    0000000a                   : pie.obj (.text:_PIE_init)
                  003f69d9    0000000a                   : sci.obj (.text:_SCI_resetChannels)
                  003f69e3    0000000a                   : sci.obj (.text:_SCI_resetRxFifo)
                  003f69ed    0000000a                   : sci.obj (.text:_SCI_resetTxFifo)
                  003f69f7    00000009                   : clk.obj (.text:_CLK_enablePwmClock)
                  003f6a00    00000009                   : clk.obj (.text:_CLK_enableSciaClock)
                  003f6a09    00000009                   : sci.obj (.text:_SCI_putDataNonBlocking)
                  003f6a12    00000009     rts2800_ml.lib : _lock.c.obj (.text)
                  003f6a1b    00000008     driverlib.lib : clk.obj (.text:_CLK_init)
                  003f6a23    00000008                   : flash.obj (.text:_FLASH_init)
                  003f6a2b    00000008                   : gpio.obj (.text:_GPIO_init)
                  003f6a33    00000008                   : pll.obj (.text:_PLL_init)
                  003f6a3b    00000008                   : pwm.obj (.text:_PWM_init)
                  003f6a43    00000008                   : sci.obj (.text:_SCI_init)
                  003f6a4b    00000008                   : timer.obj (.text:_TIMER_init)
                  003f6a53    00000008                   : wdog.obj (.text:_WDOG_disable)
                  003f6a5b    00000008                   : wdog.obj (.text:_WDOG_init)
                  003f6a63    00000008                   : f2802xx_codestartbranch.obj (.text)
                  003f6a6b    00000007                   : clk.obj (.text:_CLK_disableTbClockSync)
                  003f6a72    00000007                   : clk.obj (.text:_CLK_enableAdcClock)
                  003f6a79    00000007                   : clk.obj (.text:_CLK_enableTbClockSync)
                  003f6a80    00000007                   : clk.obj (.text:_CLK_setOscSrc)
                  003f6a87    00000007                   : pll.obj (.text:_PLL_setDivider)
                  003f6a8e    00000007                   : sci.obj (.text:_SCI_setRxFifoIntLevel)
                  003f6a95    00000007                   : sci.obj (.text:_SCI_setTxFifoIntLevel)
                  003f6a9c    00000006                   : pll.obj (.text:_PLL_setMultiplier)
                  003f6aa2    00000006                   : sci.obj (.text:_SCI_setBaudRate)
                  003f6aa8    00000006                   : timer.obj (.text:_TIMER_setEmulationMode)
                  003f6aae    00000005                   : f2802xx_defaultisr.obj (.text:_ADCINT1_ISR)
                  003f6ab3    00000005                   : f2802xx_defaultisr.obj (.text:_ADCINT2_ISR)
                  003f6ab8    00000005                   : f2802xx_defaultisr.obj (.text:_ADCINT3_ISR)
                  003f6abd    00000005                   : f2802xx_defaultisr.obj (.text:_ADCINT4_ISR)
                  003f6ac2    00000005                   : f2802xx_defaultisr.obj (.text:_ADCINT5_ISR)
                  003f6ac7    00000005                   : f2802xx_defaultisr.obj (.text:_ADCINT6_ISR)
                  003f6acc    00000005                   : f2802xx_defaultisr.obj (.text:_ADCINT7_ISR)
                  003f6ad1    00000005                   : f2802xx_defaultisr.obj (.text:_ADCINT8_ISR)
                  003f6ad6    00000005                   : f2802xx_defaultisr.obj (.text:_ADCINT9_ISR)
                  003f6adb    00000005                   : f2802xx_defaultisr.obj (.text:_DATALOG_ISR)
                  003f6ae0    00000005                   : f2802xx_defaultisr.obj (.text:_ECAP1_INT_ISR)
                  003f6ae5    00000005                   : f2802xx_defaultisr.obj (.text:_EMPTY_ISR)
                  003f6aea    00000005                   : f2802xx_defaultisr.obj (.text:_EMUINT_ISR)
                  003f6aef    00000005                   : f2802xx_defaultisr.obj (.text:_EPWM1_INT_ISR)
                  003f6af4    00000005                   : f2802xx_defaultisr.obj (.text:_EPWM1_TZINT_ISR)
                  003f6af9    00000005                   : f2802xx_defaultisr.obj (.text:_EPWM2_INT_ISR)
                  003f6afe    00000005                   : f2802xx_defaultisr.obj (.text:_EPWM2_TZINT_ISR)
                  003f6b03    00000005                   : f2802xx_defaultisr.obj (.text:_EPWM3_INT_ISR)
                  003f6b08    00000005                   : f2802xx_defaultisr.obj (.text:_EPWM3_TZINT_ISR)
                  003f6b0d    00000005                   : f2802xx_defaultisr.obj (.text:_EPWM4_INT_ISR)
                  003f6b12    00000005                   : f2802xx_defaultisr.obj (.text:_EPWM4_TZINT_ISR)
                  003f6b17    00000005                   : f2802xx_defaultisr.obj (.text:_I2CINT1A_ISR)
                  003f6b1c    00000005                   : f2802xx_defaultisr.obj (.text:_I2CINT2A_ISR)
                  003f6b21    00000005                   : f2802xx_defaultisr.obj (.text:_ILLEGAL_ISR)
                  003f6b26    00000005                   : f2802xx_defaultisr.obj (.text:_INT13_ISR)
                  003f6b2b    00000005                   : f2802xx_defaultisr.obj (.text:_INT14_ISR)
                  003f6b30    00000005                   : f2802xx_defaultisr.obj (.text:_NMI_ISR)
                  003f6b35    00000005                   : f2802xx_defaultisr.obj (.text:_PIE_RESERVED)
                  003f6b3a    00000005                   : pie.obj (.text:_PIE_illegalIsr)
                  003f6b3f    00000005                   : f2802xx_defaultisr.obj (.text:_RTOSINT_ISR)
                  003f6b44    00000005                   : f2802xx_defaultisr.obj (.text:_SCIRXINTA_ISR)
                  003f6b49    00000005                   : f2802xx_defaultisr.obj (.text:_SCITXINTA_ISR)
                  003f6b4e    00000005                   : f2802xx_defaultisr.obj (.text:_SPIRXINTA_ISR)
                  003f6b53    00000005                   : f2802xx_defaultisr.obj (.text:_SPITXINTA_ISR)
                  003f6b58    00000005                   : f2802xx_defaultisr.obj (.text:_TINT0_ISR)
                  003f6b5d    00000005                   : f2802xx_defaultisr.obj (.text:_USER10_ISR)
                  003f6b62    00000005                   : f2802xx_defaultisr.obj (.text:_USER11_ISR)
                  003f6b67    00000005                   : f2802xx_defaultisr.obj (.text:_USER12_ISR)
                  003f6b6c    00000005                   : f2802xx_defaultisr.obj (.text:_USER1_ISR)
                  003f6b71    00000005                   : f2802xx_defaultisr.obj (.text:_USER2_ISR)
                  003f6b76    00000005                   : f2802xx_defaultisr.obj (.text:_USER3_ISR)
                  003f6b7b    00000005                   : f2802xx_defaultisr.obj (.text:_USER4_ISR)
                  003f6b80    00000005                   : f2802xx_defaultisr.obj (.text:_USER5_ISR)
                  003f6b85    00000005                   : f2802xx_defaultisr.obj (.text:_USER6_ISR)
                  003f6b8a    00000005                   : f2802xx_defaultisr.obj (.text:_USER7_ISR)
                  003f6b8f    00000005                   : f2802xx_defaultisr.obj (.text:_USER8_ISR)
                  003f6b94    00000005                   : f2802xx_defaultisr.obj (.text:_USER9_ISR)
                  003f6b99    00000005                   : f2802xx_defaultisr.obj (.text:_WAKEINT_ISR)
                  003f6b9e    00000005                   : f2802xx_defaultisr.obj (.text:_XINT1_ISR)
                  003f6ba3    00000005                   : f2802xx_defaultisr.obj (.text:_XINT2_ISR)
                  003f6ba8    00000005                   : f2802xx_defaultisr.obj (.text:_XINT3_ISR)
                  003f6bad    00000005                   : f2802xx_defaultisr.obj (.text:_rsvd_ISR)
                  003f6bb2    00000005     rts2800_ml.lib : fs_neg28.asm.obj (.text)
                  003f6bb7    00000005                    : ll_abs28.asm.obj (.text)
                  003f6bbc    00000004     driverlib.lib : cpu.obj (.text:_CPU_enableInt)
                  003f6bc0    00000004                   : cpu.obj (.text:_CPU_init)
                  003f6bc4    00000004                   : sci.obj (.text:_SCI_clearRxFifoInt)
                  003f6bc8    00000004                   : sci.obj (.text:_SCI_clearTxFifoInt)
                  003f6bcc    00000004                   : sci.obj (.text:_SCI_enableFifoEnh)
                  003f6bd0    00000004                   : sci.obj (.text:_SCI_getTxFifoStatus)
                  003f6bd4    00000004                   : sci.obj (.text:_SCI_setCharLength)
                  003f6bd8    00000004                   : sci.obj (.text:_SCI_setNumStopBits)
                  003f6bdc    00000003                   : cpu.obj (.text:_CPU_clearIntFlags)
                  003f6bdf    00000003                   : cpu.obj (.text:_CPU_disableGlobalInts)
                  003f6be2    00000003                   : cpu.obj (.text:_CPU_enableDebugInt)
                  003f6be5    00000003                   : cpu.obj (.text:_CPU_enableGlobalInts)
                  003f6be8    00000003                   : pie.obj (.text:_PIE_disable)
                  003f6beb    00000003                   : pie.obj (.text:_PIE_enable)
                  003f6bee    00000003                   : pie.obj (.text:_PIE_enableTimer0Int)
                  003f6bf1    00000003                   : pll.obj (.text:_PLL_getClkStatus)
                  003f6bf4    00000003                   : pll.obj (.text:_PLL_getLockStatus)
                  003f6bf7    00000003                   : sci.obj (.text:_SCI_disableParity)
                  003f6bfa    00000003                   : sci.obj (.text:_SCI_enable)
                  003f6bfd    00000003                   : sci.obj (.text:_SCI_enableRx)
                  003f6c00    00000003                   : sci.obj (.text:_SCI_enableRxInt)
                  003f6c03    00000003                   : sci.obj (.text:_SCI_enableTx)
                  003f6c06    00000003                   : sci.obj (.text:_SCI_enableTxInt)
                  003f6c09    00000003                   : timer.obj (.text:_TIMER_enableInt)
                  003f6c0c    00000003                   : timer.obj (.text:_TIMER_reload)
                  003f6c0f    00000003                   : timer.obj (.text:_TIMER_start)
                  003f6c12    00000003                   : timer.obj (.text:_TIMER_stop)
                  003f6c15    00000002                   : timer.obj (.text:_TIMER_setPeriod)
                  003f6c17    00000002     rts2800_ml.lib : pre_init.c.obj (.text)
                  003f6c19    00000001                    : startup.c.obj (.text)

.text.2    0    003f703b    00000f45     
                  003f703b    000008ea     printf.obj (.text)
                  003f7925    0000049d     main.obj (.text)
                  003f7dc2    00000158     main.obj (.text:retain)
                  003f7f1a    00000066     i2ca.obj (.text)

.ebss      1    00000600    000000fb     UNINITIALIZED
                  00000600    000000ee     main.obj (.ebss)
                  000006ee    00000006     rts2800_ml.lib : exit.c.obj (.ebss)
                  000006f4    00000002                    : _lock.c.obj (.ebss:__lock)
                  000006f6    00000002                    : _lock.c.obj (.ebss:__unlock)
                  000006f8    00000002     user.obj (.ebss)
                  000006fa    00000001     driverlib.lib : cpu.obj (.ebss)

MODULE SUMMARY

       Module                           code   initialized data   uninitialized data
       ------                           ----   ----------------   ------------------
    .\
       printf.obj                       2282   40                 0                 
       main.obj                         1525   41                 238               
       user.obj                         467    6                  2                 
       uart.obj                         126    0                  0                 
       ringBuffer.obj                   111    0                  0                 
       i2ca.obj                         102    0                  0                 
    +--+--------------------------------+------+------------------+--------------------+
       Total:                           4613   87                 240               
                                                                                    
    C:/ti/C2000Ware_1_00_04_00_Software/device_support/f2802x/common/ccs/Debug/driverlib.lib
       F2802xX_GlobalVariableDefs.obj   0      0                  1022              
       pie.obj                          158    256                0                 
       gpio.obj                         309    0                  0                 
       f2802xx_defaultisr.obj           255    0                  0                 
       adc.obj                          229    0                  0                 
       flash.obj                        126    0                  0                 
       sci.obj                          109    0                  0                 
       clk.obj                          54     0                  0                 
       pll.obj                          48     0                  0                 
       timer.obj                        47     0                  0                 
       cpu.obj                          20     0                  1                 
       wdog.obj                         16     0                  0                 
       f2802xx_codestartbranch.obj      10     0                  0                 
       pwm.obj                          8      0                  0                 
    +--+--------------------------------+------+------------------+--------------------+
       Total:                           1389   256                1023              
                                                                                    
    C:/ti/ccsv8/tools/compiler/ti-cgt-c2000_18.1.2.LTS/lib/rts2800_ml.lib
       ll_div28.asm.obj                 263    0                  0                 
       fs_div28.asm.obj                 131    0                  0                 
       fs_add28.asm.obj                 120    0                  0                 
       fs_mpy28.asm.obj                 90     0                  0                 
       boot28.asm.obj                   84     0                  0                 
       exit.c.obj                       41     14                 6                 
       fs_toi28.asm.obj                 37     0                  0                 
       cpy_tbl.c.obj                    36     0                  0                 
       i_div28.asm.obj                  34     0                  0                 
       fs_toul28.asm.obj                33     0                  0                 
       ll_cmp28.asm.obj                 30     0                  0                 
       fs_tou28.asm.obj                 29     0                  0                 
       memcpy.c.obj                     29     0                  0                 
       i_tofs28.asm.obj                 26     0                  0                 
       args_main.c.obj                  25     0                  0                 
       prolog28.asm.obj                 25     0                  0                 
       _lock.c.obj                      9      10                 4                 
       fs_cmp28.asm.obj                 23     0                  0                 
       ul_tofs28.asm.obj                19     0                  0                 
       u_tofs28.asm.obj                 16     0                  0                 
       epilog28.asm.obj                 12     0                  0                 
       fs_neg28.asm.obj                 5      0                  0                 
       ll_abs28.asm.obj                 5      0                  0                 
       pre_init.c.obj                   2      0                  0                 
       startup.c.obj                    1      0                  0                 
    +--+--------------------------------+------+------------------+--------------------+
       Total:                           1125   24                 10                
                                                                                    
       Stack:                           0      0                  512               
    +--+--------------------------------+------+------------------+--------------------+
       Grand Total:                     7127   367                1785              


GLOBAL DATA SYMBOLS: SORTED BY DATA PAGE

address     data page           name
--------    ----------------    ----
00000400      10 (00000400)     __stack

00000600      18 (00000600)     _CMP_GLOBAL
00000601      18 (00000600)     _dutyCycle
00000604      18 (00000600)     _mySci
00000606      18 (00000600)     _myPwm3
00000608      18 (00000600)     _ControlPtr
0000060a      18 (00000600)     _myPie
0000060c      18 (00000600)     _myTimer0
0000060e      18 (00000600)     _myGpio
00000610      18 (00000600)     _myAdc
00000612      18 (00000600)     _myFlash
00000614      18 (00000600)     _myPwm2
00000616      18 (00000600)     _myTimer1
00000618      18 (00000600)     _myPwm1
0000061a      18 (00000600)     _myClk

00000640      19 (00000640)     _Control

000006ee      1b (000006c0)     ___TI_enable_exit_profile_output
000006f0      1b (000006c0)     ___TI_cleanup_ptr
000006f2      1b (000006c0)     ___TI_dtors_ptr
000006f4      1b (000006c0)     __lock
000006f6      1b (000006c0)     __unlock
000006fa      1b (000006c0)     _cpu

00000880      22 (00000880)     _DevEmuRegs

00000985      26 (00000980)     _SysPwrCtrlRegs

00000a80      2a (00000a80)     _FlashRegs

00000ae0      2b (00000ac0)     _CsmRegs

00000b00      2c (00000b00)     _AdcResult

00000c00      30 (00000c00)     _CpuTimer0Regs
00000c08      30 (00000c00)     _CpuTimer1Regs
00000c10      30 (00000c00)     _CpuTimer2Regs

00000ce0      33 (00000cc0)     _PieCtrlRegs

00000d00      34 (00000d00)     _EmuKey
00000d00      34 (00000d00)     _PieVectTable
00000d01      34 (00000d00)     _EmuBMode
00000d02      34 (00000d00)     _Flash_CallbackPtr
00000d04      34 (00000d00)     _Flash_CPUScaleFactor

00006400     190 (00006400)     _Comp1Regs
00006420     190 (00006400)     _Comp2Regs

00006800     1a0 (00006800)     _EPwm1Regs

00006840     1a1 (00006840)     _EPwm2Regs

00006880     1a2 (00006880)     _EPwm3Regs

000068c0     1a3 (000068c0)     _EPwm4Regs

00006a00     1a8 (00006a00)     _ECap1Regs

00006f80     1be (00006f80)     _GpioCtrlRegs

00006fc0     1bf (00006fc0)     _GpioDataRegs
00006fe0     1bf (00006fc0)     _GpioIntRegs

00007010     1c0 (00007000)     _SysCtrlRegs

00007040     1c1 (00007040)     _SpiaRegs
00007050     1c1 (00007040)     _SciaRegs
00007060     1c1 (00007040)     _NmiIntruptRegs
00007070     1c1 (00007040)     _XIntruptRegs

00007100     1c4 (00007100)     _AdcRegs

00007900     1e4 (00007900)     _I2caRegs

003d7fff    f5ff (003d7fc0)     _PartIdRegs

003f6c1a    fdb0 (003f6c00)     _PIE_tableDebugInit

003f7ff8    fdff (003f7fc0)     _CsmPwl


GLOBAL SYMBOLS: SORTED ALPHABETICALLY BY Name 

page  address   name                             
----  -------   ----                             
abs   ffffffff  .text                            
0     003f660a  C$$EXIT                          
0     003f63e0  FS$$ADD                          
0     003f682a  FS$$CMP                          
0     003f62da  FS$$DIV                          
0     003f64c2  FS$$MPY                          
0     003f6bb2  FS$$NEG                          
0     003f63db  FS$$SUB                          
0     003f6682  FS$$TOI                          
0     003f678d  FS$$TOU                          
0     003f6731  FS$$TOUL                         
0     003f670f  I$$DIV                           
0     003f6720  I$$MOD                           
0     003f67c7  I$$TOFS                          
0     003f6bb7  LL$$ABS                          
0     003f6752  LL$$CMP                          
0     003f61d3  LL$$DIV                          
0     003f620f  LL$$MOD                          
0     003f6943  U$$TOFS                          
0     003f68a5  UL$$TOFS                         
0     003f6764  ULL$$CMP                         
0     003f6249  ULL$$DIV                         
0     003f6278  ULL$$MOD                         
0     003f6aae  _ADCINT1_ISR                     
0     003f6ab3  _ADCINT2_ISR                     
0     003f6ab8  _ADCINT3_ISR                     
0     003f6abd  _ADCINT4_ISR                     
0     003f6ac2  _ADCINT5_ISR                     
0     003f6ac7  _ADCINT6_ISR                     
0     003f6acc  _ADCINT7_ISR                     
0     003f6ad1  _ADCINT8_ISR                     
0     003f6ad6  _ADCINT9_ISR                     
0     003f6993  _ADC_enable                      
0     003f699d  _ADC_enableBandGap               
0     003f6813  _ADC_enableInt                   
0     003f69a7  _ADC_enableRefBuffers            
0     003f69b1  _ADC_init                        
0     003f69bb  _ADC_powerUp                     
0     003f66cb  _ADC_setIntMode                  
0     003f68ee  _ADC_setIntPulseGenMode          
0     003f66ed  _ADC_setIntSrc                   
0     003f68b8  _ADC_setSocChanNumber            
0     003f68ca  _ADC_setSocSampleWindow          
0     003f68dc  _ADC_setSocTrigSrc               
0     003f68ff  _ADC_setVoltRefSrc               
1     00007100  _AdcRegs                         
1     00000b00  _AdcResult                       
0     003f6a6b  _CLK_disableTbClockSync          
0     003f6a72  _CLK_enableAdcClock              
0     003f69f7  _CLK_enablePwmClock              
0     003f6a00  _CLK_enableSciaClock             
0     003f6a79  _CLK_enableTbClockSync           
0     003f6a1b  _CLK_init                        
0     003f6a80  _CLK_setOscSrc                   
1     00000600  _CMP_GLOBAL                      
0     003f6bdc  _CPU_clearIntFlags               
0     003f6bdf  _CPU_disableGlobalInts           
0     003f6be2  _CPU_enableDebugInt              
0     003f6be5  _CPU_enableGlobalInts            
0     003f6bbc  _CPU_enableInt                   
0     003f6bc0  _CPU_init                        
1     00006400  _Comp1Regs                       
1     00006420  _Comp2Regs                       
1     00000640  _Control                         
1     00000608  _ControlPtr                      
1     00000c00  _CpuTimer0Regs                   
1     00000c08  _CpuTimer1Regs                   
1     00000c10  _CpuTimer2Regs                   
1     003f7ff8  _CsmPwl                          
1     00000ae0  _CsmRegs                         
0     003f6adb  _DATALOG_ISR                     
1     00000880  _DevEmuRegs                      
0     003f6ae0  _ECAP1_INT_ISR                   
1     00006a00  _ECap1Regs                       
0     003f6ae5  _EMPTY_ISR                       
0     003f6aea  _EMUINT_ISR                      
0     003f6aef  _EPWM1_INT_ISR                   
0     003f6af4  _EPWM1_TZINT_ISR                 
0     003f6af9  _EPWM2_INT_ISR                   
0     003f6afe  _EPWM2_TZINT_ISR                 
0     003f6b03  _EPWM3_INT_ISR                   
0     003f6b08  _EPWM3_TZINT_ISR                 
0     003f6b0d  _EPWM4_INT_ISR                   
0     003f6b12  _EPWM4_TZINT_ISR                 
1     00006800  _EPwm1Regs                       
1     00006840  _EPwm2Regs                       
1     00006880  _EPwm3Regs                       
1     000068c0  _EPwm4Regs                       
1     00000d01  _EmuBMode                        
1     00000d00  _EmuKey                          
0     0000007b  _FLASH_enablePipelineMode        
0     003f6a23  _FLASH_init                      
0     00000081  _FLASH_setActiveWaitCount        
0     00000066  _FLASH_setNumPagedReadWaitStates 
0     0000006d  _FLASH_setNumRandomReadWaitStates
0     00000074  _FLASH_setOtpWaitStates          
0     00000086  _FLASH_setStandbyWaitCount       
0     00000050  _FLASH_setup                     
1     00000a80  _FlashRegs                       
1     00000d04  _Flash_CPUScaleFactor            
1     00000d02  _Flash_CallbackPtr               
0     003f6910  _GPIO_getData                    
0     003f6a2b  _GPIO_init                       
0     003f65b8  _GPIO_setDirection               
0     003f697d  _GPIO_setExtInt                  
0     003f6856  _GPIO_setHigh                    
0     003f686a  _GPIO_setLow                     
0     003f6570  _GPIO_setMode                    
0     003f65e1  _GPIO_setPullUp                  
0     003f665b  _GPIO_setQualification           
0     003f6633  _GPIO_setQualificationPeriod     
1     00006f80  _GpioCtrlRegs                    
1     00006fc0  _GpioDataRegs                    
1     00006fe0  _GpioIntRegs                     
0     003f6b17  _I2CINT1A_ISR                    
0     003f6b1c  _I2CINT2A_ISR                    
1     00007900  _I2caRegs                        
0     003f6b21  _ILLEGAL_ISR                     
0     003f6b26  _INT13_ISR                       
0     003f6b2b  _INT14_ISR                       
0     003f6b30  _NMI_ISR                         
1     00007060  _NmiIntruptRegs                  
0     003f6b35  _PIE_RESERVED                    
0     003f6be8  _PIE_disable                     
0     003f6921  _PIE_disableAllInts              
0     003f6beb  _PIE_enable                      
0     003f687e  _PIE_enableAdcInt                
0     003f6770  _PIE_enableExtInt                
0     003f69c5  _PIE_enableInt                   
0     003f6bee  _PIE_enableTimer0Int             
0     003f6b3a  _PIE_illegalIsr                  
0     003f69cf  _PIE_init                        
0     003f6953  _PIE_registerPieIntHandler       
0     003f6988  _PIE_registerSystemIntHandler    
0     003f6932  _PIE_setDebugIntVectorTable      
0     003f6962  _PIE_setExtIntPolarity           
0     003f6c1a  _PIE_tableDebugInit              
0     003f6bf1  _PLL_getClkStatus                
0     003f6bf4  _PLL_getLockStatus               
0     003f6a33  _PLL_init                        
0     003f6a87  _PLL_setDivider                  
0     003f6a9c  _PLL_setMultiplier               
0     003f6841  _PLL_setup                       
0     003f6a3b  _PWM_init                        
1     003d7fff  _PartIdRegs                      
1     00000ce0  _PieCtrlRegs                     
1     00000d00  _PieVectTable                    
0     003f6b3f  _RTOSINT_ISR                     
abs   0000003b  _RamfuncsLoadSize                
0     003f7000  _RamfuncsLoadStart               
0     00000050  _RamfuncsRunStart                
0     003f6b44  _SCIRXINTA_ISR                   
0     003f6b49  _SCITXINTA_ISR                   
0     003f6bc4  _SCI_clearRxFifoInt              
0     003f6bc8  _SCI_clearTxFifoInt              
0     003f6bf7  _SCI_disableParity               
0     003f6bfa  _SCI_enable                      
0     003f6bcc  _SCI_enableFifoEnh               
0     003f6bfd  _SCI_enableRx                    
0     003f6c00  _SCI_enableRxInt                 
0     003f6c03  _SCI_enableTx                    
0     003f6c06  _SCI_enableTxInt                 
0     003f6bd0  _SCI_getTxFifoStatus             
0     003f6a43  _SCI_init                        
0     003f6a09  _SCI_putDataNonBlocking          
0     003f69d9  _SCI_resetChannels               
0     003f69e3  _SCI_resetRxFifo                 
0     003f69ed  _SCI_resetTxFifo                 
0     003f6aa2  _SCI_setBaudRate                 
0     003f6bd4  _SCI_setCharLength               
0     003f6bd8  _SCI_setNumStopBits              
0     003f6a8e  _SCI_setRxFifoIntLevel           
0     003f6a95  _SCI_setTxFifoIntLevel           
0     003f6b4e  _SPIRXINTA_ISR                   
0     003f6b53  _SPITXINTA_ISR                   
1     00007050  _SciaRegs                        
1     00007040  _SpiaRegs                        
1     00007010  _SysCtrlRegs                     
1     00000985  _SysPwrCtrlRegs                  
0     003f6c09  _TIMER_enableInt                 
0     003f6a4b  _TIMER_init                      
0     003f6c0c  _TIMER_reload                    
0     003f6aa8  _TIMER_setEmulationMode          
0     003f6c15  _TIMER_setPeriod                 
0     003f6892  _TIMER_setPreScaler              
0     003f6c0f  _TIMER_start                     
0     003f6c12  _TIMER_stop                      
0     003f6b58  _TINT0_ISR                       
0     003f6b5d  _USER10_ISR                      
0     003f6b62  _USER11_ISR                      
0     003f6b67  _USER12_ISR                      
0     003f6b6c  _USER1_ISR                       
0     003f6b71  _USER2_ISR                       
0     003f6b76  _USER3_ISR                       
0     003f6b7b  _USER4_ISR                       
0     003f6b80  _USER5_ISR                       
0     003f6b85  _USER6_ISR                       
0     003f6b8a  _USER7_ISR                       
0     003f6b8f  _USER8_ISR                       
0     003f6b94  _USER9_ISR                       
0     003f6b99  _WAKEINT_ISR                     
0     003f6a53  _WDOG_disable                    
0     003f6a5b  _WDOG_init                       
0     003f6b9e  _XINT1_ISR                       
0     003f6ba3  _XINT2_ISR                       
0     003f6ba8  _XINT3_ISR                       
1     00007070  _XIntruptRegs                    
1     00000600  __STACK_END                      
abs   00000200  __STACK_SIZE                     
1     000006f0  ___TI_cleanup_ptr                
1     000006f2  ___TI_dtors_ptr                  
1     000006ee  ___TI_enable_exit_profile_output 
abs   ffffffff  ___TI_pprof_out_hndl             
abs   ffffffff  ___TI_prof_data_size             
abs   ffffffff  ___TI_prof_data_start            
abs   ffffffff  ___binit__                       
abs   ffffffff  ___c_args__                      
0     003f6d64  ___cinit__                       
abs   ffffffff  ___etext__                       
abs   ffffffff  ___pinit__                       
abs   ffffffff  ___text__                        
0     003f67e1  __args_main                      
1     000006f4  __lock                           
0     003f6a1a  __nop                            
0     003f6a16  __register_lock                  
0     003f6a12  __register_unlock                
1     00000400  __stack                          
0     003f6c19  __system_post_cinit              
0     003f6c17  __system_pre_init                
1     000006f6  __unlock                         
0     003f660a  _abort                           
0     003f7eca  _adc_isr                         
0     003f651c  _c_int00                         
0     003f61bf  _checkHallErr                    
0     003f6164  _commutateMotor                  
0     003f66a7  _copy_in                         
1     000006fa  _cpu                             
0     003f7ec5  _cpu_timer1_isr                  
1     00000601  _dutyCycle                       
0     003f6971  _epilog_c28x_1                   
0     003f6975  _epilog_c28x_2                   
0     003f660c  _exit                            
0     003f7911  _fctprintf                       
0     003f7e7b  _hall_a_isr                      
0     003f7e4f  _hall_b_isr                      
0     003f7e23  _hall_c_isr                      
0     003f7f6b  _i2ca_init                       
0     003f7f3b  _i2ca_readData                   
0     003f7f1a  _i2ca_writeData                  
0     003f7b10  _initADC                         
0     003f6112  _initControl                     
0     003f7925  _initGPIO                        
0     003f60e6  _initHallStates                  
0     003f7a44  _initPWM                         
0     003f7b62  _main                            
0     003f67aa  _memcpy                          
1     00000610  _myAdc                           
1     0000061a  _myClk                           
1     00000612  _myFlash                         
1     0000060e  _myGpio                          
1     0000060a  _myPie                           
1     00000618  _myPwm1                          
1     00000614  _myPwm2                          
1     00000606  _myPwm3                          
1     00000604  _mySci                           
1     0000060c  _myTimer0                        
1     00000616  _myTimer1                        
0     003f67fa  _prolog_c28x_1                   
0     003f67fe  _prolog_c28x_2                   
0     003f6806  _prolog_c28x_3                   
0     003f6490  _ring_buffer_dequeue             
0     003f64a7  _ring_buffer_dequeue_arr         
0     003f648b  _ring_buffer_init                
0     003f6476  _ring_buffer_peek                
0     003f6453  _ring_buffer_queue               
0     003f646b  _ring_buffer_queue_arr           
0     003f6bad  _rsvd_ISR                        
0     003f7dc2  _sciaTxFifoIsr                   
0     003f63b0  _scia_fifo_init                  
0     003f637a  _scia_init                       
0     003f6370  _scia_msg                        
0     003f635d  _scia_xmit                       
0     003f60be  _setDutyCycle                    
0     003f7903  _snprintf_                       
0     003f78f3  _sprintf_                        
0     003f60a1  _updateExpectedHallStates        
0     003f6092  _updateHall_A                    
0     003f6083  _updateHall_B                    
0     003f6074  _updateHall_C                    
0     003f6013  _updatePI                        
0     003f6000  _updatePWMState                  
0     003f78e7  _vsnprintf_                      
abs   ffffffff  binit                            
0     003f6d64  cinit                            
0     003f7ff6  code_start                       
abs   ffffffff  etext                            
abs   ffffffff  pinit                            


GLOBAL SYMBOLS: SORTED BY Symbol Address 

page  address   name                             
----  -------   ----                             
0     00000050  _FLASH_setup                     
0     00000050  _RamfuncsRunStart                
0     00000066  _FLASH_setNumPagedReadWaitStates 
0     0000006d  _FLASH_setNumRandomReadWaitStates
0     00000074  _FLASH_setOtpWaitStates          
0     0000007b  _FLASH_enablePipelineMode        
0     00000081  _FLASH_setActiveWaitCount        
0     00000086  _FLASH_setStandbyWaitCount       
0     003f6000  _updatePWMState                  
0     003f6013  _updatePI                        
0     003f6074  _updateHall_C                    
0     003f6083  _updateHall_B                    
0     003f6092  _updateHall_A                    
0     003f60a1  _updateExpectedHallStates        
0     003f60be  _setDutyCycle                    
0     003f60e6  _initHallStates                  
0     003f6112  _initControl                     
0     003f6164  _commutateMotor                  
0     003f61bf  _checkHallErr                    
0     003f61d3  LL$$DIV                          
0     003f620f  LL$$MOD                          
0     003f6249  ULL$$DIV                         
0     003f6278  ULL$$MOD                         
0     003f62da  FS$$DIV                          
0     003f635d  _scia_xmit                       
0     003f6370  _scia_msg                        
0     003f637a  _scia_init                       
0     003f63b0  _scia_fifo_init                  
0     003f63db  FS$$SUB                          
0     003f63e0  FS$$ADD                          
0     003f6453  _ring_buffer_queue               
0     003f646b  _ring_buffer_queue_arr           
0     003f6476  _ring_buffer_peek                
0     003f648b  _ring_buffer_init                
0     003f6490  _ring_buffer_dequeue             
0     003f64a7  _ring_buffer_dequeue_arr         
0     003f64c2  FS$$MPY                          
0     003f651c  _c_int00                         
0     003f6570  _GPIO_setMode                    
0     003f65b8  _GPIO_setDirection               
0     003f65e1  _GPIO_setPullUp                  
0     003f660a  C$$EXIT                          
0     003f660a  _abort                           
0     003f660c  _exit                            
0     003f6633  _GPIO_setQualificationPeriod     
0     003f665b  _GPIO_setQualification           
0     003f6682  FS$$TOI                          
0     003f66a7  _copy_in                         
0     003f66cb  _ADC_setIntMode                  
0     003f66ed  _ADC_setIntSrc                   
0     003f670f  I$$DIV                           
0     003f6720  I$$MOD                           
0     003f6731  FS$$TOUL                         
0     003f6752  LL$$CMP                          
0     003f6764  ULL$$CMP                         
0     003f6770  _PIE_enableExtInt                
0     003f678d  FS$$TOU                          
0     003f67aa  _memcpy                          
0     003f67c7  I$$TOFS                          
0     003f67e1  __args_main                      
0     003f67fa  _prolog_c28x_1                   
0     003f67fe  _prolog_c28x_2                   
0     003f6806  _prolog_c28x_3                   
0     003f6813  _ADC_enableInt                   
0     003f682a  FS$$CMP                          
0     003f6841  _PLL_setup                       
0     003f6856  _GPIO_setHigh                    
0     003f686a  _GPIO_setLow                     
0     003f687e  _PIE_enableAdcInt                
0     003f6892  _TIMER_setPreScaler              
0     003f68a5  UL$$TOFS                         
0     003f68b8  _ADC_setSocChanNumber            
0     003f68ca  _ADC_setSocSampleWindow          
0     003f68dc  _ADC_setSocTrigSrc               
0     003f68ee  _ADC_setIntPulseGenMode          
0     003f68ff  _ADC_setVoltRefSrc               
0     003f6910  _GPIO_getData                    
0     003f6921  _PIE_disableAllInts              
0     003f6932  _PIE_setDebugIntVectorTable      
0     003f6943  U$$TOFS                          
0     003f6953  _PIE_registerPieIntHandler       
0     003f6962  _PIE_setExtIntPolarity           
0     003f6971  _epilog_c28x_1                   
0     003f6975  _epilog_c28x_2                   
0     003f697d  _GPIO_setExtInt                  
0     003f6988  _PIE_registerSystemIntHandler    
0     003f6993  _ADC_enable                      
0     003f699d  _ADC_enableBandGap               
0     003f69a7  _ADC_enableRefBuffers            
0     003f69b1  _ADC_init                        
0     003f69bb  _ADC_powerUp                     
0     003f69c5  _PIE_enableInt                   
0     003f69cf  _PIE_init                        
0     003f69d9  _SCI_resetChannels               
0     003f69e3  _SCI_resetRxFifo                 
0     003f69ed  _SCI_resetTxFifo                 
0     003f69f7  _CLK_enablePwmClock              
0     003f6a00  _CLK_enableSciaClock             
0     003f6a09  _SCI_putDataNonBlocking          
0     003f6a12  __register_unlock                
0     003f6a16  __register_lock                  
0     003f6a1a  __nop                            
0     003f6a1b  _CLK_init                        
0     003f6a23  _FLASH_init                      
0     003f6a2b  _GPIO_init                       
0     003f6a33  _PLL_init                        
0     003f6a3b  _PWM_init                        
0     003f6a43  _SCI_init                        
0     003f6a4b  _TIMER_init                      
0     003f6a53  _WDOG_disable                    
0     003f6a5b  _WDOG_init                       
0     003f6a6b  _CLK_disableTbClockSync          
0     003f6a72  _CLK_enableAdcClock              
0     003f6a79  _CLK_enableTbClockSync           
0     003f6a80  _CLK_setOscSrc                   
0     003f6a87  _PLL_setDivider                  
0     003f6a8e  _SCI_setRxFifoIntLevel           
0     003f6a95  _SCI_setTxFifoIntLevel           
0     003f6a9c  _PLL_setMultiplier               
0     003f6aa2  _SCI_setBaudRate                 
0     003f6aa8  _TIMER_setEmulationMode          
0     003f6aae  _ADCINT1_ISR                     
0     003f6ab3  _ADCINT2_ISR                     
0     003f6ab8  _ADCINT3_ISR                     
0     003f6abd  _ADCINT4_ISR                     
0     003f6ac2  _ADCINT5_ISR                     
0     003f6ac7  _ADCINT6_ISR                     
0     003f6acc  _ADCINT7_ISR                     
0     003f6ad1  _ADCINT8_ISR                     
0     003f6ad6  _ADCINT9_ISR                     
0     003f6adb  _DATALOG_ISR                     
0     003f6ae0  _ECAP1_INT_ISR                   
0     003f6ae5  _EMPTY_ISR                       
0     003f6aea  _EMUINT_ISR                      
0     003f6aef  _EPWM1_INT_ISR                   
0     003f6af4  _EPWM1_TZINT_ISR                 
0     003f6af9  _EPWM2_INT_ISR                   
0     003f6afe  _EPWM2_TZINT_ISR                 
0     003f6b03  _EPWM3_INT_ISR                   
0     003f6b08  _EPWM3_TZINT_ISR                 
0     003f6b0d  _EPWM4_INT_ISR                   
0     003f6b12  _EPWM4_TZINT_ISR                 
0     003f6b17  _I2CINT1A_ISR                    
0     003f6b1c  _I2CINT2A_ISR                    
0     003f6b21  _ILLEGAL_ISR                     
0     003f6b26  _INT13_ISR                       
0     003f6b2b  _INT14_ISR                       
0     003f6b30  _NMI_ISR                         
0     003f6b35  _PIE_RESERVED                    
0     003f6b3a  _PIE_illegalIsr                  
0     003f6b3f  _RTOSINT_ISR                     
0     003f6b44  _SCIRXINTA_ISR                   
0     003f6b49  _SCITXINTA_ISR                   
0     003f6b4e  _SPIRXINTA_ISR                   
0     003f6b53  _SPITXINTA_ISR                   
0     003f6b58  _TINT0_ISR                       
0     003f6b5d  _USER10_ISR                      
0     003f6b62  _USER11_ISR                      
0     003f6b67  _USER12_ISR                      
0     003f6b6c  _USER1_ISR                       
0     003f6b71  _USER2_ISR                       
0     003f6b76  _USER3_ISR                       
0     003f6b7b  _USER4_ISR                       
0     003f6b80  _USER5_ISR                       
0     003f6b85  _USER6_ISR                       
0     003f6b8a  _USER7_ISR                       
0     003f6b8f  _USER8_ISR                       
0     003f6b94  _USER9_ISR                       
0     003f6b99  _WAKEINT_ISR                     
0     003f6b9e  _XINT1_ISR                       
0     003f6ba3  _XINT2_ISR                       
0     003f6ba8  _XINT3_ISR                       
0     003f6bad  _rsvd_ISR                        
0     003f6bb2  FS$$NEG                          
0     003f6bb7  LL$$ABS                          
0     003f6bbc  _CPU_enableInt                   
0     003f6bc0  _CPU_init                        
0     003f6bc4  _SCI_clearRxFifoInt              
0     003f6bc8  _SCI_clearTxFifoInt              
0     003f6bcc  _SCI_enableFifoEnh               
0     003f6bd0  _SCI_getTxFifoStatus             
0     003f6bd4  _SCI_setCharLength               
0     003f6bd8  _SCI_setNumStopBits              
0     003f6bdc  _CPU_clearIntFlags               
0     003f6bdf  _CPU_disableGlobalInts           
0     003f6be2  _CPU_enableDebugInt              
0     003f6be5  _CPU_enableGlobalInts            
0     003f6be8  _PIE_disable                     
0     003f6beb  _PIE_enable                      
0     003f6bee  _PIE_enableTimer0Int             
0     003f6bf1  _PLL_getClkStatus                
0     003f6bf4  _PLL_getLockStatus               
0     003f6bf7  _SCI_disableParity               
0     003f6bfa  _SCI_enable                      
0     003f6bfd  _SCI_enableRx                    
0     003f6c00  _SCI_enableRxInt                 
0     003f6c03  _SCI_enableTx                    
0     003f6c06  _SCI_enableTxInt                 
0     003f6c09  _TIMER_enableInt                 
0     003f6c0c  _TIMER_reload                    
0     003f6c0f  _TIMER_start                     
0     003f6c12  _TIMER_stop                      
0     003f6c15  _TIMER_setPeriod                 
0     003f6c17  __system_pre_init                
0     003f6c19  __system_post_cinit              
0     003f6c1a  _PIE_tableDebugInit              
0     003f6d64  ___cinit__                       
0     003f6d64  cinit                            
0     003f7000  _RamfuncsLoadStart               
0     003f78e7  _vsnprintf_                      
0     003f78f3  _sprintf_                        
0     003f7903  _snprintf_                       
0     003f7911  _fctprintf                       
0     003f7925  _initGPIO                        
0     003f7a44  _initPWM                         
0     003f7b10  _initADC                         
0     003f7b62  _main                            
0     003f7dc2  _sciaTxFifoIsr                   
0     003f7e23  _hall_c_isr                      
0     003f7e4f  _hall_b_isr                      
0     003f7e7b  _hall_a_isr                      
0     003f7ec5  _cpu_timer1_isr                  
0     003f7eca  _adc_isr                         
0     003f7f1a  _i2ca_writeData                  
0     003f7f3b  _i2ca_readData                   
0     003f7f6b  _i2ca_init                       
0     003f7ff6  code_start                       
1     00000400  __stack                          
1     00000600  _CMP_GLOBAL                      
1     00000600  __STACK_END                      
1     00000601  _dutyCycle                       
1     00000604  _mySci                           
1     00000606  _myPwm3                          
1     00000608  _ControlPtr                      
1     0000060a  _myPie                           
1     0000060c  _myTimer0                        
1     0000060e  _myGpio                          
1     00000610  _myAdc                           
1     00000612  _myFlash                         
1     00000614  _myPwm2                          
1     00000616  _myTimer1                        
1     00000618  _myPwm1                          
1     0000061a  _myClk                           
1     00000640  _Control                         
1     000006ee  ___TI_enable_exit_profile_output 
1     000006f0  ___TI_cleanup_ptr                
1     000006f2  ___TI_dtors_ptr                  
1     000006f4  __lock                           
1     000006f6  __unlock                         
1     000006fa  _cpu                             
1     00000880  _DevEmuRegs                      
1     00000985  _SysPwrCtrlRegs                  
1     00000a80  _FlashRegs                       
1     00000ae0  _CsmRegs                         
1     00000b00  _AdcResult                       
1     00000c00  _CpuTimer0Regs                   
1     00000c08  _CpuTimer1Regs                   
1     00000c10  _CpuTimer2Regs                   
1     00000ce0  _PieCtrlRegs                     
1     00000d00  _EmuKey                          
1     00000d00  _PieVectTable                    
1     00000d01  _EmuBMode                        
1     00000d02  _Flash_CallbackPtr               
1     00000d04  _Flash_CPUScaleFactor            
1     00006400  _Comp1Regs                       
1     00006420  _Comp2Regs                       
1     00006800  _EPwm1Regs                       
1     00006840  _EPwm2Regs                       
1     00006880  _EPwm3Regs                       
1     000068c0  _EPwm4Regs                       
1     00006a00  _ECap1Regs                       
1     00006f80  _GpioCtrlRegs                    
1     00006fc0  _GpioDataRegs                    
1     00006fe0  _GpioIntRegs                     
1     00007010  _SysCtrlRegs                     
1     00007040  _SpiaRegs                        
1     00007050  _SciaRegs                        
1     00007060  _NmiIntruptRegs                  
1     00007070  _XIntruptRegs                    
1     00007100  _AdcRegs                         
1     00007900  _I2caRegs                        
1     003d7fff  _PartIdRegs                      
1     003f7ff8  _CsmPwl                          
abs   0000003b  _RamfuncsLoadSize                
abs   00000200  __STACK_SIZE                     
abs   ffffffff  .text                            
abs   ffffffff  ___TI_pprof_out_hndl             
abs   ffffffff  ___TI_prof_data_size             
abs   ffffffff  ___TI_prof_data_start            
abs   ffffffff  ___binit__                       
abs   ffffffff  ___c_args__                      
abs   ffffffff  ___etext__                       
abs   ffffffff  ___pinit__                       
abs   ffffffff  ___text__                        
abs   ffffffff  binit                            
abs   ffffffff  etext                            
abs   ffffffff  pinit                            

[297 symbols]
