<?xml version="1.0" encoding="ISO-8859-1" ?>
<link_info>
   <banner>TMS320C2000 Linker PC v18.1.2.LTS</banner>
   <copyright>Copyright (c) 1996-2017 Texas Instruments Incorporated</copyright>
   <link_time>0x5d2a44d1</link_time>
   <link_errors>0x0</link_errors>
   <output_file>Example_F2802xCpuTimer.out</output_file>
   <entry_point>
      <name>code_start</name>
      <address>0x3f7ff6</address>
   </entry_point>
   <input_file_list>
      <input_file id="fl-2">
         <path>.\</path>
         <kind>object</kind>
         <file>Example_2802xCpuTimer.obj</file>
         <name>Example_2802xCpuTimer.obj</name>
      </input_file>
      <input_file id="fl-3">
         <path>.\</path>
         <kind>object</kind>
         <file>uart.obj</file>
         <name>uart.obj</name>
      </input_file>
      <input_file id="fl-4">
         <path>.\</path>
         <kind>object</kind>
         <file>user.obj</file>
         <name>user.obj</name>
      </input_file>
      <input_file id="fl-b">
         <kind>object</kind>
         <file>&lt;internal&gt;</file>
         <name>&lt;internal&gt;</name>
      </input_file>
      <input_file id="fl-c">
         <path>C:\ti\C2000Ware_1_00_04_00_Software\device_support\f2802x\common\ccs\Debug\</path>
         <kind>archive</kind>
         <file>driverlib.lib</file>
         <name>F2802xX_GlobalVariableDefs.obj</name>
      </input_file>
      <input_file id="fl-d">
         <path>C:\ti\C2000Ware_1_00_04_00_Software\device_support\f2802x\common\ccs\Debug\</path>
         <kind>archive</kind>
         <file>driverlib.lib</file>
         <name>adc.obj</name>
      </input_file>
      <input_file id="fl-e">
         <path>C:\ti\C2000Ware_1_00_04_00_Software\device_support\f2802x\common\ccs\Debug\</path>
         <kind>archive</kind>
         <file>driverlib.lib</file>
         <name>clk.obj</name>
      </input_file>
      <input_file id="fl-f">
         <path>C:\ti\C2000Ware_1_00_04_00_Software\device_support\f2802x\common\ccs\Debug\</path>
         <kind>archive</kind>
         <file>driverlib.lib</file>
         <name>cpu.obj</name>
      </input_file>
      <input_file id="fl-10">
         <path>C:\ti\C2000Ware_1_00_04_00_Software\device_support\f2802x\common\ccs\Debug\</path>
         <kind>archive</kind>
         <file>driverlib.lib</file>
         <name>f2802xx_codestartbranch.obj</name>
      </input_file>
      <input_file id="fl-11">
         <path>C:\ti\C2000Ware_1_00_04_00_Software\device_support\f2802x\common\ccs\Debug\</path>
         <kind>archive</kind>
         <file>driverlib.lib</file>
         <name>flash.obj</name>
      </input_file>
      <input_file id="fl-12">
         <path>C:\ti\C2000Ware_1_00_04_00_Software\device_support\f2802x\common\ccs\Debug\</path>
         <kind>archive</kind>
         <file>driverlib.lib</file>
         <name>gpio.obj</name>
      </input_file>
      <input_file id="fl-13">
         <path>C:\ti\C2000Ware_1_00_04_00_Software\device_support\f2802x\common\ccs\Debug\</path>
         <kind>archive</kind>
         <file>driverlib.lib</file>
         <name>pie.obj</name>
      </input_file>
      <input_file id="fl-14">
         <path>C:\ti\C2000Ware_1_00_04_00_Software\device_support\f2802x\common\ccs\Debug\</path>
         <kind>archive</kind>
         <file>driverlib.lib</file>
         <name>pll.obj</name>
      </input_file>
      <input_file id="fl-15">
         <path>C:\ti\C2000Ware_1_00_04_00_Software\device_support\f2802x\common\ccs\Debug\</path>
         <kind>archive</kind>
         <file>driverlib.lib</file>
         <name>pwm.obj</name>
      </input_file>
      <input_file id="fl-16">
         <path>C:\ti\C2000Ware_1_00_04_00_Software\device_support\f2802x\common\ccs\Debug\</path>
         <kind>archive</kind>
         <file>driverlib.lib</file>
         <name>sci.obj</name>
      </input_file>
      <input_file id="fl-17">
         <path>C:\ti\C2000Ware_1_00_04_00_Software\device_support\f2802x\common\ccs\Debug\</path>
         <kind>archive</kind>
         <file>driverlib.lib</file>
         <name>timer.obj</name>
      </input_file>
      <input_file id="fl-18">
         <path>C:\ti\C2000Ware_1_00_04_00_Software\device_support\f2802x\common\ccs\Debug\</path>
         <kind>archive</kind>
         <file>driverlib.lib</file>
         <name>wdog.obj</name>
      </input_file>
      <input_file id="fl-19">
         <path>C:\ti\C2000Ware_1_00_04_00_Software\device_support\f2802x\common\ccs\Debug\</path>
         <kind>archive</kind>
         <file>driverlib.lib</file>
         <name>f2802xx_defaultisr.obj</name>
      </input_file>
      <input_file id="fl-1a">
         <path>C:\ti\ccsv8\tools\compiler\ti-cgt-c2000_18.1.2.LTS\lib\</path>
         <kind>archive</kind>
         <file>rts2800_ml.lib</file>
         <name>boot28.asm.obj</name>
      </input_file>
      <input_file id="fl-1b">
         <path>C:\ti\ccsv8\tools\compiler\ti-cgt-c2000_18.1.2.LTS\lib\</path>
         <kind>archive</kind>
         <file>rts2800_ml.lib</file>
         <name>epilog28.asm.obj</name>
      </input_file>
      <input_file id="fl-1c">
         <path>C:\ti\ccsv8\tools\compiler\ti-cgt-c2000_18.1.2.LTS\lib\</path>
         <kind>archive</kind>
         <file>rts2800_ml.lib</file>
         <name>fs_add28.asm.obj</name>
      </input_file>
      <input_file id="fl-1d">
         <path>C:\ti\ccsv8\tools\compiler\ti-cgt-c2000_18.1.2.LTS\lib\</path>
         <kind>archive</kind>
         <file>rts2800_ml.lib</file>
         <name>fs_cmp28.asm.obj</name>
      </input_file>
      <input_file id="fl-1e">
         <path>C:\ti\ccsv8\tools\compiler\ti-cgt-c2000_18.1.2.LTS\lib\</path>
         <kind>archive</kind>
         <file>rts2800_ml.lib</file>
         <name>fs_div28.asm.obj</name>
      </input_file>
      <input_file id="fl-1f">
         <path>C:\ti\ccsv8\tools\compiler\ti-cgt-c2000_18.1.2.LTS\lib\</path>
         <kind>archive</kind>
         <file>rts2800_ml.lib</file>
         <name>fs_mpy28.asm.obj</name>
      </input_file>
      <input_file id="fl-20">
         <path>C:\ti\ccsv8\tools\compiler\ti-cgt-c2000_18.1.2.LTS\lib\</path>
         <kind>archive</kind>
         <file>rts2800_ml.lib</file>
         <name>fs_tou28.asm.obj</name>
      </input_file>
      <input_file id="fl-21">
         <path>C:\ti\ccsv8\tools\compiler\ti-cgt-c2000_18.1.2.LTS\lib\</path>
         <kind>archive</kind>
         <file>rts2800_ml.lib</file>
         <name>i_tofs28.asm.obj</name>
      </input_file>
      <input_file id="fl-22">
         <path>C:\ti\ccsv8\tools\compiler\ti-cgt-c2000_18.1.2.LTS\lib\</path>
         <kind>archive</kind>
         <file>rts2800_ml.lib</file>
         <name>u_div28.asm.obj</name>
      </input_file>
      <input_file id="fl-23">
         <path>C:\ti\ccsv8\tools\compiler\ti-cgt-c2000_18.1.2.LTS\lib\</path>
         <kind>archive</kind>
         <file>rts2800_ml.lib</file>
         <name>u_tofs28.asm.obj</name>
      </input_file>
      <input_file id="fl-24">
         <path>C:\ti\ccsv8\tools\compiler\ti-cgt-c2000_18.1.2.LTS\lib\</path>
         <kind>archive</kind>
         <file>rts2800_ml.lib</file>
         <name>ul_tofs28.asm.obj</name>
      </input_file>
      <input_file id="fl-25">
         <path>C:\ti\ccsv8\tools\compiler\ti-cgt-c2000_18.1.2.LTS\lib\</path>
         <kind>archive</kind>
         <file>rts2800_ml.lib</file>
         <name>prolog28.asm.obj</name>
      </input_file>
      <input_file id="fl-26">
         <path>C:\ti\ccsv8\tools\compiler\ti-cgt-c2000_18.1.2.LTS\lib\</path>
         <kind>archive</kind>
         <file>rts2800_ml.lib</file>
         <name>cpy_tbl.c.obj</name>
      </input_file>
      <input_file id="fl-27">
         <path>C:\ti\ccsv8\tools\compiler\ti-cgt-c2000_18.1.2.LTS\lib\</path>
         <kind>archive</kind>
         <file>rts2800_ml.lib</file>
         <name>memcpy.c.obj</name>
      </input_file>
      <input_file id="fl-28">
         <path>C:\ti\ccsv8\tools\compiler\ti-cgt-c2000_18.1.2.LTS\lib\</path>
         <kind>archive</kind>
         <file>rts2800_ml.lib</file>
         <name>pre_init.c.obj</name>
      </input_file>
      <input_file id="fl-29">
         <path>C:\ti\ccsv8\tools\compiler\ti-cgt-c2000_18.1.2.LTS\lib\</path>
         <kind>archive</kind>
         <file>rts2800_ml.lib</file>
         <name>startup.c.obj</name>
      </input_file>
      <input_file id="fl-2a">
         <path>C:\ti\ccsv8\tools\compiler\ti-cgt-c2000_18.1.2.LTS\lib\</path>
         <kind>archive</kind>
         <file>rts2800_ml.lib</file>
         <name>exit.c.obj</name>
      </input_file>
      <input_file id="fl-2b">
         <path>C:\ti\ccsv8\tools\compiler\ti-cgt-c2000_18.1.2.LTS\lib\</path>
         <kind>archive</kind>
         <file>rts2800_ml.lib</file>
         <name>_lock.c.obj</name>
      </input_file>
      <input_file id="fl-2c">
         <path>C:\ti\ccsv8\tools\compiler\ti-cgt-c2000_18.1.2.LTS\lib\</path>
         <kind>archive</kind>
         <file>rts2800_ml.lib</file>
         <name>args_main.c.obj</name>
      </input_file>
   </input_file_list>
   <object_component_list>
      <object_component id="oc-6c">
         <name>PieVectTableFile</name>
         <uninitialized>true</uninitialized>
         <run_address>0xd00</run_address>
         <size>0x100</size>
         <input_file_ref idref="fl-c"/>
      </object_component>
      <object_component id="oc-4c">
         <name>EmuKeyVar</name>
         <uninitialized>true</uninitialized>
         <run_address>0xd00</run_address>
         <size>0x1</size>
         <input_file_ref idref="fl-c"/>
      </object_component>
      <object_component id="oc-4e">
         <name>EmuBModeVar</name>
         <uninitialized>true</uninitialized>
         <run_address>0xd01</run_address>
         <size>0x1</size>
         <input_file_ref idref="fl-c"/>
      </object_component>
      <object_component id="oc-50">
         <name>FlashCallbackVar</name>
         <uninitialized>true</uninitialized>
         <run_address>0xd02</run_address>
         <size>0x2</size>
         <input_file_ref idref="fl-c"/>
      </object_component>
      <object_component id="oc-4f">
         <name>FlashScalingVar</name>
         <uninitialized>true</uninitialized>
         <run_address>0xd04</run_address>
         <size>0x2</size>
         <input_file_ref idref="fl-c"/>
      </object_component>
      <object_component id="oc-52">
         <name>DevEmuRegsFile</name>
         <uninitialized>true</uninitialized>
         <run_address>0x880</run_address>
         <size>0x4</size>
         <input_file_ref idref="fl-c"/>
      </object_component>
      <object_component id="oc-51">
         <name>SysPwrCtrlRegsFile</name>
         <uninitialized>true</uninitialized>
         <run_address>0x985</run_address>
         <size>0x3</size>
         <input_file_ref idref="fl-c"/>
      </object_component>
      <object_component id="oc-53">
         <name>FlashRegsFile</name>
         <uninitialized>true</uninitialized>
         <run_address>0xa80</run_address>
         <size>0x8</size>
         <input_file_ref idref="fl-c"/>
      </object_component>
      <object_component id="oc-5c">
         <name>CsmRegsFile</name>
         <uninitialized>true</uninitialized>
         <run_address>0xae0</run_address>
         <size>0x10</size>
         <input_file_ref idref="fl-c"/>
      </object_component>
      <object_component id="oc-64">
         <name>AdcResultFile</name>
         <uninitialized>true</uninitialized>
         <run_address>0xb00</run_address>
         <size>0x20</size>
         <input_file_ref idref="fl-c"/>
      </object_component>
      <object_component id="oc-54">
         <name>CpuTimer0RegsFile</name>
         <uninitialized>true</uninitialized>
         <run_address>0xc00</run_address>
         <size>0x8</size>
         <input_file_ref idref="fl-c"/>
      </object_component>
      <object_component id="oc-55">
         <name>CpuTimer1RegsFile</name>
         <uninitialized>true</uninitialized>
         <run_address>0xc08</run_address>
         <size>0x8</size>
         <input_file_ref idref="fl-c"/>
      </object_component>
      <object_component id="oc-56">
         <name>CpuTimer2RegsFile</name>
         <uninitialized>true</uninitialized>
         <run_address>0xc10</run_address>
         <size>0x8</size>
         <input_file_ref idref="fl-c"/>
      </object_component>
      <object_component id="oc-60">
         <name>PieCtrlRegsFile</name>
         <uninitialized>true</uninitialized>
         <run_address>0xce0</run_address>
         <size>0x1a</size>
         <input_file_ref idref="fl-c"/>
      </object_component>
      <object_component id="oc-63">
         <name>ECap1RegsFile</name>
         <uninitialized>true</uninitialized>
         <run_address>0x6a00</run_address>
         <size>0x20</size>
         <input_file_ref idref="fl-c"/>
      </object_component>
      <object_component id="oc-6a">
         <name>GpioCtrlRegsFile</name>
         <uninitialized>true</uninitialized>
         <run_address>0x6f80</run_address>
         <size>0x40</size>
         <input_file_ref idref="fl-c"/>
      </object_component>
      <object_component id="oc-62">
         <name>GpioDataRegsFile</name>
         <uninitialized>true</uninitialized>
         <run_address>0x6fc0</run_address>
         <size>0x20</size>
         <input_file_ref idref="fl-c"/>
      </object_component>
      <object_component id="oc-58">
         <name>GpioIntRegsFile</name>
         <uninitialized>true</uninitialized>
         <run_address>0x6fe0</run_address>
         <size>0xa</size>
         <input_file_ref idref="fl-c"/>
      </object_component>
      <object_component id="oc-61">
         <name>SysCtrlRegsFile</name>
         <uninitialized>true</uninitialized>
         <run_address>0x7010</run_address>
         <size>0x1f</size>
         <input_file_ref idref="fl-c"/>
      </object_component>
      <object_component id="oc-59">
         <name>SpiaRegsFile</name>
         <uninitialized>true</uninitialized>
         <run_address>0x7040</run_address>
         <size>0x10</size>
         <input_file_ref idref="fl-c"/>
      </object_component>
      <object_component id="oc-5a">
         <name>SciaRegsFile</name>
         <uninitialized>true</uninitialized>
         <run_address>0x7050</run_address>
         <size>0x10</size>
         <input_file_ref idref="fl-c"/>
      </object_component>
      <object_component id="oc-5b">
         <name>NmiIntruptRegsFile</name>
         <uninitialized>true</uninitialized>
         <run_address>0x7060</run_address>
         <size>0x10</size>
         <input_file_ref idref="fl-c"/>
      </object_component>
      <object_component id="oc-5d">
         <name>XIntruptRegsFile</name>
         <uninitialized>true</uninitialized>
         <run_address>0x7070</run_address>
         <size>0x10</size>
         <input_file_ref idref="fl-c"/>
      </object_component>
      <object_component id="oc-6b">
         <name>AdcRegsFile</name>
         <uninitialized>true</uninitialized>
         <run_address>0x7100</run_address>
         <size>0x51</size>
         <input_file_ref idref="fl-c"/>
      </object_component>
      <object_component id="oc-65">
         <name>I2caRegsFile</name>
         <uninitialized>true</uninitialized>
         <run_address>0x7900</run_address>
         <size>0x22</size>
         <input_file_ref idref="fl-c"/>
      </object_component>
      <object_component id="oc-5f">
         <name>Comp1RegsFile</name>
         <uninitialized>true</uninitialized>
         <run_address>0x6400</run_address>
         <size>0x11</size>
         <input_file_ref idref="fl-c"/>
      </object_component>
      <object_component id="oc-5e">
         <name>Comp2RegsFile</name>
         <uninitialized>true</uninitialized>
         <run_address>0x6420</run_address>
         <size>0x11</size>
         <input_file_ref idref="fl-c"/>
      </object_component>
      <object_component id="oc-69">
         <name>EPwm1RegsFile</name>
         <uninitialized>true</uninitialized>
         <run_address>0x6800</run_address>
         <size>0x40</size>
         <input_file_ref idref="fl-c"/>
      </object_component>
      <object_component id="oc-67">
         <name>EPwm2RegsFile</name>
         <uninitialized>true</uninitialized>
         <run_address>0x6840</run_address>
         <size>0x40</size>
         <input_file_ref idref="fl-c"/>
      </object_component>
      <object_component id="oc-66">
         <name>EPwm3RegsFile</name>
         <uninitialized>true</uninitialized>
         <run_address>0x6880</run_address>
         <size>0x40</size>
         <input_file_ref idref="fl-c"/>
      </object_component>
      <object_component id="oc-68">
         <name>EPwm4RegsFile</name>
         <uninitialized>true</uninitialized>
         <run_address>0x68c0</run_address>
         <size>0x40</size>
         <input_file_ref idref="fl-c"/>
      </object_component>
      <object_component id="oc-57">
         <name>CsmPwlFile</name>
         <uninitialized>true</uninitialized>
         <run_address>0x3f7ff8</run_address>
         <size>0x8</size>
         <input_file_ref idref="fl-c"/>
      </object_component>
      <object_component id="oc-4d">
         <name>PartIdRegsFile</name>
         <uninitialized>true</uninitialized>
         <run_address>0x3d7fff</run_address>
         <size>0x1</size>
         <input_file_ref idref="fl-c"/>
      </object_component>
      <object_component id="oc-36">
         <name>codestart</name>
         <load_address>0x3f7ff6</load_address>
         <run_address>0x3f7ff6</run_address>
         <size>0x2</size>
         <input_file_ref idref="fl-10"/>
      </object_component>
      <object_component id="oc-181">
         <name>ramfuncs:_FLASH_setup</name>
         <load_address>0x3f7000</load_address>
         <run_address>0x50</run_address>
         <size>0x16</size>
         <input_file_ref idref="fl-11"/>
      </object_component>
      <object_component id="oc-196">
         <name>ramfuncs:_FLASH_setNumPagedReadWaitStates</name>
         <load_address>0x3f7016</load_address>
         <run_address>0x66</run_address>
         <size>0x7</size>
         <input_file_ref idref="fl-11"/>
      </object_component>
      <object_component id="oc-197">
         <name>ramfuncs:_FLASH_setNumRandomReadWaitStates</name>
         <load_address>0x3f701d</load_address>
         <run_address>0x6d</run_address>
         <size>0x7</size>
         <input_file_ref idref="fl-11"/>
      </object_component>
      <object_component id="oc-198">
         <name>ramfuncs:_FLASH_setOtpWaitStates</name>
         <load_address>0x3f7024</load_address>
         <run_address>0x74</run_address>
         <size>0x7</size>
         <input_file_ref idref="fl-11"/>
      </object_component>
      <object_component id="oc-195">
         <name>ramfuncs:_FLASH_enablePipelineMode</name>
         <load_address>0x3f702b</load_address>
         <run_address>0x7b</run_address>
         <size>0x6</size>
         <input_file_ref idref="fl-11"/>
      </object_component>
      <object_component id="oc-19a">
         <name>ramfuncs:_FLASH_setActiveWaitCount</name>
         <load_address>0x3f7031</load_address>
         <run_address>0x81</run_address>
         <size>0x5</size>
         <input_file_ref idref="fl-11"/>
      </object_component>
      <object_component id="oc-199">
         <name>ramfuncs:_FLASH_setStandbyWaitCount</name>
         <load_address>0x3f7036</load_address>
         <run_address>0x86</run_address>
         <size>0x5</size>
         <input_file_ref idref="fl-11"/>
      </object_component>
      <object_component id="oc-137">
         <name>.cinit</name>
         <load_address>0x3f7f38</load_address>
         <run_address>0x3f7f38</run_address>
         <size>0xe</size>
         <input_file_ref idref="fl-2a"/>
      </object_component>
      <object_component id="oc-38">
         <name>.cinit</name>
         <load_address>0x3f7f46</load_address>
         <run_address>0x3f7f46</run_address>
         <size>0x9</size>
         <input_file_ref idref="fl-2"/>
      </object_component>
      <object_component id="oc-18f">
         <name>.cinit:__lock</name>
         <load_address>0x3f7f4f</load_address>
         <run_address>0x3f7f4f</run_address>
         <size>0x5</size>
         <input_file_ref idref="fl-2b"/>
      </object_component>
      <object_component id="oc-1b0">
         <name>.cinit:__unlock</name>
         <load_address>0x3f7f54</load_address>
         <run_address>0x3f7f54</run_address>
         <size>0x5</size>
         <input_file_ref idref="fl-2b"/>
      </object_component>
      <object_component id="oc-14b">
         <name>.text</name>
         <load_address>0x3f703b</load_address>
         <run_address>0x3f703b</run_address>
         <size>0x492</size>
         <input_file_ref idref="fl-2"/>
      </object_component>
      <object_component id="oc-148">
         <name>.text</name>
         <load_address>0x3f74cd</load_address>
         <run_address>0x3f74cd</run_address>
         <size>0x14b</size>
         <input_file_ref idref="fl-4"/>
      </object_component>
      <object_component id="oc-3a">
         <name>.text:retain</name>
         <load_address>0x3f7618</load_address>
         <run_address>0x3f7618</run_address>
         <size>0xd4</size>
         <input_file_ref idref="fl-2"/>
      </object_component>
      <object_component id="oc-fa">
         <name>.text</name>
         <load_address>0x3f76ec</load_address>
         <run_address>0x3f76ec</run_address>
         <size>0x83</size>
         <input_file_ref idref="fl-1e"/>
      </object_component>
      <object_component id="oc-18d">
         <name>.text</name>
         <load_address>0x3f776f</load_address>
         <run_address>0x3f776f</run_address>
         <size>0x7c</size>
         <input_file_ref idref="fl-3"/>
      </object_component>
      <object_component id="oc-f0">
         <name>.text</name>
         <load_address>0x3f77eb</load_address>
         <run_address>0x3f77eb</run_address>
         <size>0x78</size>
         <input_file_ref idref="fl-1c"/>
      </object_component>
      <object_component id="oc-ff">
         <name>.text</name>
         <load_address>0x3f7863</load_address>
         <run_address>0x3f7863</run_address>
         <size>0x5a</size>
         <input_file_ref idref="fl-1f"/>
      </object_component>
      <object_component id="oc-e4">
         <name>.text</name>
         <load_address>0x3f78bd</load_address>
         <run_address>0x3f78bd</run_address>
         <size>0x54</size>
         <input_file_ref idref="fl-1a"/>
      </object_component>
      <object_component id="oc-156">
         <name>.text:_GPIO_setMode</name>
         <load_address>0x3f7911</load_address>
         <run_address>0x3f7911</run_address>
         <size>0x48</size>
         <input_file_ref idref="fl-12"/>
      </object_component>
      <object_component id="oc-157">
         <name>.text:_GPIO_setDirection</name>
         <load_address>0x3f7959</load_address>
         <run_address>0x3f7959</run_address>
         <size>0x29</size>
         <input_file_ref idref="fl-12"/>
      </object_component>
      <object_component id="oc-154">
         <name>.text:_GPIO_setPullUp</name>
         <load_address>0x3f7982</load_address>
         <run_address>0x3f7982</run_address>
         <size>0x29</size>
         <input_file_ref idref="fl-12"/>
      </object_component>
      <object_component id="oc-152">
         <name>.text</name>
         <load_address>0x3f79ab</load_address>
         <run_address>0x3f79ab</run_address>
         <size>0x29</size>
         <input_file_ref idref="fl-2a"/>
      </object_component>
      <object_component id="oc-158">
         <name>.text:_GPIO_setQualificationPeriod</name>
         <load_address>0x3f79d4</load_address>
         <run_address>0x3f79d4</run_address>
         <size>0x28</size>
         <input_file_ref idref="fl-12"/>
      </object_component>
      <object_component id="oc-155">
         <name>.text:_GPIO_setQualification</name>
         <load_address>0x3f79fc</load_address>
         <run_address>0x3f79fc</run_address>
         <size>0x27</size>
         <input_file_ref idref="fl-12"/>
      </object_component>
      <object_component id="oc-14f">
         <name>.text</name>
         <load_address>0x3f7a23</load_address>
         <run_address>0x3f7a23</run_address>
         <size>0x24</size>
         <input_file_ref idref="fl-26"/>
      </object_component>
      <object_component id="oc-162">
         <name>.text:_ADC_setIntMode</name>
         <load_address>0x3f7a47</load_address>
         <run_address>0x3f7a47</run_address>
         <size>0x22</size>
         <input_file_ref idref="fl-d"/>
      </object_component>
      <object_component id="oc-163">
         <name>.text:_ADC_setIntSrc</name>
         <load_address>0x3f7a69</load_address>
         <run_address>0x3f7a69</run_address>
         <size>0x22</size>
         <input_file_ref idref="fl-d"/>
      </object_component>
      <object_component id="oc-183">
         <name>.text:_PIE_enableExtInt</name>
         <load_address>0x3f7a8b</load_address>
         <run_address>0x3f7a8b</run_address>
         <size>0x1d</size>
         <input_file_ref idref="fl-13"/>
      </object_component>
      <object_component id="oc-104">
         <name>.text</name>
         <load_address>0x3f7aa8</load_address>
         <run_address>0x3f7aa8</run_address>
         <size>0x1d</size>
         <input_file_ref idref="fl-20"/>
      </object_component>
      <object_component id="oc-180">
         <name>.text</name>
         <load_address>0x3f7ac5</load_address>
         <run_address>0x3f7ac5</run_address>
         <size>0x1d</size>
         <input_file_ref idref="fl-27"/>
      </object_component>
      <object_component id="oc-109">
         <name>.text</name>
         <load_address>0x3f7ae2</load_address>
         <run_address>0x3f7ae2</run_address>
         <size>0x1a</size>
         <input_file_ref idref="fl-21"/>
      </object_component>
      <object_component id="oc-151">
         <name>.text</name>
         <load_address>0x3f7afc</load_address>
         <run_address>0x3f7afc</run_address>
         <size>0x19</size>
         <input_file_ref idref="fl-2c"/>
      </object_component>
      <object_component id="oc-11d">
         <name>.text</name>
         <load_address>0x3f7b15</load_address>
         <run_address>0x3f7b15</run_address>
         <size>0x19</size>
         <input_file_ref idref="fl-25"/>
      </object_component>
      <object_component id="oc-161">
         <name>.text:_ADC_enableInt</name>
         <load_address>0x3f7b2e</load_address>
         <run_address>0x3f7b2e</run_address>
         <size>0x17</size>
         <input_file_ref idref="fl-d"/>
      </object_component>
      <object_component id="oc-f5">
         <name>.text</name>
         <load_address>0x3f7b45</load_address>
         <run_address>0x3f7b45</run_address>
         <size>0x17</size>
         <input_file_ref idref="fl-1d"/>
      </object_component>
      <object_component id="oc-176">
         <name>.text:_PLL_setup</name>
         <load_address>0x3f7b5c</load_address>
         <run_address>0x3f7b5c</run_address>
         <size>0x15</size>
         <input_file_ref idref="fl-14"/>
      </object_component>
      <object_component id="oc-149">
         <name>.text:_GPIO_toggle</name>
         <load_address>0x3f7b71</load_address>
         <run_address>0x3f7b71</run_address>
         <size>0x14</size>
         <input_file_ref idref="fl-12"/>
      </object_component>
      <object_component id="oc-167">
         <name>.text:_PIE_enableAdcInt</name>
         <load_address>0x3f7b85</load_address>
         <run_address>0x3f7b85</run_address>
         <size>0x14</size>
         <input_file_ref idref="fl-13"/>
      </object_component>
      <object_component id="oc-185">
         <name>.text:_TIMER_setPreScaler</name>
         <load_address>0x3f7b99</load_address>
         <run_address>0x3f7b99</run_address>
         <size>0x13</size>
         <input_file_ref idref="fl-17"/>
      </object_component>
      <object_component id="oc-118">
         <name>.text</name>
         <load_address>0x3f7bac</load_address>
         <run_address>0x3f7bac</run_address>
         <size>0x13</size>
         <input_file_ref idref="fl-24"/>
      </object_component>
      <object_component id="oc-164">
         <name>.text:_ADC_setSocChanNumber</name>
         <load_address>0x3f7bbf</load_address>
         <run_address>0x3f7bbf</run_address>
         <size>0x12</size>
         <input_file_ref idref="fl-d"/>
      </object_component>
      <object_component id="oc-166">
         <name>.text:_ADC_setSocSampleWindow</name>
         <load_address>0x3f7bd1</load_address>
         <run_address>0x3f7bd1</run_address>
         <size>0x12</size>
         <input_file_ref idref="fl-d"/>
      </object_component>
      <object_component id="oc-165">
         <name>.text:_ADC_setSocTrigSrc</name>
         <load_address>0x3f7be3</load_address>
         <run_address>0x3f7be3</run_address>
         <size>0x12</size>
         <input_file_ref idref="fl-d"/>
      </object_component>
      <object_component id="oc-160">
         <name>.text:_ADC_setIntPulseGenMode</name>
         <load_address>0x3f7bf5</load_address>
         <run_address>0x3f7bf5</run_address>
         <size>0x11</size>
         <input_file_ref idref="fl-d"/>
      </object_component>
      <object_component id="oc-15f">
         <name>.text:_ADC_setVoltRefSrc</name>
         <load_address>0x3f7c06</load_address>
         <run_address>0x3f7c06</run_address>
         <size>0x11</size>
         <input_file_ref idref="fl-d"/>
      </object_component>
      <object_component id="oc-147">
         <name>.text:_GPIO_getData</name>
         <load_address>0x3f7c17</load_address>
         <run_address>0x3f7c17</run_address>
         <size>0x11</size>
         <input_file_ref idref="fl-12"/>
      </object_component>
      <object_component id="oc-178">
         <name>.text:_PIE_disableAllInts</name>
         <load_address>0x3f7c28</load_address>
         <run_address>0x3f7c28</run_address>
         <size>0x11</size>
         <input_file_ref idref="fl-13"/>
      </object_component>
      <object_component id="oc-17b">
         <name>.text:_PIE_setDebugIntVectorTable</name>
         <load_address>0x3f7c39</load_address>
         <run_address>0x3f7c39</run_address>
         <size>0x11</size>
         <input_file_ref idref="fl-13"/>
      </object_component>
      <object_component id="oc-113">
         <name>.text</name>
         <load_address>0x3f7c4a</load_address>
         <run_address>0x3f7c4a</run_address>
         <size>0x10</size>
         <input_file_ref idref="fl-23"/>
      </object_component>
      <object_component id="oc-17e">
         <name>.text:_PIE_registerPieIntHandler</name>
         <load_address>0x3f7c5a</load_address>
         <run_address>0x3f7c5a</run_address>
         <size>0xf</size>
         <input_file_ref idref="fl-13"/>
      </object_component>
      <object_component id="oc-182">
         <name>.text:_PIE_setExtIntPolarity</name>
         <load_address>0x3f7c69</load_address>
         <run_address>0x3f7c69</run_address>
         <size>0xf</size>
         <input_file_ref idref="fl-13"/>
      </object_component>
      <object_component id="oc-eb">
         <name>.text</name>
         <load_address>0x3f7c78</load_address>
         <run_address>0x3f7c78</run_address>
         <size>0xc</size>
         <input_file_ref idref="fl-1b"/>
      </object_component>
      <object_component id="oc-159">
         <name>.text:_GPIO_setExtInt</name>
         <load_address>0x3f7c84</load_address>
         <run_address>0x3f7c84</run_address>
         <size>0xb</size>
         <input_file_ref idref="fl-12"/>
      </object_component>
      <object_component id="oc-17d">
         <name>.text:_PIE_registerSystemIntHandler</name>
         <load_address>0x3f7c8f</load_address>
         <run_address>0x3f7c8f</run_address>
         <size>0xb</size>
         <input_file_ref idref="fl-13"/>
      </object_component>
      <object_component id="oc-10e">
         <name>.text</name>
         <load_address>0x3f7c9a</load_address>
         <run_address>0x3f7c9a</run_address>
         <size>0xb</size>
         <input_file_ref idref="fl-22"/>
      </object_component>
      <object_component id="oc-15e">
         <name>.text:_ADC_enable</name>
         <load_address>0x3f7ca5</load_address>
         <run_address>0x3f7ca5</run_address>
         <size>0xa</size>
         <input_file_ref idref="fl-d"/>
      </object_component>
      <object_component id="oc-15b">
         <name>.text:_ADC_enableBandGap</name>
         <load_address>0x3f7caf</load_address>
         <run_address>0x3f7caf</run_address>
         <size>0xa</size>
         <input_file_ref idref="fl-d"/>
      </object_component>
      <object_component id="oc-15c">
         <name>.text:_ADC_enableRefBuffers</name>
         <load_address>0x3f7cb9</load_address>
         <run_address>0x3f7cb9</run_address>
         <size>0xa</size>
         <input_file_ref idref="fl-d"/>
      </object_component>
      <object_component id="oc-168">
         <name>.text:_ADC_init</name>
         <load_address>0x3f7cc3</load_address>
         <run_address>0x3f7cc3</run_address>
         <size>0xa</size>
         <input_file_ref idref="fl-d"/>
      </object_component>
      <object_component id="oc-15d">
         <name>.text:_ADC_powerUp</name>
         <load_address>0x3f7ccd</load_address>
         <run_address>0x3f7ccd</run_address>
         <size>0xa</size>
         <input_file_ref idref="fl-d"/>
      </object_component>
      <object_component id="oc-17f">
         <name>.text:_PIE_enableInt</name>
         <load_address>0x3f7cd7</load_address>
         <run_address>0x3f7cd7</run_address>
         <size>0xa</size>
         <input_file_ref idref="fl-13"/>
      </object_component>
      <object_component id="oc-16d">
         <name>.text:_PIE_init</name>
         <load_address>0x3f7ce1</load_address>
         <run_address>0x3f7ce1</run_address>
         <size>0xa</size>
         <input_file_ref idref="fl-13"/>
      </object_component>
      <object_component id="oc-1aa">
         <name>.text:_SCI_resetChannels</name>
         <load_address>0x3f7ceb</load_address>
         <run_address>0x3f7ceb</run_address>
         <size>0xa</size>
         <input_file_ref idref="fl-16"/>
      </object_component>
      <object_component id="oc-1ac">
         <name>.text:_SCI_resetRxFifo</name>
         <load_address>0x3f7cf5</load_address>
         <run_address>0x3f7cf5</run_address>
         <size>0xa</size>
         <input_file_ref idref="fl-16"/>
      </object_component>
      <object_component id="oc-1a8">
         <name>.text:_SCI_resetTxFifo</name>
         <load_address>0x3f7cff</load_address>
         <run_address>0x3f7cff</run_address>
         <size>0xa</size>
         <input_file_ref idref="fl-16"/>
      </object_component>
      <object_component id="oc-15a">
         <name>.text:_CLK_enablePwmClock</name>
         <load_address>0x3f7d09</load_address>
         <run_address>0x3f7d09</run_address>
         <size>0x9</size>
         <input_file_ref idref="fl-e"/>
      </object_component>
      <object_component id="oc-19d">
         <name>.text:_CLK_enableSciaClock</name>
         <load_address>0x3f7d12</load_address>
         <run_address>0x3f7d12</run_address>
         <size>0x9</size>
         <input_file_ref idref="fl-e"/>
      </object_component>
      <object_component id="oc-19c">
         <name>.text:_SCI_putDataBlocking</name>
         <load_address>0x3f7d1b</load_address>
         <run_address>0x3f7d1b</run_address>
         <size>0x9</size>
         <input_file_ref idref="fl-16"/>
      </object_component>
      <object_component id="oc-1af">
         <name>.text</name>
         <load_address>0x3f7d24</load_address>
         <run_address>0x3f7d24</run_address>
         <size>0x9</size>
         <input_file_ref idref="fl-2b"/>
      </object_component>
      <object_component id="oc-169">
         <name>.text:_CLK_init</name>
         <load_address>0x3f7d2d</load_address>
         <run_address>0x3f7d2d</run_address>
         <size>0x8</size>
         <input_file_ref idref="fl-e"/>
      </object_component>
      <object_component id="oc-16b">
         <name>.text:_FLASH_init</name>
         <load_address>0x3f7d35</load_address>
         <run_address>0x3f7d35</run_address>
         <size>0x8</size>
         <input_file_ref idref="fl-11"/>
      </object_component>
      <object_component id="oc-16c">
         <name>.text:_GPIO_init</name>
         <load_address>0x3f7d3d</load_address>
         <run_address>0x3f7d3d</run_address>
         <size>0x8</size>
         <input_file_ref idref="fl-12"/>
      </object_component>
      <object_component id="oc-16e">
         <name>.text:_PLL_init</name>
         <load_address>0x3f7d45</load_address>
         <run_address>0x3f7d45</run_address>
         <size>0x8</size>
         <input_file_ref idref="fl-14"/>
      </object_component>
      <object_component id="oc-171">
         <name>.text:_PWM_init</name>
         <load_address>0x3f7d4d</load_address>
         <run_address>0x3f7d4d</run_address>
         <size>0x8</size>
         <input_file_ref idref="fl-15"/>
      </object_component>
      <object_component id="oc-172">
         <name>.text:_SCI_init</name>
         <load_address>0x3f7d55</load_address>
         <run_address>0x3f7d55</run_address>
         <size>0x8</size>
         <input_file_ref idref="fl-16"/>
      </object_component>
      <object_component id="oc-16f">
         <name>.text:_TIMER_init</name>
         <load_address>0x3f7d5d</load_address>
         <run_address>0x3f7d5d</run_address>
         <size>0x8</size>
         <input_file_ref idref="fl-17"/>
      </object_component>
      <object_component id="oc-173">
         <name>.text:_WDOG_disable</name>
         <load_address>0x3f7d65</load_address>
         <run_address>0x3f7d65</run_address>
         <size>0x8</size>
         <input_file_ref idref="fl-18"/>
      </object_component>
      <object_component id="oc-170">
         <name>.text:_WDOG_init</name>
         <load_address>0x3f7d6d</load_address>
         <run_address>0x3f7d6d</run_address>
         <size>0x8</size>
         <input_file_ref idref="fl-18"/>
      </object_component>
      <object_component id="oc-7e">
         <name>.text</name>
         <load_address>0x3f7d75</load_address>
         <run_address>0x3f7d75</run_address>
         <size>0x8</size>
         <input_file_ref idref="fl-10"/>
      </object_component>
      <object_component id="oc-18b">
         <name>.text:_CLK_disableTbClockSync</name>
         <load_address>0x3f7d7d</load_address>
         <run_address>0x3f7d7d</run_address>
         <size>0x7</size>
         <input_file_ref idref="fl-e"/>
      </object_component>
      <object_component id="oc-174">
         <name>.text:_CLK_enableAdcClock</name>
         <load_address>0x3f7d84</load_address>
         <run_address>0x3f7d84</run_address>
         <size>0x7</size>
         <input_file_ref idref="fl-e"/>
      </object_component>
      <object_component id="oc-18c">
         <name>.text:_CLK_enableTbClockSync</name>
         <load_address>0x3f7d8b</load_address>
         <run_address>0x3f7d8b</run_address>
         <size>0x7</size>
         <input_file_ref idref="fl-e"/>
      </object_component>
      <object_component id="oc-175">
         <name>.text:_CLK_setOscSrc</name>
         <load_address>0x3f7d92</load_address>
         <run_address>0x3f7d92</run_address>
         <size>0x7</size>
         <input_file_ref idref="fl-e"/>
      </object_component>
      <object_component id="oc-191">
         <name>.text:_PLL_setDivider</name>
         <load_address>0x3f7d99</load_address>
         <run_address>0x3f7d99</run_address>
         <size>0x7</size>
         <input_file_ref idref="fl-14"/>
      </object_component>
      <object_component id="oc-1ae">
         <name>.text:_SCI_setRxFifoIntLevel</name>
         <load_address>0x3f7da0</load_address>
         <run_address>0x3f7da0</run_address>
         <size>0x7</size>
         <input_file_ref idref="fl-16"/>
      </object_component>
      <object_component id="oc-1ab">
         <name>.text:_SCI_setTxFifoIntLevel</name>
         <load_address>0x3f7da7</load_address>
         <run_address>0x3f7da7</run_address>
         <size>0x7</size>
         <input_file_ref idref="fl-16"/>
      </object_component>
      <object_component id="oc-192">
         <name>.text:_PLL_setMultiplier</name>
         <load_address>0x3f7dae</load_address>
         <run_address>0x3f7dae</run_address>
         <size>0x6</size>
         <input_file_ref idref="fl-14"/>
      </object_component>
      <object_component id="oc-1a5">
         <name>.text:_SCI_setBaudRate</name>
         <load_address>0x3f7db4</load_address>
         <run_address>0x3f7db4</run_address>
         <size>0x6</size>
         <input_file_ref idref="fl-16"/>
      </object_component>
      <object_component id="oc-186">
         <name>.text:_TIMER_setEmulationMode</name>
         <load_address>0x3f7dba</load_address>
         <run_address>0x3f7dba</run_address>
         <size>0x6</size>
         <input_file_ref idref="fl-17"/>
      </object_component>
      <object_component id="oc-c0">
         <name>.text:_ADCINT1_ISR</name>
         <load_address>0x3f7dc0</load_address>
         <run_address>0x3f7dc0</run_address>
         <size>0x5</size>
         <input_file_ref idref="fl-19"/>
      </object_component>
      <object_component id="oc-c1">
         <name>.text:_ADCINT2_ISR</name>
         <load_address>0x3f7dc5</load_address>
         <run_address>0x3f7dc5</run_address>
         <size>0x5</size>
         <input_file_ref idref="fl-19"/>
      </object_component>
      <object_component id="oc-d6">
         <name>.text:_ADCINT3_ISR</name>
         <load_address>0x3f7dca</load_address>
         <run_address>0x3f7dca</run_address>
         <size>0x5</size>
         <input_file_ref idref="fl-19"/>
      </object_component>
      <object_component id="oc-d7">
         <name>.text:_ADCINT4_ISR</name>
         <load_address>0x3f7dcf</load_address>
         <run_address>0x3f7dcf</run_address>
         <size>0x5</size>
         <input_file_ref idref="fl-19"/>
      </object_component>
      <object_component id="oc-d8">
         <name>.text:_ADCINT5_ISR</name>
         <load_address>0x3f7dd4</load_address>
         <run_address>0x3f7dd4</run_address>
         <size>0x5</size>
         <input_file_ref idref="fl-19"/>
      </object_component>
      <object_component id="oc-d9">
         <name>.text:_ADCINT6_ISR</name>
         <load_address>0x3f7dd9</load_address>
         <run_address>0x3f7dd9</run_address>
         <size>0x5</size>
         <input_file_ref idref="fl-19"/>
      </object_component>
      <object_component id="oc-da">
         <name>.text:_ADCINT7_ISR</name>
         <load_address>0x3f7dde</load_address>
         <run_address>0x3f7dde</run_address>
         <size>0x5</size>
         <input_file_ref idref="fl-19"/>
      </object_component>
      <object_component id="oc-db">
         <name>.text:_ADCINT8_ISR</name>
         <load_address>0x3f7de3</load_address>
         <run_address>0x3f7de3</run_address>
         <size>0x5</size>
         <input_file_ref idref="fl-19"/>
      </object_component>
      <object_component id="oc-c4">
         <name>.text:_ADCINT9_ISR</name>
         <load_address>0x3f7de8</load_address>
         <run_address>0x3f7de8</run_address>
         <size>0x5</size>
         <input_file_ref idref="fl-19"/>
      </object_component>
      <object_component id="oc-af">
         <name>.text:_DATALOG_ISR</name>
         <load_address>0x3f7ded</load_address>
         <run_address>0x3f7ded</run_address>
         <size>0x5</size>
         <input_file_ref idref="fl-19"/>
      </object_component>
      <object_component id="oc-cf">
         <name>.text:_ECAP1_INT_ISR</name>
         <load_address>0x3f7df2</load_address>
         <run_address>0x3f7df2</run_address>
         <size>0x5</size>
         <input_file_ref idref="fl-19"/>
      </object_component>
      <object_component id="oc-dd">
         <name>.text:_EMPTY_ISR</name>
         <load_address>0x3f7df7</load_address>
         <run_address>0x3f7df7</run_address>
         <size>0x5</size>
         <input_file_ref idref="fl-19"/>
      </object_component>
      <object_component id="oc-b1">
         <name>.text:_EMUINT_ISR</name>
         <load_address>0x3f7dfc</load_address>
         <run_address>0x3f7dfc</run_address>
         <size>0x5</size>
         <input_file_ref idref="fl-19"/>
      </object_component>
      <object_component id="oc-cb">
         <name>.text:_EPWM1_INT_ISR</name>
         <load_address>0x3f7e01</load_address>
         <run_address>0x3f7e01</run_address>
         <size>0x5</size>
         <input_file_ref idref="fl-19"/>
      </object_component>
      <object_component id="oc-c7">
         <name>.text:_EPWM1_TZINT_ISR</name>
         <load_address>0x3f7e06</load_address>
         <run_address>0x3f7e06</run_address>
         <size>0x5</size>
         <input_file_ref idref="fl-19"/>
      </object_component>
      <object_component id="oc-cc">
         <name>.text:_EPWM2_INT_ISR</name>
         <load_address>0x3f7e0b</load_address>
         <run_address>0x3f7e0b</run_address>
         <size>0x5</size>
         <input_file_ref idref="fl-19"/>
      </object_component>
      <object_component id="oc-c8">
         <name>.text:_EPWM2_TZINT_ISR</name>
         <load_address>0x3f7e10</load_address>
         <run_address>0x3f7e10</run_address>
         <size>0x5</size>
         <input_file_ref idref="fl-19"/>
      </object_component>
      <object_component id="oc-cd">
         <name>.text:_EPWM3_INT_ISR</name>
         <load_address>0x3f7e15</load_address>
         <run_address>0x3f7e15</run_address>
         <size>0x5</size>
         <input_file_ref idref="fl-19"/>
      </object_component>
      <object_component id="oc-c9">
         <name>.text:_EPWM3_TZINT_ISR</name>
         <load_address>0x3f7e1a</load_address>
         <run_address>0x3f7e1a</run_address>
         <size>0x5</size>
         <input_file_ref idref="fl-19"/>
      </object_component>
      <object_component id="oc-ce">
         <name>.text:_EPWM4_INT_ISR</name>
         <load_address>0x3f7e1f</load_address>
         <run_address>0x3f7e1f</run_address>
         <size>0x5</size>
         <input_file_ref idref="fl-19"/>
      </object_component>
      <object_component id="oc-ca">
         <name>.text:_EPWM4_TZINT_ISR</name>
         <load_address>0x3f7e24</load_address>
         <run_address>0x3f7e24</run_address>
         <size>0x5</size>
         <input_file_ref idref="fl-19"/>
      </object_component>
      <object_component id="oc-d2">
         <name>.text:_I2CINT1A_ISR</name>
         <load_address>0x3f7e29</load_address>
         <run_address>0x3f7e29</run_address>
         <size>0x5</size>
         <input_file_ref idref="fl-19"/>
      </object_component>
      <object_component id="oc-d3">
         <name>.text:_I2CINT2A_ISR</name>
         <load_address>0x3f7e2e</load_address>
         <run_address>0x3f7e2e</run_address>
         <size>0x5</size>
         <input_file_ref idref="fl-19"/>
      </object_component>
      <object_component id="oc-b3">
         <name>.text:_ILLEGAL_ISR</name>
         <load_address>0x3f7e33</load_address>
         <run_address>0x3f7e33</run_address>
         <size>0x5</size>
         <input_file_ref idref="fl-19"/>
      </object_component>
      <object_component id="oc-ad">
         <name>.text:_INT13_ISR</name>
         <load_address>0x3f7e38</load_address>
         <run_address>0x3f7e38</run_address>
         <size>0x5</size>
         <input_file_ref idref="fl-19"/>
      </object_component>
      <object_component id="oc-ae">
         <name>.text:_INT14_ISR</name>
         <load_address>0x3f7e3d</load_address>
         <run_address>0x3f7e3d</run_address>
         <size>0x5</size>
         <input_file_ref idref="fl-19"/>
      </object_component>
      <object_component id="oc-b2">
         <name>.text:_NMI_ISR</name>
         <load_address>0x3f7e42</load_address>
         <run_address>0x3f7e42</run_address>
         <size>0x5</size>
         <input_file_ref idref="fl-19"/>
      </object_component>
      <object_component id="oc-de">
         <name>.text:_PIE_RESERVED</name>
         <load_address>0x3f7e47</load_address>
         <run_address>0x3f7e47</run_address>
         <size>0x5</size>
         <input_file_ref idref="fl-19"/>
      </object_component>
      <object_component id="oc-8e">
         <name>.text:_PIE_illegalIsr</name>
         <load_address>0x3f7e4c</load_address>
         <run_address>0x3f7e4c</run_address>
         <size>0x5</size>
         <input_file_ref idref="fl-13"/>
      </object_component>
      <object_component id="oc-b0">
         <name>.text:_RTOSINT_ISR</name>
         <load_address>0x3f7e51</load_address>
         <run_address>0x3f7e51</run_address>
         <size>0x5</size>
         <input_file_ref idref="fl-19"/>
      </object_component>
      <object_component id="oc-d4">
         <name>.text:_SCIRXINTA_ISR</name>
         <load_address>0x3f7e56</load_address>
         <run_address>0x3f7e56</run_address>
         <size>0x5</size>
         <input_file_ref idref="fl-19"/>
      </object_component>
      <object_component id="oc-d5">
         <name>.text:_SCITXINTA_ISR</name>
         <load_address>0x3f7e5b</load_address>
         <run_address>0x3f7e5b</run_address>
         <size>0x5</size>
         <input_file_ref idref="fl-19"/>
      </object_component>
      <object_component id="oc-d0">
         <name>.text:_SPIRXINTA_ISR</name>
         <load_address>0x3f7e60</load_address>
         <run_address>0x3f7e60</run_address>
         <size>0x5</size>
         <input_file_ref idref="fl-19"/>
      </object_component>
      <object_component id="oc-d1">
         <name>.text:_SPITXINTA_ISR</name>
         <load_address>0x3f7e65</load_address>
         <run_address>0x3f7e65</run_address>
         <size>0x5</size>
         <input_file_ref idref="fl-19"/>
      </object_component>
      <object_component id="oc-c5">
         <name>.text:_TINT0_ISR</name>
         <load_address>0x3f7e6a</load_address>
         <run_address>0x3f7e6a</run_address>
         <size>0x5</size>
         <input_file_ref idref="fl-19"/>
      </object_component>
      <object_component id="oc-bd">
         <name>.text:_USER10_ISR</name>
         <load_address>0x3f7e6f</load_address>
         <run_address>0x3f7e6f</run_address>
         <size>0x5</size>
         <input_file_ref idref="fl-19"/>
      </object_component>
      <object_component id="oc-be">
         <name>.text:_USER11_ISR</name>
         <load_address>0x3f7e74</load_address>
         <run_address>0x3f7e74</run_address>
         <size>0x5</size>
         <input_file_ref idref="fl-19"/>
      </object_component>
      <object_component id="oc-bf">
         <name>.text:_USER12_ISR</name>
         <load_address>0x3f7e79</load_address>
         <run_address>0x3f7e79</run_address>
         <size>0x5</size>
         <input_file_ref idref="fl-19"/>
      </object_component>
      <object_component id="oc-b4">
         <name>.text:_USER1_ISR</name>
         <load_address>0x3f7e7e</load_address>
         <run_address>0x3f7e7e</run_address>
         <size>0x5</size>
         <input_file_ref idref="fl-19"/>
      </object_component>
      <object_component id="oc-b5">
         <name>.text:_USER2_ISR</name>
         <load_address>0x3f7e83</load_address>
         <run_address>0x3f7e83</run_address>
         <size>0x5</size>
         <input_file_ref idref="fl-19"/>
      </object_component>
      <object_component id="oc-b6">
         <name>.text:_USER3_ISR</name>
         <load_address>0x3f7e88</load_address>
         <run_address>0x3f7e88</run_address>
         <size>0x5</size>
         <input_file_ref idref="fl-19"/>
      </object_component>
      <object_component id="oc-b7">
         <name>.text:_USER4_ISR</name>
         <load_address>0x3f7e8d</load_address>
         <run_address>0x3f7e8d</run_address>
         <size>0x5</size>
         <input_file_ref idref="fl-19"/>
      </object_component>
      <object_component id="oc-b8">
         <name>.text:_USER5_ISR</name>
         <load_address>0x3f7e92</load_address>
         <run_address>0x3f7e92</run_address>
         <size>0x5</size>
         <input_file_ref idref="fl-19"/>
      </object_component>
      <object_component id="oc-b9">
         <name>.text:_USER6_ISR</name>
         <load_address>0x3f7e97</load_address>
         <run_address>0x3f7e97</run_address>
         <size>0x5</size>
         <input_file_ref idref="fl-19"/>
      </object_component>
      <object_component id="oc-ba">
         <name>.text:_USER7_ISR</name>
         <load_address>0x3f7e9c</load_address>
         <run_address>0x3f7e9c</run_address>
         <size>0x5</size>
         <input_file_ref idref="fl-19"/>
      </object_component>
      <object_component id="oc-bb">
         <name>.text:_USER8_ISR</name>
         <load_address>0x3f7ea1</load_address>
         <run_address>0x3f7ea1</run_address>
         <size>0x5</size>
         <input_file_ref idref="fl-19"/>
      </object_component>
      <object_component id="oc-bc">
         <name>.text:_USER9_ISR</name>
         <load_address>0x3f7ea6</load_address>
         <run_address>0x3f7ea6</run_address>
         <size>0x5</size>
         <input_file_ref idref="fl-19"/>
      </object_component>
      <object_component id="oc-c6">
         <name>.text:_WAKEINT_ISR</name>
         <load_address>0x3f7eab</load_address>
         <run_address>0x3f7eab</run_address>
         <size>0x5</size>
         <input_file_ref idref="fl-19"/>
      </object_component>
      <object_component id="oc-c2">
         <name>.text:_XINT1_ISR</name>
         <load_address>0x3f7eb0</load_address>
         <run_address>0x3f7eb0</run_address>
         <size>0x5</size>
         <input_file_ref idref="fl-19"/>
      </object_component>
      <object_component id="oc-c3">
         <name>.text:_XINT2_ISR</name>
         <load_address>0x3f7eb5</load_address>
         <run_address>0x3f7eb5</run_address>
         <size>0x5</size>
         <input_file_ref idref="fl-19"/>
      </object_component>
      <object_component id="oc-dc">
         <name>.text:_XINT3_ISR</name>
         <load_address>0x3f7eba</load_address>
         <run_address>0x3f7eba</run_address>
         <size>0x5</size>
         <input_file_ref idref="fl-19"/>
      </object_component>
      <object_component id="oc-df">
         <name>.text:_rsvd_ISR</name>
         <load_address>0x3f7ebf</load_address>
         <run_address>0x3f7ebf</run_address>
         <size>0x5</size>
         <input_file_ref idref="fl-19"/>
      </object_component>
      <object_component id="oc-187">
         <name>.text:_CPU_enableInt</name>
         <load_address>0x3f7ec4</load_address>
         <run_address>0x3f7ec4</run_address>
         <size>0x4</size>
         <input_file_ref idref="fl-f"/>
      </object_component>
      <object_component id="oc-16a">
         <name>.text:_CPU_init</name>
         <load_address>0x3f7ec8</load_address>
         <run_address>0x3f7ec8</run_address>
         <size>0x4</size>
         <input_file_ref idref="fl-f"/>
      </object_component>
      <object_component id="oc-1ad">
         <name>.text:_SCI_clearRxFifoInt</name>
         <load_address>0x3f7ecc</load_address>
         <run_address>0x3f7ecc</run_address>
         <size>0x4</size>
         <input_file_ref idref="fl-16"/>
      </object_component>
      <object_component id="oc-1a9">
         <name>.text:_SCI_clearTxFifoInt</name>
         <load_address>0x3f7ed0</load_address>
         <run_address>0x3f7ed0</run_address>
         <size>0x4</size>
         <input_file_ref idref="fl-16"/>
      </object_component>
      <object_component id="oc-1a7">
         <name>.text:_SCI_enableFifoEnh</name>
         <load_address>0x3f7ed4</load_address>
         <run_address>0x3f7ed4</run_address>
         <size>0x4</size>
         <input_file_ref idref="fl-16"/>
      </object_component>
      <object_component id="oc-19b">
         <name>.text:_SCI_getTxFifoStatus</name>
         <load_address>0x3f7ed8</load_address>
         <run_address>0x3f7ed8</run_address>
         <size>0x4</size>
         <input_file_ref idref="fl-16"/>
      </object_component>
      <object_component id="oc-1a0">
         <name>.text:_SCI_setCharLength</name>
         <load_address>0x3f7edc</load_address>
         <run_address>0x3f7edc</run_address>
         <size>0x4</size>
         <input_file_ref idref="fl-16"/>
      </object_component>
      <object_component id="oc-19f">
         <name>.text:_SCI_setNumStopBits</name>
         <load_address>0x3f7ee0</load_address>
         <run_address>0x3f7ee0</run_address>
         <size>0x4</size>
         <input_file_ref idref="fl-16"/>
      </object_component>
      <object_component id="oc-17a">
         <name>.text:_CPU_clearIntFlags</name>
         <load_address>0x3f7ee4</load_address>
         <run_address>0x3f7ee4</run_address>
         <size>0x3</size>
         <input_file_ref idref="fl-f"/>
      </object_component>
      <object_component id="oc-179">
         <name>.text:_CPU_disableGlobalInts</name>
         <load_address>0x3f7ee7</load_address>
         <run_address>0x3f7ee7</run_address>
         <size>0x3</size>
         <input_file_ref idref="fl-f"/>
      </object_component>
      <object_component id="oc-18a">
         <name>.text:_CPU_enableDebugInt</name>
         <load_address>0x3f7eea</load_address>
         <run_address>0x3f7eea</run_address>
         <size>0x3</size>
         <input_file_ref idref="fl-f"/>
      </object_component>
      <object_component id="oc-189">
         <name>.text:_CPU_enableGlobalInts</name>
         <load_address>0x3f7eed</load_address>
         <run_address>0x3f7eed</run_address>
         <size>0x3</size>
         <input_file_ref idref="fl-f"/>
      </object_component>
      <object_component id="oc-177">
         <name>.text:_PIE_disable</name>
         <load_address>0x3f7ef0</load_address>
         <run_address>0x3f7ef0</run_address>
         <size>0x3</size>
         <input_file_ref idref="fl-13"/>
      </object_component>
      <object_component id="oc-17c">
         <name>.text:_PIE_enable</name>
         <load_address>0x3f7ef3</load_address>
         <run_address>0x3f7ef3</run_address>
         <size>0x3</size>
         <input_file_ref idref="fl-13"/>
      </object_component>
      <object_component id="oc-188">
         <name>.text:_PIE_enableTimer0Int</name>
         <load_address>0x3f7ef6</load_address>
         <run_address>0x3f7ef6</run_address>
         <size>0x3</size>
         <input_file_ref idref="fl-13"/>
      </object_component>
      <object_component id="oc-190">
         <name>.text:_PLL_getClkStatus</name>
         <load_address>0x3f7ef9</load_address>
         <run_address>0x3f7ef9</run_address>
         <size>0x3</size>
         <input_file_ref idref="fl-14"/>
      </object_component>
      <object_component id="oc-193">
         <name>.text:_PLL_getLockStatus</name>
         <load_address>0x3f7efc</load_address>
         <run_address>0x3f7efc</run_address>
         <size>0x3</size>
         <input_file_ref idref="fl-14"/>
      </object_component>
      <object_component id="oc-19e">
         <name>.text:_SCI_disableParity</name>
         <load_address>0x3f7eff</load_address>
         <run_address>0x3f7eff</run_address>
         <size>0x3</size>
         <input_file_ref idref="fl-16"/>
      </object_component>
      <object_component id="oc-1a6">
         <name>.text:_SCI_enable</name>
         <load_address>0x3f7f02</load_address>
         <run_address>0x3f7f02</run_address>
         <size>0x3</size>
         <input_file_ref idref="fl-16"/>
      </object_component>
      <object_component id="oc-1a2">
         <name>.text:_SCI_enableRx</name>
         <load_address>0x3f7f05</load_address>
         <run_address>0x3f7f05</run_address>
         <size>0x3</size>
         <input_file_ref idref="fl-16"/>
      </object_component>
      <object_component id="oc-1a4">
         <name>.text:_SCI_enableRxInt</name>
         <load_address>0x3f7f08</load_address>
         <run_address>0x3f7f08</run_address>
         <size>0x3</size>
         <input_file_ref idref="fl-16"/>
      </object_component>
      <object_component id="oc-1a1">
         <name>.text:_SCI_enableTx</name>
         <load_address>0x3f7f0b</load_address>
         <run_address>0x3f7f0b</run_address>
         <size>0x3</size>
         <input_file_ref idref="fl-16"/>
      </object_component>
      <object_component id="oc-1a3">
         <name>.text:_SCI_enableTxInt</name>
         <load_address>0x3f7f0e</load_address>
         <run_address>0x3f7f0e</run_address>
         <size>0x3</size>
         <input_file_ref idref="fl-16"/>
      </object_component>
      <object_component id="oc-14c">
         <name>.text:_TIMER_reload</name>
         <load_address>0x3f7f11</load_address>
         <run_address>0x3f7f11</run_address>
         <size>0x3</size>
         <input_file_ref idref="fl-17"/>
      </object_component>
      <object_component id="oc-14d">
         <name>.text:_TIMER_start</name>
         <load_address>0x3f7f14</load_address>
         <run_address>0x3f7f14</run_address>
         <size>0x3</size>
         <input_file_ref idref="fl-17"/>
      </object_component>
      <object_component id="oc-14a">
         <name>.text:_TIMER_stop</name>
         <load_address>0x3f7f17</load_address>
         <run_address>0x3f7f17</run_address>
         <size>0x3</size>
         <input_file_ref idref="fl-17"/>
      </object_component>
      <object_component id="oc-184">
         <name>.text:_TIMER_setPeriod</name>
         <load_address>0x3f7f1a</load_address>
         <run_address>0x3f7f1a</run_address>
         <size>0x2</size>
         <input_file_ref idref="fl-17"/>
      </object_component>
      <object_component id="oc-14e">
         <name>.text</name>
         <load_address>0x3f7f1c</load_address>
         <run_address>0x3f7f1c</run_address>
         <size>0x2</size>
         <input_file_ref idref="fl-28"/>
      </object_component>
      <object_component id="oc-150">
         <name>.text</name>
         <load_address>0x3f7f1e</load_address>
         <run_address>0x3f7f1e</run_address>
         <size>0x1</size>
         <input_file_ref idref="fl-29"/>
      </object_component>
      <object_component id="oc-e5">
         <name>.stack</name>
         <uninitialized>true</uninitialized>
         <run_address>0x400</run_address>
         <size>0x0</size>
         <input_file_ref idref="fl-1a"/>
      </object_component>
      <object_component id="oc-1ef">
         <name>.stack</name>
         <uninitialized>true</uninitialized>
         <run_address>0x400</run_address>
         <size>0x0</size>
      </object_component>
      <object_component id="oc-39">
         <name>.ebss</name>
         <uninitialized>true</uninitialized>
         <run_address>0x600</run_address>
         <size>0x40</size>
         <input_file_ref idref="fl-2"/>
      </object_component>
      <object_component id="oc-138">
         <name>.ebss</name>
         <uninitialized>true</uninitialized>
         <run_address>0x640</run_address>
         <size>0x6</size>
         <input_file_ref idref="fl-2a"/>
      </object_component>
      <object_component id="oc-18e">
         <name>.ebss:__lock</name>
         <uninitialized>true</uninitialized>
         <run_address>0x646</run_address>
         <size>0x2</size>
         <input_file_ref idref="fl-2b"/>
      </object_component>
      <object_component id="oc-1b1">
         <name>.ebss:__unlock</name>
         <uninitialized>true</uninitialized>
         <run_address>0x648</run_address>
         <size>0x2</size>
         <input_file_ref idref="fl-2b"/>
      </object_component>
      <object_component id="oc-46">
         <name>.ebss</name>
         <uninitialized>true</uninitialized>
         <run_address>0x64a</run_address>
         <size>0x2</size>
         <input_file_ref idref="fl-4"/>
      </object_component>
      <object_component id="oc-79">
         <name>.ebss</name>
         <uninitialized>true</uninitialized>
         <run_address>0x64c</run_address>
         <size>0x1</size>
         <input_file_ref idref="fl-f"/>
      </object_component>
      <object_component id="oc-194">
         <name>.econst:_PIE_tableDebugInit</name>
         <load_address>0x3f6000</load_address>
         <run_address>0x3f6000</run_address>
         <size>0x100</size>
         <input_file_ref idref="fl-13"/>
      </object_component>
      <object_component id="oc-3b">
         <name>.econst:.string</name>
         <load_address>0x3f7f20</load_address>
         <run_address>0x3f7f20</run_address>
         <size>0x12</size>
         <input_file_ref idref="fl-2"/>
      </object_component>
      <object_component id="oc-153">
         <name>.econst:_$P$T0$1</name>
         <load_address>0x3f7f32</load_address>
         <run_address>0x3f7f32</run_address>
         <size>0x6</size>
         <input_file_ref idref="fl-4"/>
      </object_component>
      <object_component id="oc-e6">
         <name>.reset</name>
         <load_address>0x3fffc0</load_address>
         <run_address>0x3fffc0</run_address>
         <size>0x2</size>
         <input_file_ref idref="fl-1a"/>
      </object_component>
      <object_component id="oc-37">
         <name>.debug_info</name>
         <load_address>0x0</load_address>
         <run_address>0x0</run_address>
         <size>0x98d6</size>
         <input_file_ref idref="fl-2"/>
      </object_component>
      <object_component id="oc-40">
         <name>.debug_info</name>
         <load_address>0x98d6</load_address>
         <run_address>0x98d6</run_address>
         <size>0x102b</size>
         <input_file_ref idref="fl-3"/>
      </object_component>
      <object_component id="oc-45">
         <name>.debug_info</name>
         <load_address>0xa901</load_address>
         <run_address>0xa901</run_address>
         <size>0x366b</size>
         <input_file_ref idref="fl-4"/>
      </object_component>
      <object_component id="oc-4b">
         <name>.debug_info</name>
         <load_address>0xdf6c</load_address>
         <run_address>0xdf6c</run_address>
         <size>0xb0d8</size>
         <input_file_ref idref="fl-c"/>
      </object_component>
      <object_component id="oc-6e">
         <name>.debug_info</name>
         <load_address>0x19044</load_address>
         <run_address>0x19044</run_address>
         <size>0x296b</size>
         <input_file_ref idref="fl-d"/>
      </object_component>
      <object_component id="oc-73">
         <name>.debug_info</name>
         <load_address>0x1b9af</load_address>
         <run_address>0x1b9af</run_address>
         <size>0x1101</size>
         <input_file_ref idref="fl-e"/>
      </object_component>
      <object_component id="oc-78">
         <name>.debug_info</name>
         <load_address>0x1cab0</load_address>
         <run_address>0x1cab0</run_address>
         <size>0xa77</size>
         <input_file_ref idref="fl-f"/>
      </object_component>
      <object_component id="oc-7f">
         <name>.debug_info</name>
         <load_address>0x1d527</load_address>
         <run_address>0x1d527</run_address>
         <size>0x1eb</size>
         <input_file_ref idref="fl-10"/>
      </object_component>
      <object_component id="oc-83">
         <name>.debug_info</name>
         <load_address>0x1d712</load_address>
         <run_address>0x1d712</run_address>
         <size>0x15bb</size>
         <input_file_ref idref="fl-11"/>
      </object_component>
      <object_component id="oc-88">
         <name>.debug_info</name>
         <load_address>0x1eccd</load_address>
         <run_address>0x1eccd</run_address>
         <size>0x2146</size>
         <input_file_ref idref="fl-12"/>
      </object_component>
      <object_component id="oc-8d">
         <name>.debug_info</name>
         <load_address>0x20e13</load_address>
         <run_address>0x20e13</run_address>
         <size>0x333e</size>
         <input_file_ref idref="fl-13"/>
      </object_component>
      <object_component id="oc-93">
         <name>.debug_info</name>
         <load_address>0x24151</load_address>
         <run_address>0x24151</run_address>
         <size>0xd6c</size>
         <input_file_ref idref="fl-14"/>
      </object_component>
      <object_component id="oc-98">
         <name>.debug_info</name>
         <load_address>0x24ebd</load_address>
         <run_address>0x24ebd</run_address>
         <size>0x2511</size>
         <input_file_ref idref="fl-15"/>
      </object_component>
      <object_component id="oc-9d">
         <name>.debug_info</name>
         <load_address>0x273ce</load_address>
         <run_address>0x273ce</run_address>
         <size>0x1e0d</size>
         <input_file_ref idref="fl-16"/>
      </object_component>
      <object_component id="oc-a2">
         <name>.debug_info</name>
         <load_address>0x291db</load_address>
         <run_address>0x291db</run_address>
         <size>0xc59</size>
         <input_file_ref idref="fl-17"/>
      </object_component>
      <object_component id="oc-a7">
         <name>.debug_info</name>
         <load_address>0x29e34</load_address>
         <run_address>0x29e34</run_address>
         <size>0x7a9</size>
         <input_file_ref idref="fl-18"/>
      </object_component>
      <object_component id="oc-ac">
         <name>.debug_info</name>
         <load_address>0x2a5dd</load_address>
         <run_address>0x2a5dd</run_address>
         <size>0x2d3e</size>
         <input_file_ref idref="fl-19"/>
      </object_component>
      <object_component id="oc-e7">
         <name>.debug_info</name>
         <load_address>0x2d31b</load_address>
         <run_address>0x2d31b</run_address>
         <size>0x16b</size>
         <input_file_ref idref="fl-1a"/>
      </object_component>
      <object_component id="oc-ec">
         <name>.debug_info</name>
         <load_address>0x2d486</load_address>
         <run_address>0x2d486</run_address>
         <size>0x15a</size>
         <input_file_ref idref="fl-1b"/>
      </object_component>
      <object_component id="oc-f1">
         <name>.debug_info</name>
         <load_address>0x2d5e0</load_address>
         <run_address>0x2d5e0</run_address>
         <size>0x10c</size>
         <input_file_ref idref="fl-1c"/>
      </object_component>
      <object_component id="oc-f6">
         <name>.debug_info</name>
         <load_address>0x2d6ec</load_address>
         <run_address>0x2d6ec</run_address>
         <size>0x10c</size>
         <input_file_ref idref="fl-1d"/>
      </object_component>
      <object_component id="oc-fb">
         <name>.debug_info</name>
         <load_address>0x2d7f8</load_address>
         <run_address>0x2d7f8</run_address>
         <size>0x10c</size>
         <input_file_ref idref="fl-1e"/>
      </object_component>
      <object_component id="oc-100">
         <name>.debug_info</name>
         <load_address>0x2d904</load_address>
         <run_address>0x2d904</run_address>
         <size>0x10c</size>
         <input_file_ref idref="fl-1f"/>
      </object_component>
      <object_component id="oc-105">
         <name>.debug_info</name>
         <load_address>0x2da10</load_address>
         <run_address>0x2da10</run_address>
         <size>0x118</size>
         <input_file_ref idref="fl-20"/>
      </object_component>
      <object_component id="oc-10a">
         <name>.debug_info</name>
         <load_address>0x2db28</load_address>
         <run_address>0x2db28</run_address>
         <size>0x116</size>
         <input_file_ref idref="fl-21"/>
      </object_component>
      <object_component id="oc-10f">
         <name>.debug_info</name>
         <load_address>0x2dc3e</load_address>
         <run_address>0x2dc3e</run_address>
         <size>0x139</size>
         <input_file_ref idref="fl-22"/>
      </object_component>
      <object_component id="oc-114">
         <name>.debug_info</name>
         <load_address>0x2dd77</load_address>
         <run_address>0x2dd77</run_address>
         <size>0x110</size>
         <input_file_ref idref="fl-23"/>
      </object_component>
      <object_component id="oc-119">
         <name>.debug_info</name>
         <load_address>0x2de87</load_address>
         <run_address>0x2de87</run_address>
         <size>0x113</size>
         <input_file_ref idref="fl-24"/>
      </object_component>
      <object_component id="oc-11e">
         <name>.debug_info</name>
         <load_address>0x2df9a</load_address>
         <run_address>0x2df9a</run_address>
         <size>0x19a</size>
         <input_file_ref idref="fl-25"/>
      </object_component>
      <object_component id="oc-122">
         <name>.debug_info</name>
         <load_address>0x2e134</load_address>
         <run_address>0x2e134</run_address>
         <size>0x4cd</size>
         <input_file_ref idref="fl-26"/>
      </object_component>
      <object_component id="oc-127">
         <name>.debug_info</name>
         <load_address>0x2e601</load_address>
         <run_address>0x2e601</run_address>
         <size>0x3c8</size>
         <input_file_ref idref="fl-27"/>
      </object_component>
      <object_component id="oc-12c">
         <name>.debug_info</name>
         <load_address>0x2e9c9</load_address>
         <run_address>0x2e9c9</run_address>
         <size>0x33b</size>
         <input_file_ref idref="fl-28"/>
      </object_component>
      <object_component id="oc-131">
         <name>.debug_info</name>
         <load_address>0x2ed04</load_address>
         <run_address>0x2ed04</run_address>
         <size>0x338</size>
         <input_file_ref idref="fl-29"/>
      </object_component>
      <object_component id="oc-136">
         <name>.debug_info</name>
         <load_address>0x2f03c</load_address>
         <run_address>0x2f03c</run_address>
         <size>0x4d2</size>
         <input_file_ref idref="fl-2a"/>
      </object_component>
      <object_component id="oc-13d">
         <name>.debug_info</name>
         <load_address>0x2f50e</load_address>
         <run_address>0x2f50e</run_address>
         <size>0x45a</size>
         <input_file_ref idref="fl-2b"/>
      </object_component>
      <object_component id="oc-142">
         <name>.debug_info</name>
         <load_address>0x2f968</load_address>
         <run_address>0x2f968</run_address>
         <size>0x3f5</size>
         <input_file_ref idref="fl-2c"/>
      </object_component>
      <object_component id="oc-1f4">
         <name>.debug_info</name>
         <load_address>0x2fd5d</load_address>
         <run_address>0x2fd5d</run_address>
         <size>0xbe</size>
      </object_component>
      <object_component id="oc-3c">
         <name>.debug_frame</name>
         <load_address>0x0</load_address>
         <run_address>0x0</run_address>
         <size>0x23c</size>
         <input_file_ref idref="fl-2"/>
      </object_component>
      <object_component id="oc-41">
         <name>.debug_frame</name>
         <load_address>0x23c</load_address>
         <run_address>0x23c</run_address>
         <size>0x90</size>
         <input_file_ref idref="fl-3"/>
      </object_component>
      <object_component id="oc-47">
         <name>.debug_frame</name>
         <load_address>0x2cc</load_address>
         <run_address>0x2cc</run_address>
         <size>0x12c</size>
         <input_file_ref idref="fl-4"/>
      </object_component>
      <object_component id="oc-6f">
         <name>.debug_frame</name>
         <load_address>0x5f0</load_address>
         <run_address>0x5f0</run_address>
         <size>0x173</size>
         <input_file_ref idref="fl-d"/>
      </object_component>
      <object_component id="oc-74">
         <name>.debug_frame</name>
         <load_address>0x763</load_address>
         <run_address>0x763</run_address>
         <size>0xf5</size>
         <input_file_ref idref="fl-e"/>
      </object_component>
      <object_component id="oc-7a">
         <name>.debug_frame</name>
         <load_address>0x858</load_address>
         <run_address>0x858</run_address>
         <size>0xe0</size>
         <input_file_ref idref="fl-f"/>
      </object_component>
      <object_component id="oc-84">
         <name>.debug_frame</name>
         <load_address>0x938</load_address>
         <run_address>0x938</run_address>
         <size>0x10a</size>
         <input_file_ref idref="fl-11"/>
      </object_component>
      <object_component id="oc-89">
         <name>.debug_frame</name>
         <load_address>0xa42</load_address>
         <run_address>0xa42</run_address>
         <size>0x11f</size>
         <input_file_ref idref="fl-12"/>
      </object_component>
      <object_component id="oc-8f">
         <name>.debug_frame</name>
         <load_address>0xb61</load_address>
         <run_address>0xb61</run_address>
         <size>0x173</size>
         <input_file_ref idref="fl-13"/>
      </object_component>
      <object_component id="oc-94">
         <name>.debug_frame</name>
         <load_address>0xcd4</load_address>
         <run_address>0xcd4</run_address>
         <size>0xe0</size>
         <input_file_ref idref="fl-14"/>
      </object_component>
      <object_component id="oc-99">
         <name>.debug_frame</name>
         <load_address>0xdb4</load_address>
         <run_address>0xdb4</run_address>
         <size>0x77</size>
         <input_file_ref idref="fl-15"/>
      </object_component>
      <object_component id="oc-9e">
         <name>.debug_frame</name>
         <load_address>0xe2b</load_address>
         <run_address>0xe2b</run_address>
         <size>0x206</size>
         <input_file_ref idref="fl-16"/>
      </object_component>
      <object_component id="oc-a3">
         <name>.debug_frame</name>
         <load_address>0x1031</load_address>
         <run_address>0x1031</run_address>
         <size>0xf5</size>
         <input_file_ref idref="fl-17"/>
      </object_component>
      <object_component id="oc-a8">
         <name>.debug_frame</name>
         <load_address>0x1126</load_address>
         <run_address>0x1126</run_address>
         <size>0x8c</size>
         <input_file_ref idref="fl-18"/>
      </object_component>
      <object_component id="oc-e0">
         <name>.debug_frame</name>
         <load_address>0x11b2</load_address>
         <run_address>0x11b2</run_address>
         <size>0x491</size>
         <input_file_ref idref="fl-19"/>
      </object_component>
      <object_component id="oc-123">
         <name>.debug_frame</name>
         <load_address>0x3f8</load_address>
         <run_address>0x3f8</run_address>
         <size>0x58</size>
         <input_file_ref idref="fl-26"/>
      </object_component>
      <object_component id="oc-128">
         <name>.debug_frame</name>
         <load_address>0x450</load_address>
         <run_address>0x450</run_address>
         <size>0x38</size>
         <input_file_ref idref="fl-27"/>
      </object_component>
      <object_component id="oc-12d">
         <name>.debug_frame</name>
         <load_address>0x488</load_address>
         <run_address>0x488</run_address>
         <size>0x38</size>
         <input_file_ref idref="fl-28"/>
      </object_component>
      <object_component id="oc-132">
         <name>.debug_frame</name>
         <load_address>0x4c0</load_address>
         <run_address>0x4c0</run_address>
         <size>0x38</size>
         <input_file_ref idref="fl-29"/>
      </object_component>
      <object_component id="oc-139">
         <name>.debug_frame</name>
         <load_address>0x4f8</load_address>
[...]
      </symbol>
      <symbol id="sm-28a">
         <name>_PIE_init</name>
         <value>0x3f7ce1</value>
         <object_component_ref idref="oc-16d"/>
      </symbol>
      <symbol id="sm-28b">
         <name>_PIE_setDebugIntVectorTable</name>
         <value>0x3f7c39</value>
         <object_component_ref idref="oc-17b"/>
      </symbol>
      <symbol id="sm-28c">
         <name>_PIE_enableInt</name>
         <value>0x3f7cd7</value>
         <object_component_ref idref="oc-17f"/>
      </symbol>
      <symbol id="sm-28d">
         <name>_PIE_tableDebugInit</name>
         <value>0x3f6000</value>
         <object_component_ref idref="oc-194"/>
      </symbol>
      <symbol id="sm-2a8">
         <name>_PLL_getClkStatus</name>
         <value>0x3f7ef9</value>
         <object_component_ref idref="oc-190"/>
      </symbol>
      <symbol id="sm-2a9">
         <name>_PLL_setDivider</name>
         <value>0x3f7d99</value>
         <object_component_ref idref="oc-191"/>
      </symbol>
      <symbol id="sm-2aa">
         <name>_PLL_init</name>
         <value>0x3f7d45</value>
         <object_component_ref idref="oc-16e"/>
      </symbol>
      <symbol id="sm-2ab">
         <name>_PLL_getLockStatus</name>
         <value>0x3f7efc</value>
         <object_component_ref idref="oc-193"/>
      </symbol>
      <symbol id="sm-2ac">
         <name>_PLL_setup</name>
         <value>0x3f7b5c</value>
         <object_component_ref idref="oc-176"/>
      </symbol>
      <symbol id="sm-2ad">
         <name>_PLL_setMultiplier</name>
         <value>0x3f7dae</value>
         <object_component_ref idref="oc-192"/>
      </symbol>
      <symbol id="sm-2bc">
         <name>_PWM_init</name>
         <value>0x3f7d4d</value>
         <object_component_ref idref="oc-171"/>
      </symbol>
      <symbol id="sm-2f2">
         <name>_SCI_enableFifoEnh</name>
         <value>0x3f7ed4</value>
         <object_component_ref idref="oc-1a7"/>
      </symbol>
      <symbol id="sm-2f3">
         <name>_SCI_setNumStopBits</name>
         <value>0x3f7ee0</value>
         <object_component_ref idref="oc-19f"/>
      </symbol>
      <symbol id="sm-2f4">
         <name>_SCI_putDataBlocking</name>
         <value>0x3f7d1b</value>
         <object_component_ref idref="oc-19c"/>
      </symbol>
      <symbol id="sm-2f5">
         <name>_SCI_clearRxFifoInt</name>
         <value>0x3f7ecc</value>
         <object_component_ref idref="oc-1ad"/>
      </symbol>
      <symbol id="sm-2f6">
         <name>_SCI_init</name>
         <value>0x3f7d55</value>
         <object_component_ref idref="oc-172"/>
      </symbol>
      <symbol id="sm-2f7">
         <name>_SCI_resetChannels</name>
         <value>0x3f7ceb</value>
         <object_component_ref idref="oc-1aa"/>
      </symbol>
      <symbol id="sm-2f8">
         <name>_SCI_enableTxInt</name>
         <value>0x3f7f0e</value>
         <object_component_ref idref="oc-1a3"/>
      </symbol>
      <symbol id="sm-2f9">
         <name>_SCI_disableParity</name>
         <value>0x3f7eff</value>
         <object_component_ref idref="oc-19e"/>
      </symbol>
      <symbol id="sm-2fa">
         <name>_SCI_setRxFifoIntLevel</name>
         <value>0x3f7da0</value>
         <object_component_ref idref="oc-1ae"/>
      </symbol>
      <symbol id="sm-2fb">
         <name>_SCI_resetTxFifo</name>
         <value>0x3f7cff</value>
         <object_component_ref idref="oc-1a8"/>
      </symbol>
      <symbol id="sm-2fc">
         <name>_SCI_resetRxFifo</name>
         <value>0x3f7cf5</value>
         <object_component_ref idref="oc-1ac"/>
      </symbol>
      <symbol id="sm-2fd">
         <name>_SCI_getTxFifoStatus</name>
         <value>0x3f7ed8</value>
         <object_component_ref idref="oc-19b"/>
      </symbol>
      <symbol id="sm-2fe">
         <name>_SCI_clearTxFifoInt</name>
         <value>0x3f7ed0</value>
         <object_component_ref idref="oc-1a9"/>
      </symbol>
      <symbol id="sm-2ff">
         <name>_SCI_enable</name>
         <value>0x3f7f02</value>
         <object_component_ref idref="oc-1a6"/>
      </symbol>
      <symbol id="sm-300">
         <name>_SCI_setTxFifoIntLevel</name>
         <value>0x3f7da7</value>
         <object_component_ref idref="oc-1ab"/>
      </symbol>
      <symbol id="sm-301">
         <name>_SCI_enableRxInt</name>
         <value>0x3f7f08</value>
         <object_component_ref idref="oc-1a4"/>
      </symbol>
      <symbol id="sm-302">
         <name>_SCI_setBaudRate</name>
         <value>0x3f7db4</value>
         <object_component_ref idref="oc-1a5"/>
      </symbol>
      <symbol id="sm-303">
         <name>_SCI_enableRx</name>
         <value>0x3f7f05</value>
         <object_component_ref idref="oc-1a2"/>
      </symbol>
      <symbol id="sm-304">
         <name>_SCI_enableTx</name>
         <value>0x3f7f0b</value>
         <object_component_ref idref="oc-1a1"/>
      </symbol>
      <symbol id="sm-305">
         <name>_SCI_setCharLength</name>
         <value>0x3f7edc</value>
         <object_component_ref idref="oc-1a0"/>
      </symbol>
      <symbol id="sm-320">
         <name>_TIMER_setEmulationMode</name>
         <value>0x3f7dba</value>
         <object_component_ref idref="oc-186"/>
      </symbol>
      <symbol id="sm-321">
         <name>_TIMER_start</name>
         <value>0x3f7f14</value>
         <object_component_ref idref="oc-14d"/>
      </symbol>
      <symbol id="sm-322">
         <name>_TIMER_setPreScaler</name>
         <value>0x3f7b99</value>
         <object_component_ref idref="oc-185"/>
      </symbol>
      <symbol id="sm-323">
         <name>_TIMER_setPeriod</name>
         <value>0x3f7f1a</value>
         <object_component_ref idref="oc-184"/>
      </symbol>
      <symbol id="sm-324">
         <name>_TIMER_init</name>
         <value>0x3f7d5d</value>
         <object_component_ref idref="oc-16f"/>
      </symbol>
      <symbol id="sm-325">
         <name>_TIMER_reload</name>
         <value>0x3f7f11</value>
         <object_component_ref idref="oc-14c"/>
      </symbol>
      <symbol id="sm-326">
         <name>_TIMER_stop</name>
         <value>0x3f7f17</value>
         <object_component_ref idref="oc-14a"/>
      </symbol>
      <symbol id="sm-337">
         <name>_WDOG_init</name>
         <value>0x3f7d6d</value>
         <object_component_ref idref="oc-170"/>
      </symbol>
      <symbol id="sm-338">
         <name>_WDOG_disable</name>
         <value>0x3f7d65</value>
         <object_component_ref idref="oc-173"/>
      </symbol>
      <symbol id="sm-3db">
         <name>_ILLEGAL_ISR</name>
         <value>0x3f7e33</value>
         <object_component_ref idref="oc-b3"/>
      </symbol>
      <symbol id="sm-3dc">
         <name>_ADCINT4_ISR</name>
         <value>0x3f7dcf</value>
         <object_component_ref idref="oc-d7"/>
      </symbol>
      <symbol id="sm-3dd">
         <name>_DATALOG_ISR</name>
         <value>0x3f7ded</value>
         <object_component_ref idref="oc-af"/>
      </symbol>
      <symbol id="sm-3de">
         <name>_SPITXINTA_ISR</name>
         <value>0x3f7e65</value>
         <object_component_ref idref="oc-d1"/>
      </symbol>
      <symbol id="sm-3df">
         <name>_SPIRXINTA_ISR</name>
         <value>0x3f7e60</value>
         <object_component_ref idref="oc-d0"/>
      </symbol>
      <symbol id="sm-3e0">
         <name>_INT13_ISR</name>
         <value>0x3f7e38</value>
         <object_component_ref idref="oc-ad"/>
      </symbol>
      <symbol id="sm-3e1">
         <name>_ADCINT5_ISR</name>
         <value>0x3f7dd4</value>
         <object_component_ref idref="oc-d8"/>
      </symbol>
      <symbol id="sm-3e2">
         <name>_EPWM4_INT_ISR</name>
         <value>0x3f7e1f</value>
         <object_component_ref idref="oc-ce"/>
      </symbol>
      <symbol id="sm-3e3">
         <name>_USER5_ISR</name>
         <value>0x3f7e92</value>
         <object_component_ref idref="oc-b8"/>
      </symbol>
      <symbol id="sm-3e4">
         <name>_EMPTY_ISR</name>
         <value>0x3f7df7</value>
         <object_component_ref idref="oc-dd"/>
      </symbol>
      <symbol id="sm-3e5">
         <name>_EPWM4_TZINT_ISR</name>
         <value>0x3f7e24</value>
         <object_component_ref idref="oc-ca"/>
      </symbol>
      <symbol id="sm-3e6">
         <name>_EMUINT_ISR</name>
         <value>0x3f7dfc</value>
         <object_component_ref idref="oc-b1"/>
      </symbol>
      <symbol id="sm-3e7">
         <name>_ECAP1_INT_ISR</name>
         <value>0x3f7df2</value>
         <object_component_ref idref="oc-cf"/>
      </symbol>
      <symbol id="sm-3e8">
         <name>_EPWM1_TZINT_ISR</name>
         <value>0x3f7e06</value>
         <object_component_ref idref="oc-c7"/>
      </symbol>
      <symbol id="sm-3e9">
         <name>_ADCINT6_ISR</name>
         <value>0x3f7dd9</value>
         <object_component_ref idref="oc-d9"/>
      </symbol>
      <symbol id="sm-3ea">
         <name>_ADCINT8_ISR</name>
         <value>0x3f7de3</value>
         <object_component_ref idref="oc-db"/>
      </symbol>
      <symbol id="sm-3eb">
         <name>_USER11_ISR</name>
         <value>0x3f7e74</value>
         <object_component_ref idref="oc-be"/>
      </symbol>
      <symbol id="sm-3ec">
         <name>_EPWM3_TZINT_ISR</name>
         <value>0x3f7e1a</value>
         <object_component_ref idref="oc-c9"/>
      </symbol>
      <symbol id="sm-3ed">
         <name>_USER4_ISR</name>
         <value>0x3f7e8d</value>
         <object_component_ref idref="oc-b7"/>
      </symbol>
      <symbol id="sm-3ee">
         <name>_EPWM2_TZINT_ISR</name>
         <value>0x3f7e10</value>
         <object_component_ref idref="oc-c8"/>
      </symbol>
      <symbol id="sm-3ef">
         <name>_EPWM2_INT_ISR</name>
         <value>0x3f7e0b</value>
         <object_component_ref idref="oc-cc"/>
      </symbol>
      <symbol id="sm-3f0">
         <name>_TINT0_ISR</name>
         <value>0x3f7e6a</value>
         <object_component_ref idref="oc-c5"/>
      </symbol>
      <symbol id="sm-3f1">
         <name>_WAKEINT_ISR</name>
         <value>0x3f7eab</value>
         <object_component_ref idref="oc-c6"/>
      </symbol>
      <symbol id="sm-3f2">
         <name>_ADCINT7_ISR</name>
         <value>0x3f7dde</value>
         <object_component_ref idref="oc-da"/>
      </symbol>
      <symbol id="sm-3f3">
         <name>_ADCINT9_ISR</name>
         <value>0x3f7de8</value>
         <object_component_ref idref="oc-c4"/>
      </symbol>
      <symbol id="sm-3f4">
         <name>_USER10_ISR</name>
         <value>0x3f7e6f</value>
         <object_component_ref idref="oc-bd"/>
      </symbol>
      <symbol id="sm-3f5">
         <name>_USER7_ISR</name>
         <value>0x3f7e9c</value>
         <object_component_ref idref="oc-ba"/>
      </symbol>
      <symbol id="sm-3f6">
         <name>_XINT1_ISR</name>
         <value>0x3f7eb0</value>
         <object_component_ref idref="oc-c2"/>
      </symbol>
      <symbol id="sm-3f7">
         <name>_INT14_ISR</name>
         <value>0x3f7e3d</value>
         <object_component_ref idref="oc-ae"/>
      </symbol>
      <symbol id="sm-3f8">
         <name>_USER6_ISR</name>
         <value>0x3f7e97</value>
         <object_component_ref idref="oc-b9"/>
      </symbol>
      <symbol id="sm-3f9">
         <name>_ADCINT1_ISR</name>
         <value>0x3f7dc0</value>
         <object_component_ref idref="oc-c0"/>
      </symbol>
      <symbol id="sm-3fa">
         <name>_USER12_ISR</name>
         <value>0x3f7e79</value>
         <object_component_ref idref="oc-bf"/>
      </symbol>
      <symbol id="sm-3fb">
         <name>_USER1_ISR</name>
         <value>0x3f7e7e</value>
         <object_component_ref idref="oc-b4"/>
      </symbol>
      <symbol id="sm-3fc">
         <name>_XINT3_ISR</name>
         <value>0x3f7eba</value>
         <object_component_ref idref="oc-dc"/>
      </symbol>
      <symbol id="sm-3fd">
         <name>_NMI_ISR</name>
         <value>0x3f7e42</value>
         <object_component_ref idref="oc-b2"/>
      </symbol>
      <symbol id="sm-3fe">
         <name>_ADCINT2_ISR</name>
         <value>0x3f7dc5</value>
         <object_component_ref idref="oc-c1"/>
      </symbol>
      <symbol id="sm-3ff">
         <name>_PIE_RESERVED</name>
         <value>0x3f7e47</value>
         <object_component_ref idref="oc-de"/>
      </symbol>
      <symbol id="sm-400">
         <name>_I2CINT1A_ISR</name>
         <value>0x3f7e29</value>
         <object_component_ref idref="oc-d2"/>
      </symbol>
      <symbol id="sm-401">
         <name>_XINT2_ISR</name>
         <value>0x3f7eb5</value>
         <object_component_ref idref="oc-c3"/>
      </symbol>
      <symbol id="sm-402">
         <name>_I2CINT2A_ISR</name>
         <value>0x3f7e2e</value>
         <object_component_ref idref="oc-d3"/>
      </symbol>
      <symbol id="sm-403">
         <name>_RTOSINT_ISR</name>
         <value>0x3f7e51</value>
         <object_component_ref idref="oc-b0"/>
      </symbol>
      <symbol id="sm-404">
         <name>_EPWM3_INT_ISR</name>
         <value>0x3f7e15</value>
         <object_component_ref idref="oc-cd"/>
      </symbol>
      <symbol id="sm-405">
         <name>_ADCINT3_ISR</name>
         <value>0x3f7dca</value>
         <object_component_ref idref="oc-d6"/>
      </symbol>
      <symbol id="sm-406">
         <name>_USER9_ISR</name>
         <value>0x3f7ea6</value>
         <object_component_ref idref="oc-bc"/>
      </symbol>
      <symbol id="sm-407">
         <name>_USER3_ISR</name>
         <value>0x3f7e88</value>
         <object_component_ref idref="oc-b6"/>
      </symbol>
      <symbol id="sm-408">
         <name>_USER8_ISR</name>
         <value>0x3f7ea1</value>
         <object_component_ref idref="oc-bb"/>
      </symbol>
      <symbol id="sm-409">
         <name>_EPWM1_INT_ISR</name>
         <value>0x3f7e01</value>
         <object_component_ref idref="oc-cb"/>
      </symbol>
      <symbol id="sm-40a">
         <name>_USER2_ISR</name>
         <value>0x3f7e83</value>
         <object_component_ref idref="oc-b5"/>
      </symbol>
      <symbol id="sm-40b">
         <name>_SCITXINTA_ISR</name>
         <value>0x3f7e5b</value>
         <object_component_ref idref="oc-d5"/>
      </symbol>
      <symbol id="sm-40c">
         <name>_SCIRXINTA_ISR</name>
         <value>0x3f7e56</value>
         <object_component_ref idref="oc-d4"/>
      </symbol>
      <symbol id="sm-40d">
         <name>_rsvd_ISR</name>
         <value>0x3f7ebf</value>
         <object_component_ref idref="oc-df"/>
      </symbol>
      <symbol id="sm-428">
         <name>_c_int00</name>
         <value>0x3f78bd</value>
         <object_component_ref idref="oc-e4"/>
      </symbol>
      <symbol id="sm-429">
         <name>__stack</name>
         <value>0x400</value>
         <object_component_ref idref="oc-e5"/>
      </symbol>
      <symbol id="sm-435">
         <name>_epilog_c28x_1</name>
         <value>0x3f7c78</value>
         <object_component_ref idref="oc-eb"/>
      </symbol>
      <symbol id="sm-436">
         <name>_epilog_c28x_2</name>
         <value>0x3f7c7c</value>
         <object_component_ref idref="oc-eb"/>
      </symbol>
      <symbol id="sm-450">
         <name>FS$$ADD</name>
         <value>0x3f77f0</value>
         <object_component_ref idref="oc-f0"/>
      </symbol>
      <symbol id="sm-451">
         <name>FS$$SUB</name>
         <value>0x3f77eb</value>
         <object_component_ref idref="oc-f0"/>
      </symbol>
      <symbol id="sm-463">
         <name>FS$$CMP</name>
         <value>0x3f7b45</value>
         <object_component_ref idref="oc-f5"/>
      </symbol>
      <symbol id="sm-474">
         <name>FS$$DIV</name>
         <value>0x3f76ec</value>
         <object_component_ref idref="oc-fa"/>
      </symbol>
      <symbol id="sm-485">
         <name>FS$$MPY</name>
         <value>0x3f7863</value>
         <object_component_ref idref="oc-ff"/>
      </symbol>
      <symbol id="sm-496">
         <name>FS$$TOU</name>
         <value>0x3f7aa8</value>
         <object_component_ref idref="oc-104"/>
      </symbol>
      <symbol id="sm-4a5">
         <name>I$$TOFS</name>
         <value>0x3f7ae2</value>
         <object_component_ref idref="oc-109"/>
      </symbol>
      <symbol id="sm-4b1">
         <name>U$$MOD</name>
         <value>0x3f7c9f</value>
         <object_component_ref idref="oc-10e"/>
      </symbol>
      <symbol id="sm-4b2">
         <name>U$$DIV</name>
         <value>0x3f7c9a</value>
         <object_component_ref idref="oc-10e"/>
      </symbol>
      <symbol id="sm-4c0">
         <name>U$$TOFS</name>
         <value>0x3f7c4a</value>
         <object_component_ref idref="oc-113"/>
      </symbol>
      <symbol id="sm-4d0">
         <name>UL$$TOFS</name>
         <value>0x3f7bac</value>
         <object_component_ref idref="oc-118"/>
      </symbol>
      <symbol id="sm-4dc">
         <name>_prolog_c28x_1</name>
         <value>0x3f7b15</value>
         <object_component_ref idref="oc-11d"/>
      </symbol>
      <symbol id="sm-4dd">
         <name>_prolog_c28x_2</name>
         <value>0x3f7b19</value>
         <object_component_ref idref="oc-11d"/>
      </symbol>
      <symbol id="sm-4de">
         <name>_prolog_c28x_3</name>
         <value>0x3f7b21</value>
         <object_component_ref idref="oc-11d"/>
      </symbol>
      <symbol id="sm-4ed">
         <name>_copy_in</name>
         <value>0x3f7a23</value>
         <object_component_ref idref="oc-14f"/>
      </symbol>
      <symbol id="sm-4fe">
         <name>_memcpy</name>
         <value>0x3f7ac5</value>
         <object_component_ref idref="oc-180"/>
      </symbol>
      <symbol id="sm-50a">
         <name>__system_pre_init</name>
         <value>0x3f7f1c</value>
         <object_component_ref idref="oc-14e"/>
      </symbol>
      <symbol id="sm-517">
         <name>__system_post_cinit</name>
         <value>0x3f7f1e</value>
         <object_component_ref idref="oc-150"/>
      </symbol>
      <symbol id="sm-52b">
         <name>C$$EXIT</name>
         <value>0x3f79ab</value>
         <object_component_ref idref="oc-152"/>
      </symbol>
      <symbol id="sm-52c">
         <name>_exit</name>
         <value>0x3f79ad</value>
         <object_component_ref idref="oc-152"/>
      </symbol>
      <symbol id="sm-52d">
         <name>___TI_cleanup_ptr</name>
         <value>0x642</value>
         <object_component_ref idref="oc-138"/>
      </symbol>
      <symbol id="sm-52e">
         <name>___TI_enable_exit_profile_output</name>
         <value>0x640</value>
         <object_component_ref idref="oc-138"/>
      </symbol>
      <symbol id="sm-52f">
         <name>_abort</name>
         <value>0x3f79ab</value>
         <object_component_ref idref="oc-152"/>
      </symbol>
      <symbol id="sm-530">
         <name>___TI_dtors_ptr</name>
         <value>0x644</value>
         <object_component_ref idref="oc-138"/>
      </symbol>
      <symbol id="sm-544">
         <name>__unlock</name>
         <value>0x648</value>
         <object_component_ref idref="oc-1b1"/>
      </symbol>
      <symbol id="sm-545">
         <name>__lock</name>
         <value>0x646</value>
         <object_component_ref idref="oc-18e"/>
      </symbol>
      <symbol id="sm-546">
         <name>__register_lock</name>
         <value>0x3f7d28</value>
         <object_component_ref idref="oc-1af"/>
      </symbol>
      <symbol id="sm-547">
         <name>__nop</name>
         <value>0x3f7d2c</value>
         <object_component_ref idref="oc-1af"/>
      </symbol>
      <symbol id="sm-548">
         <name>__register_unlock</name>
         <value>0x3f7d24</value>
         <object_component_ref idref="oc-1af"/>
      </symbol>
      <symbol id="sm-557">
         <name>__args_main</name>
         <value>0x3f7afc</value>
         <object_component_ref idref="oc-151"/>
      </symbol>
   </symbol_table>
   <title>Link successful</title>
</link_info>
