<?xml version="1.0" encoding="ISO-8859-1" ?>
<link_info>
   <banner>TMS320C2000 Linker PC v18.1.2.LTS</banner>
   <copyright>Copyright (c) 1996-2017 Texas Instruments Incorporated</copyright>
   <link_time>0x5bcfa620</link_time>
   <link_errors>0x0</link_errors>
   <output_file>Example_F2802xCpuTimer.out</output_file>
   <entry_point>
      <name>code_start</name>
      <address>0x0</address>
   </entry_point>
   <input_file_list>
      <input_file id="fl-2">
         <path>.\</path>
         <kind>object</kind>
         <file>Example_2802xCpuTimer.obj</file>
         <name>Example_2802xCpuTimer.obj</name>
      </input_file>
      <input_file id="fl-3">
         <path>.\</path>
         <kind>object</kind>
         <file>user.obj</file>
         <name>user.obj</name>
      </input_file>
      <input_file id="fl-a">
         <kind>object</kind>
         <file>&lt;internal&gt;</file>
         <name>&lt;internal&gt;</name>
      </input_file>
      <input_file id="fl-b">
         <path>C:\ti\C2000Ware_1_00_04_00_Software\device_support\f2802x\common\ccs\Debug\</path>
         <kind>archive</kind>
         <file>driverlib.lib</file>
         <name>F2802xX_GlobalVariableDefs.obj</name>
      </input_file>
      <input_file id="fl-c">
         <path>C:\ti\C2000Ware_1_00_04_00_Software\device_support\f2802x\common\ccs\Debug\</path>
         <kind>archive</kind>
         <file>driverlib.lib</file>
         <name>adc.obj</name>
      </input_file>
      <input_file id="fl-d">
         <path>C:\ti\C2000Ware_1_00_04_00_Software\device_support\f2802x\common\ccs\Debug\</path>
         <kind>archive</kind>
         <file>driverlib.lib</file>
         <name>clk.obj</name>
      </input_file>
      <input_file id="fl-e">
         <path>C:\ti\C2000Ware_1_00_04_00_Software\device_support\f2802x\common\ccs\Debug\</path>
         <kind>archive</kind>
         <file>driverlib.lib</file>
         <name>cpu.obj</name>
      </input_file>
      <input_file id="fl-f">
         <path>C:\ti\C2000Ware_1_00_04_00_Software\device_support\f2802x\common\ccs\Debug\</path>
         <kind>archive</kind>
         <file>driverlib.lib</file>
         <name>f2802xx_asmfuncs.obj</name>
      </input_file>
      <input_file id="fl-10">
         <path>C:\ti\C2000Ware_1_00_04_00_Software\device_support\f2802x\common\ccs\Debug\</path>
         <kind>archive</kind>
         <file>driverlib.lib</file>
         <name>f2802xx_codestartbranch.obj</name>
      </input_file>
      <input_file id="fl-11">
         <path>C:\ti\C2000Ware_1_00_04_00_Software\device_support\f2802x\common\ccs\Debug\</path>
         <kind>archive</kind>
         <file>driverlib.lib</file>
         <name>flash.obj</name>
      </input_file>
      <input_file id="fl-12">
         <path>C:\ti\C2000Ware_1_00_04_00_Software\device_support\f2802x\common\ccs\Debug\</path>
         <kind>archive</kind>
         <file>driverlib.lib</file>
         <name>gpio.obj</name>
      </input_file>
      <input_file id="fl-13">
         <path>C:\ti\C2000Ware_1_00_04_00_Software\device_support\f2802x\common\ccs\Debug\</path>
         <kind>archive</kind>
         <file>driverlib.lib</file>
         <name>pie.obj</name>
      </input_file>
      <input_file id="fl-14">
         <path>C:\ti\C2000Ware_1_00_04_00_Software\device_support\f2802x\common\ccs\Debug\</path>
         <kind>archive</kind>
         <file>driverlib.lib</file>
         <name>pll.obj</name>
      </input_file>
      <input_file id="fl-15">
         <path>C:\ti\C2000Ware_1_00_04_00_Software\device_support\f2802x\common\ccs\Debug\</path>
         <kind>archive</kind>
         <file>driverlib.lib</file>
         <name>pwm.obj</name>
      </input_file>
      <input_file id="fl-16">
         <path>C:\ti\C2000Ware_1_00_04_00_Software\device_support\f2802x\common\ccs\Debug\</path>
         <kind>archive</kind>
         <file>driverlib.lib</file>
         <name>timer.obj</name>
      </input_file>
      <input_file id="fl-17">
         <path>C:\ti\C2000Ware_1_00_04_00_Software\device_support\f2802x\common\ccs\Debug\</path>
         <kind>archive</kind>
         <file>driverlib.lib</file>
         <name>wdog.obj</name>
      </input_file>
      <input_file id="fl-18">
         <path>C:\ti\C2000Ware_1_00_04_00_Software\device_support\f2802x\common\ccs\Debug\</path>
         <kind>archive</kind>
         <file>driverlib.lib</file>
         <name>f2802xx_defaultisr.obj</name>
      </input_file>
      <input_file id="fl-19">
         <path>C:\ti\ccsv8\tools\compiler\ti-cgt-c2000_18.1.2.LTS\lib\</path>
         <kind>archive</kind>
         <file>rts2800_ml.lib</file>
         <name>boot28.asm.obj</name>
      </input_file>
      <input_file id="fl-1a">
         <path>C:\ti\ccsv8\tools\compiler\ti-cgt-c2000_18.1.2.LTS\lib\</path>
         <kind>archive</kind>
         <file>rts2800_ml.lib</file>
         <name>fs_div28.asm.obj</name>
      </input_file>
      <input_file id="fl-1b">
         <path>C:\ti\ccsv8\tools\compiler\ti-cgt-c2000_18.1.2.LTS\lib\</path>
         <kind>archive</kind>
         <file>rts2800_ml.lib</file>
         <name>fs_mpy28.asm.obj</name>
      </input_file>
      <input_file id="fl-1c">
         <path>C:\ti\ccsv8\tools\compiler\ti-cgt-c2000_18.1.2.LTS\lib\</path>
         <kind>archive</kind>
         <file>rts2800_ml.lib</file>
         <name>i_tofs28.asm.obj</name>
      </input_file>
      <input_file id="fl-1d">
         <path>C:\ti\ccsv8\tools\compiler\ti-cgt-c2000_18.1.2.LTS\lib\</path>
         <kind>archive</kind>
         <file>rts2800_ml.lib</file>
         <name>u_tofs28.asm.obj</name>
      </input_file>
      <input_file id="fl-1e">
         <path>C:\ti\ccsv8\tools\compiler\ti-cgt-c2000_18.1.2.LTS\lib\</path>
         <kind>archive</kind>
         <file>rts2800_ml.lib</file>
         <name>ul_tofs28.asm.obj</name>
      </input_file>
      <input_file id="fl-1f">
         <path>C:\ti\ccsv8\tools\compiler\ti-cgt-c2000_18.1.2.LTS\lib\</path>
         <kind>archive</kind>
         <file>rts2800_ml.lib</file>
         <name>cpy_tbl.c.obj</name>
      </input_file>
      <input_file id="fl-20">
         <path>C:\ti\ccsv8\tools\compiler\ti-cgt-c2000_18.1.2.LTS\lib\</path>
         <kind>archive</kind>
         <file>rts2800_ml.lib</file>
         <name>memcpy.c.obj</name>
      </input_file>
      <input_file id="fl-21">
         <path>C:\ti\ccsv8\tools\compiler\ti-cgt-c2000_18.1.2.LTS\lib\</path>
         <kind>archive</kind>
         <file>rts2800_ml.lib</file>
         <name>pre_init.c.obj</name>
      </input_file>
      <input_file id="fl-22">
         <path>C:\ti\ccsv8\tools\compiler\ti-cgt-c2000_18.1.2.LTS\lib\</path>
         <kind>archive</kind>
         <file>rts2800_ml.lib</file>
         <name>startup.c.obj</name>
      </input_file>
      <input_file id="fl-23">
         <path>C:\ti\ccsv8\tools\compiler\ti-cgt-c2000_18.1.2.LTS\lib\</path>
         <kind>archive</kind>
         <file>rts2800_ml.lib</file>
         <name>exit.c.obj</name>
      </input_file>
      <input_file id="fl-24">
         <path>C:\ti\ccsv8\tools\compiler\ti-cgt-c2000_18.1.2.LTS\lib\</path>
         <kind>archive</kind>
         <file>rts2800_ml.lib</file>
         <name>_lock.c.obj</name>
      </input_file>
      <input_file id="fl-25">
         <path>C:\ti\ccsv8\tools\compiler\ti-cgt-c2000_18.1.2.LTS\lib\</path>
         <kind>archive</kind>
         <file>rts2800_ml.lib</file>
         <name>args_main.c.obj</name>
      </input_file>
   </input_file_list>
   <object_component_list>
      <object_component id="oc-62">
         <name>PieVectTableFile</name>
         <uninitialized>true</uninitialized>
         <run_address>0xd00</run_address>
         <size>0x100</size>
         <input_file_ref idref="fl-b"/>
      </object_component>
      <object_component id="oc-42">
         <name>EmuKeyVar</name>
         <uninitialized>true</uninitialized>
         <run_address>0xd00</run_address>
         <size>0x1</size>
         <input_file_ref idref="fl-b"/>
      </object_component>
      <object_component id="oc-44">
         <name>EmuBModeVar</name>
         <uninitialized>true</uninitialized>
         <run_address>0xd01</run_address>
         <size>0x1</size>
         <input_file_ref idref="fl-b"/>
      </object_component>
      <object_component id="oc-46">
         <name>FlashCallbackVar</name>
         <uninitialized>true</uninitialized>
         <run_address>0xd02</run_address>
         <size>0x2</size>
         <input_file_ref idref="fl-b"/>
      </object_component>
      <object_component id="oc-45">
         <name>FlashScalingVar</name>
         <uninitialized>true</uninitialized>
         <run_address>0xd04</run_address>
         <size>0x2</size>
         <input_file_ref idref="fl-b"/>
      </object_component>
      <object_component id="oc-48">
         <name>DevEmuRegsFile</name>
         <uninitialized>true</uninitialized>
         <run_address>0x880</run_address>
         <size>0x4</size>
         <input_file_ref idref="fl-b"/>
      </object_component>
      <object_component id="oc-47">
         <name>SysPwrCtrlRegsFile</name>
         <uninitialized>true</uninitialized>
         <run_address>0x985</run_address>
         <size>0x3</size>
         <input_file_ref idref="fl-b"/>
      </object_component>
      <object_component id="oc-49">
         <name>FlashRegsFile</name>
         <uninitialized>true</uninitialized>
         <run_address>0xa80</run_address>
         <size>0x8</size>
         <input_file_ref idref="fl-b"/>
      </object_component>
      <object_component id="oc-52">
         <name>CsmRegsFile</name>
         <uninitialized>true</uninitialized>
         <run_address>0xae0</run_address>
         <size>0x10</size>
         <input_file_ref idref="fl-b"/>
      </object_component>
      <object_component id="oc-5a">
         <name>AdcResultFile</name>
         <uninitialized>true</uninitialized>
         <run_address>0xb00</run_address>
         <size>0x20</size>
         <input_file_ref idref="fl-b"/>
      </object_component>
      <object_component id="oc-4a">
         <name>CpuTimer0RegsFile</name>
         <uninitialized>true</uninitialized>
         <run_address>0xc00</run_address>
         <size>0x8</size>
         <input_file_ref idref="fl-b"/>
      </object_component>
      <object_component id="oc-4b">
         <name>CpuTimer1RegsFile</name>
         <uninitialized>true</uninitialized>
         <run_address>0xc08</run_address>
         <size>0x8</size>
         <input_file_ref idref="fl-b"/>
      </object_component>
      <object_component id="oc-4c">
         <name>CpuTimer2RegsFile</name>
         <uninitialized>true</uninitialized>
         <run_address>0xc10</run_address>
         <size>0x8</size>
         <input_file_ref idref="fl-b"/>
      </object_component>
      <object_component id="oc-56">
         <name>PieCtrlRegsFile</name>
         <uninitialized>true</uninitialized>
         <run_address>0xce0</run_address>
         <size>0x1a</size>
         <input_file_ref idref="fl-b"/>
      </object_component>
      <object_component id="oc-59">
         <name>ECap1RegsFile</name>
         <uninitialized>true</uninitialized>
         <run_address>0x6a00</run_address>
         <size>0x20</size>
         <input_file_ref idref="fl-b"/>
      </object_component>
      <object_component id="oc-60">
         <name>GpioCtrlRegsFile</name>
         <uninitialized>true</uninitialized>
         <run_address>0x6f80</run_address>
         <size>0x40</size>
         <input_file_ref idref="fl-b"/>
      </object_component>
      <object_component id="oc-58">
         <name>GpioDataRegsFile</name>
         <uninitialized>true</uninitialized>
         <run_address>0x6fc0</run_address>
         <size>0x20</size>
         <input_file_ref idref="fl-b"/>
      </object_component>
      <object_component id="oc-4e">
         <name>GpioIntRegsFile</name>
         <uninitialized>true</uninitialized>
         <run_address>0x6fe0</run_address>
         <size>0xa</size>
         <input_file_ref idref="fl-b"/>
      </object_component>
      <object_component id="oc-57">
         <name>SysCtrlRegsFile</name>
         <uninitialized>true</uninitialized>
         <run_address>0x7010</run_address>
         <size>0x1f</size>
         <input_file_ref idref="fl-b"/>
      </object_component>
      <object_component id="oc-4f">
         <name>SpiaRegsFile</name>
         <uninitialized>true</uninitialized>
         <run_address>0x7040</run_address>
         <size>0x10</size>
         <input_file_ref idref="fl-b"/>
      </object_component>
      <object_component id="oc-50">
         <name>SciaRegsFile</name>
         <uninitialized>true</uninitialized>
         <run_address>0x7050</run_address>
         <size>0x10</size>
         <input_file_ref idref="fl-b"/>
      </object_component>
      <object_component id="oc-51">
         <name>NmiIntruptRegsFile</name>
         <uninitialized>true</uninitialized>
         <run_address>0x7060</run_address>
         <size>0x10</size>
         <input_file_ref idref="fl-b"/>
      </object_component>
      <object_component id="oc-53">
         <name>XIntruptRegsFile</name>
         <uninitialized>true</uninitialized>
         <run_address>0x7070</run_address>
         <size>0x10</size>
         <input_file_ref idref="fl-b"/>
      </object_component>
      <object_component id="oc-61">
         <name>AdcRegsFile</name>
         <uninitialized>true</uninitialized>
         <run_address>0x7100</run_address>
         <size>0x51</size>
         <input_file_ref idref="fl-b"/>
      </object_component>
      <object_component id="oc-5b">
         <name>I2caRegsFile</name>
         <uninitialized>true</uninitialized>
         <run_address>0x7900</run_address>
         <size>0x22</size>
         <input_file_ref idref="fl-b"/>
      </object_component>
      <object_component id="oc-55">
         <name>Comp1RegsFile</name>
         <uninitialized>true</uninitialized>
         <run_address>0x6400</run_address>
         <size>0x11</size>
         <input_file_ref idref="fl-b"/>
      </object_component>
      <object_component id="oc-54">
         <name>Comp2RegsFile</name>
         <uninitialized>true</uninitialized>
         <run_address>0x6420</run_address>
         <size>0x11</size>
         <input_file_ref idref="fl-b"/>
      </object_component>
      <object_component id="oc-5f">
         <name>EPwm1RegsFile</name>
         <uninitialized>true</uninitialized>
         <run_address>0x6800</run_address>
         <size>0x40</size>
         <input_file_ref idref="fl-b"/>
      </object_component>
      <object_component id="oc-5d">
         <name>EPwm2RegsFile</name>
         <uninitialized>true</uninitialized>
         <run_address>0x6840</run_address>
         <size>0x40</size>
         <input_file_ref idref="fl-b"/>
      </object_component>
      <object_component id="oc-5c">
         <name>EPwm3RegsFile</name>
         <uninitialized>true</uninitialized>
         <run_address>0x6880</run_address>
         <size>0x40</size>
         <input_file_ref idref="fl-b"/>
      </object_component>
      <object_component id="oc-5e">
         <name>EPwm4RegsFile</name>
         <uninitialized>true</uninitialized>
         <run_address>0x68c0</run_address>
         <size>0x40</size>
         <input_file_ref idref="fl-b"/>
      </object_component>
      <object_component id="oc-4d">
         <name>CsmPwlFile</name>
         <uninitialized>true</uninitialized>
         <run_address>0x3f7ff8</run_address>
         <size>0x8</size>
         <input_file_ref idref="fl-b"/>
      </object_component>
      <object_component id="oc-43">
         <name>PartIdRegsFile</name>
         <uninitialized>true</uninitialized>
         <run_address>0x3d7fff</run_address>
         <size>0x1</size>
         <input_file_ref idref="fl-b"/>
      </object_component>
      <object_component id="oc-33">
         <name>codestart</name>
         <load_address>0x0</load_address>
         <run_address>0x0</run_address>
         <size>0x2</size>
         <input_file_ref idref="fl-10"/>
      </object_component>
      <object_component id="oc-75">
         <name>ramfuncs</name>
         <load_address>0x87f0</load_address>
         <run_address>0x87f0</run_address>
         <size>0x4</size>
         <input_file_ref idref="fl-f"/>
      </object_component>
      <object_component id="oc-37">
         <name>.text:retain</name>
         <load_address>0x50</load_address>
         <run_address>0x50</run_address>
         <size>0xf2</size>
         <input_file_ref idref="fl-2"/>
      </object_component>
      <object_component id="oc-e2">
         <name>.text</name>
         <load_address>0x142</load_address>
         <run_address>0x142</run_address>
         <size>0x83</size>
         <input_file_ref idref="fl-1a"/>
      </object_component>
      <object_component id="oc-e7">
         <name>.text</name>
         <load_address>0x1c5</load_address>
         <run_address>0x1c5</run_address>
         <size>0x5a</size>
         <input_file_ref idref="fl-1b"/>
      </object_component>
      <object_component id="oc-db">
         <name>.text</name>
         <load_address>0x21f</load_address>
         <run_address>0x21f</run_address>
         <size>0x54</size>
         <input_file_ref idref="fl-19"/>
      </object_component>
      <object_component id="oc-144">
         <name>.text:_GPIO_setMode</name>
         <load_address>0x273</load_address>
         <run_address>0x273</run_address>
         <size>0x48</size>
         <input_file_ref idref="fl-12"/>
      </object_component>
      <object_component id="oc-135">
         <name>.text</name>
         <load_address>0x2bb</load_address>
         <run_address>0x2bb</run_address>
         <size>0x41</size>
         <input_file_ref idref="fl-3"/>
      </object_component>
      <object_component id="oc-145">
         <name>.text:_GPIO_setDirection</name>
         <load_address>0x2fc</load_address>
         <run_address>0x2fc</run_address>
         <size>0x29</size>
         <input_file_ref idref="fl-12"/>
      </object_component>
      <object_component id="oc-148">
         <name>.text:_GPIO_setPullUp</name>
         <load_address>0x325</load_address>
         <run_address>0x325</run_address>
         <size>0x29</size>
         <input_file_ref idref="fl-12"/>
      </object_component>
      <object_component id="oc-12a">
         <name>.text</name>
         <load_address>0x34e</load_address>
         <run_address>0x34e</run_address>
         <size>0x29</size>
         <input_file_ref idref="fl-23"/>
      </object_component>
      <object_component id="oc-146">
         <name>.text:_GPIO_setQualification</name>
         <load_address>0x377</load_address>
         <run_address>0x377</run_address>
         <size>0x27</size>
         <input_file_ref idref="fl-12"/>
      </object_component>
      <object_component id="oc-127">
         <name>.text</name>
         <load_address>0x39e</load_address>
         <run_address>0x39e</run_address>
         <size>0x24</size>
         <input_file_ref idref="fl-1f"/>
      </object_component>
      <object_component id="oc-156">
         <name>.text:_ADC_setIntMode</name>
         <load_address>0x3c2</load_address>
         <run_address>0x3c2</run_address>
         <size>0x22</size>
         <input_file_ref idref="fl-c"/>
      </object_component>
      <object_component id="oc-ec">
         <name>.text</name>
         <load_address>0x3e4</load_address>
         <run_address>0x3e4</run_address>
         <size>0x1a</size>
         <input_file_ref idref="fl-1c"/>
      </object_component>
      <object_component id="oc-14b">
         <name>.text:_TIMER_setPeriod</name>
         <load_address>0x3fe</load_address>
         <run_address>0x3fe</run_address>
         <size>0x2</size>
         <input_file_ref idref="fl-16"/>
      </object_component>
      <object_component id="oc-120">
         <name>.text</name>
         <load_address>0x8000</load_address>
         <run_address>0x8000</run_address>
         <size>0x3eb</size>
         <input_file_ref idref="fl-2"/>
      </object_component>
      <object_component id="oc-157">
         <name>.text:_ADC_setIntSrc</name>
         <load_address>0x83eb</load_address>
         <run_address>0x83eb</run_address>
         <size>0x22</size>
         <input_file_ref idref="fl-c"/>
      </object_component>
      <object_component id="oc-14a">
         <name>.text:_PIE_enableExtInt</name>
         <load_address>0x840d</load_address>
         <run_address>0x840d</run_address>
         <size>0x1d</size>
         <input_file_ref idref="fl-13"/>
      </object_component>
      <object_component id="oc-163">
         <name>.text</name>
         <load_address>0x842a</load_address>
         <run_address>0x842a</run_address>
         <size>0x1d</size>
         <input_file_ref idref="fl-20"/>
      </object_component>
      <object_component id="oc-129">
         <name>.text</name>
         <load_address>0x8447</load_address>
         <run_address>0x8447</run_address>
         <size>0x19</size>
         <input_file_ref idref="fl-25"/>
      </object_component>
      <object_component id="oc-155">
         <name>.text:_ADC_enableInt</name>
         <load_address>0x8460</load_address>
         <run_address>0x8460</run_address>
         <size>0x17</size>
         <input_file_ref idref="fl-c"/>
      </object_component>
      <object_component id="oc-139">
         <name>.text:_PLL_setup</name>
         <load_address>0x8477</load_address>
         <run_address>0x8477</run_address>
         <size>0x15</size>
         <input_file_ref idref="fl-14"/>
      </object_component>
      <object_component id="oc-143">
         <name>.text:_GPIO_setHigh</name>
         <load_address>0x848c</load_address>
         <run_address>0x848c</run_address>
         <size>0x14</size>
         <input_file_ref idref="fl-12"/>
      </object_component>
      <object_component id="oc-125">
         <name>.text:_GPIO_setLow</name>
         <load_address>0x84a0</load_address>
         <run_address>0x84a0</run_address>
         <size>0x14</size>
         <input_file_ref idref="fl-12"/>
      </object_component>
      <object_component id="oc-15b">
         <name>.text:_PIE_enableAdcInt</name>
         <load_address>0x84b4</load_address>
         <run_address>0x84b4</run_address>
         <size>0x14</size>
         <input_file_ref idref="fl-13"/>
      </object_component>
      <object_component id="oc-14c">
         <name>.text:_TIMER_setPreScaler</name>
         <load_address>0x84c8</load_address>
         <run_address>0x84c8</run_address>
         <size>0x13</size>
         <input_file_ref idref="fl-16"/>
      </object_component>
      <object_component id="oc-f6">
         <name>.text</name>
         <load_address>0x84db</load_address>
         <run_address>0x84db</run_address>
         <size>0x13</size>
         <input_file_ref idref="fl-1e"/>
      </object_component>
      <object_component id="oc-158">
         <name>.text:_ADC_setSocChanNumber</name>
         <load_address>0x84ee</load_address>
         <run_address>0x84ee</run_address>
         <size>0x12</size>
         <input_file_ref idref="fl-c"/>
      </object_component>
      <object_component id="oc-15a">
         <name>.text:_ADC_setSocSampleWindow</name>
         <load_address>0x8500</load_address>
         <run_address>0x8500</run_address>
         <size>0x12</size>
         <input_file_ref idref="fl-c"/>
      </object_component>
      <object_component id="oc-159">
         <name>.text:_ADC_setSocTrigSrc</name>
         <load_address>0x8512</load_address>
         <run_address>0x8512</run_address>
         <size>0x12</size>
         <input_file_ref idref="fl-c"/>
      </object_component>
      <object_component id="oc-154">
         <name>.text:_ADC_setIntPulseGenMode</name>
         <load_address>0x8524</load_address>
         <run_address>0x8524</run_address>
         <size>0x11</size>
         <input_file_ref idref="fl-c"/>
      </object_component>
      <object_component id="oc-153">
         <name>.text:_ADC_setVoltRefSrc</name>
         <load_address>0x8535</load_address>
         <run_address>0x8535</run_address>
         <size>0x11</size>
         <input_file_ref idref="fl-c"/>
      </object_component>
      <object_component id="oc-121">
         <name>.text:_GPIO_getData</name>
         <load_address>0x8546</load_address>
         <run_address>0x8546</run_address>
         <size>0x11</size>
         <input_file_ref idref="fl-12"/>
      </object_component>
      <object_component id="oc-13b">
         <name>.text:_PIE_disableAllInts</name>
         <load_address>0x8557</load_address>
         <run_address>0x8557</run_address>
         <size>0x11</size>
         <input_file_ref idref="fl-13"/>
      </object_component>
      <object_component id="oc-13e">
         <name>.text:_PIE_setDebugIntVectorTable</name>
         <load_address>0x8568</load_address>
         <run_address>0x8568</run_address>
         <size>0x11</size>
         <input_file_ref idref="fl-13"/>
      </object_component>
      <object_component id="oc-f1">
         <name>.text</name>
         <load_address>0x8579</load_address>
         <run_address>0x8579</run_address>
         <size>0x10</size>
         <input_file_ref idref="fl-1d"/>
      </object_component>
      <object_component id="oc-140">
         <name>.text:_PIE_registerPieIntHandler</name>
         <load_address>0x8589</load_address>
         <run_address>0x8589</run_address>
         <size>0xf</size>
         <input_file_ref idref="fl-13"/>
      </object_component>
      <object_component id="oc-149">
         <name>.text:_PIE_setExtIntPolarity</name>
         <load_address>0x8598</load_address>
         <run_address>0x8598</run_address>
         <size>0xf</size>
         <input_file_ref idref="fl-13"/>
      </object_component>
      <object_component id="oc-147">
         <name>.text:_GPIO_setExtInt</name>
         <load_address>0x85a7</load_address>
         <run_address>0x85a7</run_address>
         <size>0xb</size>
         <input_file_ref idref="fl-12"/>
      </object_component>
      <object_component id="oc-141">
         <name>.text:_PIE_registerSystemIntHandler</name>
         <load_address>0x85b2</load_address>
         <run_address>0x85b2</run_address>
         <size>0xb</size>
         <input_file_ref idref="fl-13"/>
      </object_component>
      <object_component id="oc-152">
         <name>.text:_ADC_enable</name>
         <load_address>0x85bd</load_address>
         <run_address>0x85bd</run_address>
         <size>0xa</size>
         <input_file_ref idref="fl-c"/>
      </object_component>
      <object_component id="oc-14f">
         <name>.text:_ADC_enableBandGap</name>
         <load_address>0x85c7</load_address>
         <run_address>0x85c7</run_address>
         <size>0xa</size>
         <input_file_ref idref="fl-c"/>
      </object_component>
      <object_component id="oc-150">
         <name>.text:_ADC_enableRefBuffers</name>
         <load_address>0x85d1</load_address>
         <run_address>0x85d1</run_address>
         <size>0xa</size>
         <input_file_ref idref="fl-c"/>
      </object_component>
      <object_component id="oc-12b">
         <name>.text:_ADC_init</name>
         <load_address>0x85db</load_address>
         <run_address>0x85db</run_address>
         <size>0xa</size>
         <input_file_ref idref="fl-c"/>
      </object_component>
      <object_component id="oc-151">
         <name>.text:_ADC_powerUp</name>
         <load_address>0x85e5</load_address>
         <run_address>0x85e5</run_address>
         <size>0xa</size>
         <input_file_ref idref="fl-c"/>
      </object_component>
      <object_component id="oc-142">
         <name>.text:_PIE_enableInt</name>
         <load_address>0x85ef</load_address>
         <run_address>0x85ef</run_address>
         <size>0xa</size>
         <input_file_ref idref="fl-13"/>
      </object_component>
      <object_component id="oc-130">
         <name>.text:_PIE_init</name>
         <load_address>0x85f9</load_address>
         <run_address>0x85f9</run_address>
         <size>0xa</size>
         <input_file_ref idref="fl-13"/>
      </object_component>
      <object_component id="oc-74">
         <name>.text</name>
         <load_address>0x8603</load_address>
         <run_address>0x8603</run_address>
         <size>0xa</size>
         <input_file_ref idref="fl-f"/>
      </object_component>
      <object_component id="oc-162">
         <name>.text:_CLK_enablePwmClock</name>
         <load_address>0x860d</load_address>
         <run_address>0x860d</run_address>
         <size>0x9</size>
         <input_file_ref idref="fl-d"/>
      </object_component>
      <object_component id="oc-16b">
         <name>.text</name>
         <load_address>0x8616</load_address>
         <run_address>0x8616</run_address>
         <size>0x9</size>
         <input_file_ref idref="fl-24"/>
      </object_component>
      <object_component id="oc-12c">
         <name>.text:_CLK_init</name>
         <load_address>0x861f</load_address>
         <run_address>0x861f</run_address>
         <size>0x8</size>
         <input_file_ref idref="fl-d"/>
      </object_component>
      <object_component id="oc-12e">
         <name>.text:_FLASH_init</name>
         <load_address>0x8627</load_address>
         <run_address>0x8627</run_address>
         <size>0x8</size>
         <input_file_ref idref="fl-11"/>
      </object_component>
      <object_component id="oc-12f">
         <name>.text:_GPIO_init</name>
         <load_address>0x862f</load_address>
         <run_address>0x862f</run_address>
         <size>0x8</size>
         <input_file_ref idref="fl-12"/>
      </object_component>
      <object_component id="oc-131">
         <name>.text:_PLL_init</name>
         <load_address>0x8637</load_address>
         <run_address>0x8637</run_address>
         <size>0x8</size>
         <input_file_ref idref="fl-14"/>
      </object_component>
      <object_component id="oc-134">
         <name>.text:_PWM_init</name>
         <load_address>0x863f</load_address>
         <run_address>0x863f</run_address>
         <size>0x8</size>
         <input_file_ref idref="fl-15"/>
      </object_component>
      <object_component id="oc-132">
         <name>.text:_TIMER_init</name>
         <load_address>0x8647</load_address>
         <run_address>0x8647</run_address>
         <size>0x8</size>
         <input_file_ref idref="fl-16"/>
      </object_component>
      <object_component id="oc-136">
         <name>.text:_WDOG_disable</name>
         <load_address>0x864f</load_address>
         <run_address>0x864f</run_address>
         <size>0x8</size>
         <input_file_ref idref="fl-17"/>
      </object_component>
      <object_component id="oc-133">
         <name>.text:_WDOG_init</name>
         <load_address>0x8657</load_address>
         <run_address>0x8657</run_address>
         <size>0x8</size>
         <input_file_ref idref="fl-17"/>
      </object_component>
      <object_component id="oc-7a">
         <name>.text</name>
         <load_address>0x865f</load_address>
         <run_address>0x865f</run_address>
         <size>0x8</size>
         <input_file_ref idref="fl-10"/>
      </object_component>
      <object_component id="oc-160">
         <name>.text:_CLK_disableTbClockSync</name>
         <load_address>0x8667</load_address>
         <run_address>0x8667</run_address>
         <size>0x7</size>
         <input_file_ref idref="fl-d"/>
      </object_component>
      <object_component id="oc-137">
         <name>.text:_CLK_enableAdcClock</name>
         <load_address>0x866e</load_address>
         <run_address>0x866e</run_address>
         <size>0x7</size>
         <input_file_ref idref="fl-d"/>
      </object_component>
      <object_component id="oc-161">
         <name>.text:_CLK_enableTbClockSync</name>
         <load_address>0x8675</load_address>
         <run_address>0x8675</run_address>
         <size>0x7</size>
         <input_file_ref idref="fl-d"/>
      </object_component>
      <object_component id="oc-138">
         <name>.text:_CLK_setOscSrc</name>
         <load_address>0x867c</load_address>
         <run_address>0x867c</run_address>
         <size>0x7</size>
         <input_file_ref idref="fl-d"/>
      </object_component>
      <object_component id="oc-167">
         <name>.text:_PLL_setDivider</name>
         <load_address>0x8683</load_address>
         <run_address>0x8683</run_address>
         <size>0x7</size>
         <input_file_ref idref="fl-14"/>
      </object_component>
      <object_component id="oc-168">
         <name>.text:_PLL_setMultiplier</name>
         <load_address>0x868a</load_address>
         <run_address>0x868a</run_address>
         <size>0x6</size>
         <input_file_ref idref="fl-14"/>
      </object_component>
      <object_component id="oc-14d">
         <name>.text:_TIMER_setEmulationMode</name>
         <load_address>0x8690</load_address>
         <run_address>0x8690</run_address>
         <size>0x6</size>
         <input_file_ref idref="fl-16"/>
      </object_component>
      <object_component id="oc-b7">
         <name>.text:_ADCINT1_ISR</name>
         <load_address>0x8696</load_address>
         <run_address>0x8696</run_address>
         <size>0x5</size>
         <input_file_ref idref="fl-18"/>
      </object_component>
      <object_component id="oc-b8">
         <name>.text:_ADCINT2_ISR</name>
         <load_address>0x869b</load_address>
         <run_address>0x869b</run_address>
         <size>0x5</size>
         <input_file_ref idref="fl-18"/>
      </object_component>
      <object_component id="oc-cd">
         <name>.text:_ADCINT3_ISR</name>
         <load_address>0x86a0</load_address>
         <run_address>0x86a0</run_address>
         <size>0x5</size>
         <input_file_ref idref="fl-18"/>
      </object_component>
      <object_component id="oc-ce">
         <name>.text:_ADCINT4_ISR</name>
         <load_address>0x86a5</load_address>
         <run_address>0x86a5</run_address>
         <size>0x5</size>
         <input_file_ref idref="fl-18"/>
      </object_component>
      <object_component id="oc-cf">
         <name>.text:_ADCINT5_ISR</name>
         <load_address>0x86aa</load_address>
         <run_address>0x86aa</run_address>
         <size>0x5</size>
         <input_file_ref idref="fl-18"/>
      </object_component>
      <object_component id="oc-d0">
         <name>.text:_ADCINT6_ISR</name>
         <load_address>0x86af</load_address>
         <run_address>0x86af</run_address>
         <size>0x5</size>
         <input_file_ref idref="fl-18"/>
      </object_component>
      <object_component id="oc-d1">
         <name>.text:_ADCINT7_ISR</name>
         <load_address>0x86b4</load_address>
         <run_address>0x86b4</run_address>
         <size>0x5</size>
         <input_file_ref idref="fl-18"/>
      </object_component>
      <object_component id="oc-d2">
         <name>.text:_ADCINT8_ISR</name>
         <load_address>0x86b9</load_address>
         <run_address>0x86b9</run_address>
         <size>0x5</size>
         <input_file_ref idref="fl-18"/>
      </object_component>
      <object_component id="oc-bb">
         <name>.text:_ADCINT9_ISR</name>
         <load_address>0x86be</load_address>
         <run_address>0x86be</run_address>
         <size>0x5</size>
         <input_file_ref idref="fl-18"/>
      </object_component>
      <object_component id="oc-a6">
         <name>.text:_DATALOG_ISR</name>
         <load_address>0x86c3</load_address>
         <run_address>0x86c3</run_address>
         <size>0x5</size>
         <input_file_ref idref="fl-18"/>
      </object_component>
      <object_component id="oc-c6">
         <name>.text:_ECAP1_INT_ISR</name>
         <load_address>0x86c8</load_address>
         <run_address>0x86c8</run_address>
         <size>0x5</size>
         <input_file_ref idref="fl-18"/>
      </object_component>
      <object_component id="oc-d4">
         <name>.text:_EMPTY_ISR</name>
         <load_address>0x86cd</load_address>
         <run_address>0x86cd</run_address>
         <size>0x5</size>
         <input_file_ref idref="fl-18"/>
      </object_component>
      <object_component id="oc-a8">
         <name>.text:_EMUINT_ISR</name>
         <load_address>0x86d2</load_address>
         <run_address>0x86d2</run_address>
         <size>0x5</size>
         <input_file_ref idref="fl-18"/>
      </object_component>
      <object_component id="oc-c2">
         <name>.text:_EPWM1_INT_ISR</name>
         <load_address>0x86d7</load_address>
         <run_address>0x86d7</run_address>
         <size>0x5</size>
         <input_file_ref idref="fl-18"/>
      </object_component>
      <object_component id="oc-be">
         <name>.text:_EPWM1_TZINT_ISR</name>
         <load_address>0x86dc</load_address>
         <run_address>0x86dc</run_address>
         <size>0x5</size>
         <input_file_ref idref="fl-18"/>
      </object_component>
      <object_component id="oc-c3">
         <name>.text:_EPWM2_INT_ISR</name>
         <load_address>0x86e1</load_address>
         <run_address>0x86e1</run_address>
         <size>0x5</size>
         <input_file_ref idref="fl-18"/>
      </object_component>
      <object_component id="oc-bf">
         <name>.text:_EPWM2_TZINT_ISR</name>
         <load_address>0x86e6</load_address>
         <run_address>0x86e6</run_address>
         <size>0x5</size>
         <input_file_ref idref="fl-18"/>
      </object_component>
      <object_component id="oc-c4">
         <name>.text:_EPWM3_INT_ISR</name>
         <load_address>0x86eb</load_address>
         <run_address>0x86eb</run_address>
         <size>0x5</size>
         <input_file_ref idref="fl-18"/>
      </object_component>
      <object_component id="oc-c0">
         <name>.text:_EPWM3_TZINT_ISR</name>
         <load_address>0x86f0</load_address>
         <run_address>0x86f0</run_address>
         <size>0x5</size>
         <input_file_ref idref="fl-18"/>
      </object_component>
      <object_component id="oc-c5">
         <name>.text:_EPWM4_INT_ISR</name>
         <load_address>0x86f5</load_address>
         <run_address>0x86f5</run_address>
         <size>0x5</size>
         <input_file_ref idref="fl-18"/>
      </object_component>
      <object_component id="oc-c1">
         <name>.text:_EPWM4_TZINT_ISR</name>
         <load_address>0x86fa</load_address>
         <run_address>0x86fa</run_address>
         <size>0x5</size>
         <input_file_ref idref="fl-18"/>
      </object_component>
      <object_component id="oc-c9">
         <name>.text:_I2CINT1A_ISR</name>
         <load_address>0x86ff</load_address>
         <run_address>0x86ff</run_address>
         <size>0x5</size>
         <input_file_ref idref="fl-18"/>
      </object_component>
      <object_component id="oc-ca">
         <name>.text:_I2CINT2A_ISR</name>
         <load_address>0x8704</load_address>
         <run_address>0x8704</run_address>
         <size>0x5</size>
         <input_file_ref idref="fl-18"/>
      </object_component>
      <object_component id="oc-aa">
         <name>.text:_ILLEGAL_ISR</name>
         <load_address>0x8709</load_address>
         <run_address>0x8709</run_address>
         <size>0x5</size>
         <input_file_ref idref="fl-18"/>
      </object_component>
      <object_component id="oc-a4">
         <name>.text:_INT13_ISR</name>
         <load_address>0x870e</load_address>
         <run_address>0x870e</run_address>
         <size>0x5</size>
         <input_file_ref idref="fl-18"/>
      </object_component>
      <object_component id="oc-a5">
         <name>.text:_INT14_ISR</name>
         <load_address>0x8713</load_address>
         <run_address>0x8713</run_address>
         <size>0x5</size>
         <input_file_ref idref="fl-18"/>
      </object_component>
      <object_component id="oc-a9">
         <name>.text:_NMI_ISR</name>
         <load_address>0x8718</load_address>
         <run_address>0x8718</run_address>
         <size>0x5</size>
         <input_file_ref idref="fl-18"/>
      </object_component>
      <object_component id="oc-d5">
         <name>.text:_PIE_RESERVED</name>
         <load_address>0x871d</load_address>
         <run_address>0x871d</run_address>
         <size>0x5</size>
         <input_file_ref idref="fl-18"/>
      </object_component>
      <object_component id="oc-8a">
         <name>.text:_PIE_illegalIsr</name>
         <load_address>0x8722</load_address>
         <run_address>0x8722</run_address>
         <size>0x5</size>
         <input_file_ref idref="fl-13"/>
      </object_component>
      <object_component id="oc-a7">
         <name>.text:_RTOSINT_ISR</name>
         <load_address>0x8727</load_address>
         <run_address>0x8727</run_address>
         <size>0x5</size>
         <input_file_ref idref="fl-18"/>
      </object_component>
      <object_component id="oc-cb">
         <name>.text:_SCIRXINTA_ISR</name>
         <load_address>0x872c</load_address>
         <run_address>0x872c</run_address>
         <size>0x5</size>
         <input_file_ref idref="fl-18"/>
      </object_component>
      <object_component id="oc-cc">
         <name>.text:_SCITXINTA_ISR</name>
         <load_address>0x8731</load_address>
         <run_address>0x8731</run_address>
         <size>0x5</size>
         <input_file_ref idref="fl-18"/>
      </object_component>
      <object_component id="oc-c7">
         <name>.text:_SPIRXINTA_ISR</name>
         <load_address>0x8736</load_address>
         <run_address>0x8736</run_address>
         <size>0x5</size>
         <input_file_ref idref="fl-18"/>
      </object_component>
      <object_component id="oc-c8">
         <name>.text:_SPITXINTA_ISR</name>
         <load_address>0x873b</load_address>
         <run_address>0x873b</run_address>
         <size>0x5</size>
         <input_file_ref idref="fl-18"/>
      </object_component>
      <object_component id="oc-bc">
         <name>.text:_TINT0_ISR</name>
         <load_address>0x8740</load_address>
         <run_address>0x8740</run_address>
         <size>0x5</size>
         <input_file_ref idref="fl-18"/>
      </object_component>
      <object_component id="oc-b4">
         <name>.text:_USER10_ISR</name>
         <load_address>0x8745</load_address>
         <run_address>0x8745</run_address>
         <size>0x5</size>
         <input_file_ref idref="fl-18"/>
      </object_component>
      <object_component id="oc-b5">
         <name>.text:_USER11_ISR</name>
         <load_address>0x874a</load_address>
         <run_address>0x874a</run_address>
         <size>0x5</size>
         <input_file_ref idref="fl-18"/>
      </object_component>
      <object_component id="oc-b6">
         <name>.text:_USER12_ISR</name>
         <load_address>0x874f</load_address>
         <run_address>0x874f</run_address>
         <size>0x5</size>
         <input_file_ref idref="fl-18"/>
      </object_component>
      <object_component id="oc-ab">
         <name>.text:_USER1_ISR</name>
         <load_address>0x8754</load_address>
         <run_address>0x8754</run_address>
         <size>0x5</size>
         <input_file_ref idref="fl-18"/>
      </object_component>
      <object_component id="oc-ac">
         <name>.text:_USER2_ISR</name>
         <load_address>0x8759</load_address>
         <run_address>0x8759</run_address>
         <size>0x5</size>
         <input_file_ref idref="fl-18"/>
      </object_component>
      <object_component id="oc-ad">
         <name>.text:_USER3_ISR</name>
         <load_address>0x875e</load_address>
         <run_address>0x875e</run_address>
         <size>0x5</size>
         <input_file_ref idref="fl-18"/>
      </object_component>
      <object_component id="oc-ae">
         <name>.text:_USER4_ISR</name>
         <load_address>0x8763</load_address>
         <run_address>0x8763</run_address>
         <size>0x5</size>
         <input_file_ref idref="fl-18"/>
      </object_component>
      <object_component id="oc-af">
         <name>.text:_USER5_ISR</name>
         <load_address>0x8768</load_address>
         <run_address>0x8768</run_address>
         <size>0x5</size>
         <input_file_ref idref="fl-18"/>
      </object_component>
      <object_component id="oc-b0">
         <name>.text:_USER6_ISR</name>
         <load_address>0x876d</load_address>
         <run_address>0x876d</run_address>
         <size>0x5</size>
         <input_file_ref idref="fl-18"/>
      </object_component>
      <object_component id="oc-b1">
         <name>.text:_USER7_ISR</name>
         <load_address>0x8772</load_address>
         <run_address>0x8772</run_address>
         <size>0x5</size>
         <input_file_ref idref="fl-18"/>
      </object_component>
      <object_component id="oc-b2">
         <name>.text:_USER8_ISR</name>
         <load_address>0x8777</load_address>
         <run_address>0x8777</run_address>
         <size>0x5</size>
         <input_file_ref idref="fl-18"/>
      </object_component>
      <object_component id="oc-b3">
         <name>.text:_USER9_ISR</name>
         <load_address>0x877c</load_address>
         <run_address>0x877c</run_address>
         <size>0x5</size>
         <input_file_ref idref="fl-18"/>
      </object_component>
      <object_component id="oc-bd">
         <name>.text:_WAKEINT_ISR</name>
         <load_address>0x8781</load_address>
         <run_address>0x8781</run_address>
         <size>0x5</size>
         <input_file_ref idref="fl-18"/>
      </object_component>
      <object_component id="oc-b9">
         <name>.text:_XINT1_ISR</name>
         <load_address>0x8786</load_address>
         <run_address>0x8786</run_address>
         <size>0x5</size>
         <input_file_ref idref="fl-18"/>
      </object_component>
      <object_component id="oc-ba">
         <name>.text:_XINT2_ISR</name>
         <load_address>0x878b</load_address>
         <run_address>0x878b</run_address>
         <size>0x5</size>
         <input_file_ref idref="fl-18"/>
      </object_component>
      <object_component id="oc-d3">
         <name>.text:_XINT3_ISR</name>
         <load_address>0x8790</load_address>
         <run_address>0x8790</run_address>
         <size>0x5</size>
         <input_file_ref idref="fl-18"/>
      </object_component>
      <object_component id="oc-d6">
         <name>.text:_rsvd_ISR</name>
         <load_address>0x8795</load_address>
         <run_address>0x8795</run_address>
         <size>0x5</size>
         <input_file_ref idref="fl-18"/>
      </object_component>
      <object_component id="oc-15c">
         <name>.text:_CPU_enableInt</name>
         <load_address>0x879a</load_address>
         <run_address>0x879a</run_address>
         <size>0x4</size>
         <input_file_ref idref="fl-e"/>
      </object_component>
      <object_component id="oc-12d">
         <name>.text:_CPU_init</name>
         <load_address>0x879e</load_address>
         <run_address>0x879e</run_address>
         <size>0x4</size>
         <input_file_ref idref="fl-e"/>
      </object_component>
      <object_component id="oc-13d">
         <name>.text:_CPU_clearIntFlags</name>
         <load_address>0x87a2</load_address>
         <run_address>0x87a2</run_address>
         <size>0x3</size>
         <input_file_ref idref="fl-e"/>
      </object_component>
      <object_component id="oc-13c">
         <name>.text:_CPU_disableGlobalInts</name>
         <load_address>0x87a5</load_address>
         <run_address>0x87a5</run_address>
         <size>0x3</size>
         <input_file_ref idref="fl-e"/>
      </object_component>
      <object_component id="oc-15f">
         <name>.text:_CPU_enableDebugInt</name>
         <load_address>0x87a8</load_address>
         <run_address>0x87a8</run_address>
         <size>0x3</size>
         <input_file_ref idref="fl-e"/>
      </object_component>
      <object_component id="oc-15e">
         <name>.text:_CPU_enableGlobalInts</name>
         <load_address>0x87ab</load_address>
         <run_address>0x87ab</run_address>
         <size>0x3</size>
         <input_file_ref idref="fl-e"/>
      </object_component>
      <object_component id="oc-13a">
         <name>.text:_PIE_disable</name>
         <load_address>0x87ae</load_address>
         <run_address>0x87ae</run_address>
         <size>0x3</size>
         <input_file_ref idref="fl-13"/>
      </object_component>
      <object_component id="oc-13f">
         <name>.text:_PIE_enable</name>
         <load_address>0x87b1</load_address>
         <run_address>0x87b1</run_address>
         <size>0x3</size>
         <input_file_ref idref="fl-13"/>
      </object_component>
      <object_component id="oc-15d">
         <name>.text:_PIE_enableTimer0Int</name>
         <load_address>0x87b4</load_address>
         <run_address>0x87b4</run_address>
         <size>0x3</size>
         <input_file_ref idref="fl-13"/>
      </object_component>
      <object_component id="oc-166">
         <name>.text:_PLL_getClkStatus</name>
         <load_address>0x87b7</load_address>
         <run_address>0x87b7</run_address>
         <size>0x3</size>
         <input_file_ref idref="fl-14"/>
      </object_component>
      <object_component id="oc-169">
         <name>.text:_PLL_getLockStatus</name>
         <load_address>0x87ba</load_address>
         <run_address>0x87ba</run_address>
         <size>0x3</size>
         <input_file_ref idref="fl-14"/>
      </object_component>
      <object_component id="oc-14e">
         <name>.text:_TIMER_enableInt</name>
         <load_address>0x87bd</load_address>
         <run_address>0x87bd</run_address>
         <size>0x3</size>
         <input_file_ref idref="fl-16"/>
      </object_component>
      <object_component id="oc-122">
         <name>.text:_TIMER_reload</name>
         <load_address>0x87c0</load_address>
         <run_address>0x87c0</run_address>
         <size>0x3</size>
         <input_file_ref idref="fl-16"/>
      </object_component>
      <object_component id="oc-123">
         <name>.text:_TIMER_start</name>
         <load_address>0x87c3</load_address>
         <run_address>0x87c3</run_address>
         <size>0x3</size>
         <input_file_ref idref="fl-16"/>
      </object_component>
      <object_component id="oc-124">
         <name>.text:_TIMER_stop</name>
         <load_address>0x87c6</load_address>
         <run_address>0x87c6</run_address>
         <size>0x3</size>
         <input_file_ref idref="fl-16"/>
      </object_component>
      <object_component id="oc-126">
         <name>.text</name>
         <load_address>0x87c9</load_address>
         <run_address>0x87c9</run_address>
         <size>0x2</size>
         <input_file_ref idref="fl-21"/>
      </object_component>
      <object_component id="oc-128">
         <name>.text</name>
         <load_address>0x87cb</load_address>
         <run_address>0x87cb</run_address>
         <size>0x1</size>
         <input_file_ref idref="fl-22"/>
      </object_component>
      <object_component id="oc-110">
         <name>.cinit</name>
         <load_address>0x87cc</load_address>
         <run_address>0x87cc</run_address>
         <size>0xe</size>
         <input_file_ref idref="fl-23"/>
      </object_component>
      <object_component id="oc-35">
         <name>.cinit</name>
         <load_address>0x87da</load_address>
         <run_address>0x87da</run_address>
         <size>0xa</size>
         <input_file_ref idref="fl-2"/>
      </object_component>
      <object_component id="oc-165">
         <name>.cinit:__lock</name>
         <load_address>0x87e4</load_address>
         <run_address>0x87e4</run_address>
         <size>0x5</size>
         <input_file_ref idref="fl-24"/>
      </object_component>
      <object_component id="oc-16c">
         <name>.cinit:__unlock</name>
         <load_address>0x87e9</load_address>
         <run_address>0x87e9</run_address>
         <size>0x5</size>
         <input_file_ref idref="fl-24"/>
      </object_component>
      <object_component id="oc-dd">
         <name>.reset</name>
         <load_address>0x3fffc0</load_address>
         <run_address>0x3fffc0</run_address>
         <size>0x2</size>
         <input_file_ref idref="fl-19"/>
      </object_component>
      <object_component id="oc-dc">
         <name>.stack</name>
         <uninitialized>true</uninitialized>
         <run_address>0x400</run_address>
         <size>0x0</size>
         <input_file_ref idref="fl-19"/>
      </object_component>
      <object_component id="oc-1a8">
         <name>.stack</name>
         <uninitialized>true</uninitialized>
         <run_address>0x400</run_address>
         <size>0x0</size>
      </object_component>
      <object_component id="oc-36">
         <name>.ebss</name>
         <uninitialized>true</uninitialized>
         <run_address>0x700</run_address>
         <size>0x5c</size>
         <input_file_ref idref="fl-2"/>
      </object_component>
      <object_component id="oc-6f">
         <name>.ebss</name>
         <uninitialized>true</uninitialized>
         <run_address>0x766</run_address>
         <size>0x1</size>
         <input_file_ref idref="fl-e"/>
      </object_component>
      <object_component id="oc-111">
         <name>.ebss</name>
         <uninitialized>true</uninitialized>
         <run_address>0x75c</run_address>
         <size>0x6</size>
         <input_file_ref idref="fl-23"/>
      </object_component>
      <object_component id="oc-16d">
         <name>.ebss:__unlock</name>
         <uninitialized>true</uninitialized>
         <run_address>0x764</run_address>
         <size>0x2</size>
         <input_file_ref idref="fl-24"/>
      </object_component>
      <object_component id="oc-164">
         <name>.ebss:__lock</name>
         <uninitialized>true</uninitialized>
         <run_address>0x762</run_address>
         <size>0x2</size>
         <input_file_ref idref="fl-24"/>
      </object_component>
      <object_component id="oc-16a">
         <name>.econst:_PIE_tableDebugInit</name>
         <load_address>0x600</load_address>
         <run_address>0x600</run_address>
         <size>0x100</size>
         <input_file_ref idref="fl-13"/>
      </object_component>
      <object_component id="oc-34">
         <name>.debug_info</name>
         <load_address>0x0</load_address>
         <run_address>0x0</run_address>
         <size>0x9677</size>
         <input_file_ref idref="fl-2"/>
      </object_component>
      <object_component id="oc-3c">
         <name>.debug_info</name>
         <load_address>0x9677</load_address>
         <run_address>0x9677</run_address>
         <size>0x637</size>
         <input_file_ref idref="fl-3"/>
      </object_component>
      <object_component id="oc-41">
         <name>.debug_info</name>
         <load_address>0x9cae</load_address>
         <run_address>0x9cae</run_address>
         <size>0xb0d8</size>
         <input_file_ref idref="fl-b"/>
      </object_component>
      <object_component id="oc-64">
         <name>.debug_info</name>
         <load_address>0x14d86</load_address>
         <run_address>0x14d86</run_address>
         <size>0x296b</size>
         <input_file_ref idref="fl-c"/>
      </object_component>
      <object_component id="oc-69">
         <name>.debug_info</name>
         <load_address>0x176f1</load_address>
         <run_address>0x176f1</run_address>
         <size>0x1014</size>
         <input_file_ref idref="fl-d"/>
      </object_component>
      <object_component id="oc-6e">
         <name>.debug_info</name>
         <load_address>0x18705</load_address>
         <run_address>0x18705</run_address>
         <size>0xa77</size>
         <input_file_ref idref="fl-e"/>
      </object_component>
      <object_component id="oc-76">
         <name>.debug_info</name>
         <load_address>0x1917c</load_address>
         <run_address>0x1917c</run_address>
         <size>0x1f9</size>
         <input_file_ref idref="fl-f"/>
      </object_component>
      <object_component id="oc-7b">
         <name>.debug_info</name>
         <load_address>0x19375</load_address>
         <run_address>0x19375</run_address>
         <size>0x1eb</size>
         <input_file_ref idref="fl-10"/>
      </object_component>
      <object_component id="oc-7f">
         <name>.debug_info</name>
         <load_address>0x19560</load_address>
         <run_address>0x19560</run_address>
         <size>0xc8c</size>
         <input_file_ref idref="fl-11"/>
      </object_component>
      <object_component id="oc-84">
         <name>.debug_info</name>
         <load_address>0x1a1ec</load_address>
         <run_address>0x1a1ec</run_address>
         <size>0x20f8</size>
         <input_file_ref idref="fl-12"/>
      </object_component>
      <object_component id="oc-89">
         <name>.debug_info</name>
         <load_address>0x1c2e4</load_address>
         <run_address>0x1c2e4</run_address>
         <size>0x333e</size>
         <input_file_ref idref="fl-13"/>
      </object_component>
      <object_component id="oc-8f">
         <name>.debug_info</name>
         <load_address>0x1f622</load_address>
         <run_address>0x1f622</run_address>
         <size>0xd6c</size>
         <input_file_ref idref="fl-14"/>
      </object_component>
      <object_component id="oc-94">
         <name>.debug_info</name>
         <load_address>0x2038e</load_address>
         <run_address>0x2038e</run_address>
         <size>0x2511</size>
         <input_file_ref idref="fl-15"/>
      </object_component>
      <object_component id="oc-99">
         <name>.debug_info</name>
         <load_address>0x2289f</load_address>
         <run_address>0x2289f</run_address>
         <size>0xd58</size>
         <input_file_ref idref="fl-16"/>
      </object_component>
      <object_component id="oc-9e">
         <name>.debug_info</name>
         <load_address>0x235f7</load_address>
         <run_address>0x235f7</run_address>
         <size>0x7a9</size>
         <input_file_ref idref="fl-17"/>
      </object_component>
      <object_component id="oc-a3">
         <name>.debug_info</name>
         <load_address>0x23da0</load_address>
         <run_address>0x23da0</run_address>
         <size>0x2d3e</size>
         <input_file_ref idref="fl-18"/>
      </object_component>
      <object_component id="oc-de">
         <name>.debug_info</name>
         <load_address>0x26ade</load_address>
         <run_address>0x26ade</run_address>
         <size>0x16b</size>
         <input_file_ref idref="fl-19"/>
      </object_component>
      <object_component id="oc-e3">
         <name>.debug_info</name>
         <load_address>0x26c49</load_address>
         <run_address>0x26c49</run_address>
         <size>0x10c</size>
         <input_file_ref idref="fl-1a"/>
      </object_component>
      <object_component id="oc-e8">
         <name>.debug_info</name>
         <load_address>0x26d55</load_address>
         <run_address>0x26d55</run_address>
         <size>0x10c</size>
         <input_file_ref idref="fl-1b"/>
      </object_component>
      <object_component id="oc-ed">
         <name>.debug_info</name>
         <load_address>0x26e61</load_address>
         <run_address>0x26e61</run_address>
         <size>0x116</size>
         <input_file_ref idref="fl-1c"/>
      </object_component>
      <object_component id="oc-f2">
         <name>.debug_info</name>
         <load_address>0x26f77</load_address>
         <run_address>0x26f77</run_address>
         <size>0x110</size>
         <input_file_ref idref="fl-1d"/>
      </object_component>
      <object_component id="oc-f7">
         <name>.debug_info</name>
         <load_address>0x27087</load_address>
         <run_address>0x27087</run_address>
         <size>0x113</size>
         <input_file_ref idref="fl-1e"/>
      </object_component>
      <object_component id="oc-fb">
         <name>.debug_info</name>
         <load_address>0x2719a</load_address>
         <run_address>0x2719a</run_address>
         <size>0x4cd</size>
         <input_file_ref idref="fl-1f"/>
      </object_component>
      <object_component id="oc-100">
         <name>.debug_info</name>
         <load_address>0x27667</load_address>
         <run_address>0x27667</run_address>
         <size>0x3c8</size>
         <input_file_ref idref="fl-20"/>
      </object_component>
      <object_component id="oc-105">
         <name>.debug_info</name>
         <load_address>0x27a2f</load_address>
         <run_address>0x27a2f</run_address>
         <size>0x33b</size>
         <input_file_ref idref="fl-21"/>
      </object_component>
      <object_component id="oc-10a">
         <name>.debug_info</name>
         <load_address>0x27d6a</load_address>
         <run_address>0x27d6a</run_address>
         <size>0x338</size>
         <input_file_ref idref="fl-22"/>
      </object_component>
      <object_component id="oc-10f">
         <name>.debug_info</name>
         <load_address>0x280a2</load_address>
         <run_address>0x280a2</run_address>
         <size>0x4d2</size>
         <input_file_ref idref="fl-23"/>
      </object_component>
      <object_component id="oc-116">
         <name>.debug_info</name>
         <load_address>0x28574</load_address>
         <run_address>0x28574</run_address>
         <size>0x45a</size>
         <input_file_ref idref="fl-24"/>
      </object_component>
      <object_component id="oc-11b">
         <name>.debug_info</name>
         <load_address>0x289ce</load_address>
         <run_address>0x289ce</run_address>
         <size>0x3f5</size>
         <input_file_ref idref="fl-25"/>
      </object_component>
      <object_component id="oc-1ac">
         <name>.debug_info</name>
         <load_address>0x28dc3</load_address>
         <run_address>0x28dc3</run_address>
         <size>0xbc</size>
      </object_component>
      <object_component id="oc-38">
         <name>.debug_frame</name>
         <load_address>0x0</load_address>
         <run_address>0x0</run_address>
         <size>0x2a4</size>
         <input_file_ref idref="fl-2"/>
      </object_component>
      <object_component id="oc-3d">
         <name>.debug_frame</name>
         <load_address>0x2a4</load_address>
         <run_address>0x2a4</run_address>
         <size>0x3c</size>
         <input_file_ref idref="fl-3"/>
      </object_component>
      <object_component id="oc-65">
         <name>.debug_frame</name>
         <load_address>0x4d8</load_address>
         <run_address>0x4d8</run_address>
         <size>0x173</size>
         <input_file_ref idref="fl-c"/>
      </object_component>
      <object_component id="oc-6a">
         <name>.debug_frame</name>
         <load_address>0x64b</load_address>
         <run_address>0x64b</run_address>
         <size>0xe0</size>
         <input_file_ref idref="fl-d"/>
      </object_component>
      <object_component id="oc-70">
         <name>.debug_frame</name>
         <load_address>0x72b</load_address>
         <run_address>0x72b</run_address>
         <size>0xe0</size>
         <input_file_ref idref="fl-e"/>
      </object_component>
      <object_component id="oc-80">
         <name>.debug_frame</name>
         <load_address>0x80b</load_address>
         <run_address>0x80b</run_address>
         <size>0x77</size>
         <input_file_ref idref="fl-11"/>
      </object_component>
      <object_component id="oc-85">
         <name>.debug_frame</name>
         <load_address>0x882</load_address>
         <run_address>0x882</run_address>
         <size>0x11f</size>
         <input_file_ref idref="fl-12"/>
      </object_component>
      <object_component id="oc-8b">
         <name>.debug_frame</name>
         <load_address>0x9a1</load_address>
         <run_address>0x9a1</run_address>
         <size>0x173</size>
         <input_file_ref idref="fl-13"/>
      </object_component>
      <object_component id="oc-90">
         <name>.debug_frame</name>
         <load_address>0xb14</load_address>
         <run_address>0xb14</run_address>
         <size>0xe0</size>
         <input_file_ref idref="fl-14"/>
      </object_component>
      <object_component id="oc-95">
         <name>.debug_frame</name>
         <load_address>0xbf4</load_address>
         <run_address>0xbf4</run_address>
         <size>0x77</size>
         <input_file_ref idref="fl-15"/>
      </object_component>
      <object_component id="oc-9a">
         <name>.debug_frame</name>
         <load_address>0xc6b</load_address>
         <run_address>0xc6b</run_address>
         <size>0x10a</size>
         <input_file_ref idref="fl-16"/>
      </object_component>
      <object_component id="oc-9f">
         <name>.debug_frame</name>
         <load_address>0xd75</load_address>
         <run_address>0xd75</run_address>
         <size>0x8c</size>
         <input_file_ref idref="fl-17"/>
      </object_component>
      <object_component id="oc-d7">
         <name>.debug_frame</name>
         <load_address>0xe01</load_address>
         <run_address>0xe01</run_address>
         <size>0x491</size>
         <input_file_ref idref="fl-18"/>
      </object_component>
      <object_component id="oc-fc">
         <name>.debug_frame</name>
         <load_address>0x2e0</load_address>
         <run_address>0x2e0</run_address>
         <size>0x58</size>
         <input_file_ref idref="fl-1f"/>
      </object_component>
      <object_component id="oc-101">
         <name>.debug_frame</name>
         <load_address>0x338</load_address>
         <run_address>0x338</run_address>
         <size>0x38</size>
         <input_file_ref idref="fl-20"/>
      </object_component>
      <object_component id="oc-106">
         <name>.debug_frame</name>
         <load_address>0x370</load_address>
         <run_address>0x370</run_address>
         <size>0x38</size>
         <input_file_ref idref="fl-21"/>
      </object_component>
      <object_component id="oc-10b">
         <name>.debug_frame</name>
         <load_address>0x3a8</load_address>
         <run_address>0x3a8</run_address>
         <size>0x38</size>
         <input_file_ref idref="fl-22"/>
      </object_component>
      <object_component id="oc-112">
         <name>.debug_frame</name>
         <load_address>0x3e0</load_address>
         <run_address>0x3e0</run_address>
         <size>0x58</size>
         <input_file_ref idref="fl-23"/>
      </object_component>
      <object_component id="oc-117">
         <name>.debug_frame</name>
         <load_address>0x438</load_address>
         <run_address>0x438</run_address>
         <size>0x68</size>
         <input_file_ref idref="fl-24"/>
      </object_component>
      <object_component id="oc-11c">
         <name>.debug_frame</name>
         <load_address>0x4a0</load_address>
         <run_address>0x4a0</run_address>
         <size>0x38</size>
         <input_file_ref idref="fl-25"/>
      </object_component>
      <object_component id="oc-39">
         <name>.debug_line</name>
         <load_address>0x0</load_address>
         <run_address>0x0</run_address>
         <size>0x395</size>
         <input_file_ref idref="fl-2"/>
      </object_component>
      <object_component id="oc-3e">
         <name>.debug_line</name>
         <load_address>0x395</load_address>
         <run_address>0x395</run_address>
         <size>0x4c</size>
         <input_file_ref idref="fl-3"/>
      </object_component>
      <object_component id="oc-66">
         <name>.debug_line</name>
         <load_address>0x3e1</load_address>
         <run_address>0x3e1</run_address>
         <size>0x212</size>
         <input_file_ref idref="fl-c"/>
      </object_component>
      <object_component id="oc-6b">
         <name>.debug_line</name>
         <load_address>0x5f3</load_address>
         <run_address>0x5f3</run_address>
         <size>0x119</size>
         <input_file_ref idref="fl-d"/>
      </object_component>
      <object_component id="oc-71">
         <name>.debug_line</name>
         <load_address>0x70c</load_address>
         <run_address>0x70c</run_address>
         <size>0xfb</size>
         <input_file_ref idref="fl-e"/>
      </object_component>
      <object_component id="oc-77">
         <name>.debug_line</name>
         <load_address>0x807</load_address>
         <run_address>0x807</run_address>
         <size>0x9f</size>
         <input_file_ref idref="fl-f"/>
      </object_component>
      <object_component id="oc-7c">
         <name>.debug_line</name>
         <load_address>0x8a6</load_address>
         <run_address>0x8a6</run_address>
         <size>0x9d</size>
         <input_file_ref idref="fl-10"/>
      </object_component>
      <object_component id="oc-81">
         <name>.debug_line</name>
         <load_address>0x943</load_address>
         <run_address>0x943</run_address>
         <size>0x84</size>
         <input_file_ref idref="fl-11"/>
      </object_component>
      <object_component id="oc-86">
         <name>.debug_line</name>
         <load_address>0x9c7</load_address>
         <run_address>0x9c7</run_address>
         <size>0x1f5</size>
         <input_file_ref idref="fl-12"/>
      </object_component>
      <object_component id="oc-8c">
         <name>.debug_line</name>
         <load_address>0xbbc</load_address>
         <run_address>0xbbc</run_address>
         <size>0x1fe</size>
         <input_file_ref idref="fl-13"/>
      </object_component>
      <object_component id="oc-91">
         <name>.debug_line</name>
         <load_address>0xdba</load_address>
         <run_address>0xdba</run_address>
         <size>0x123</size>
         <input_file_ref idref="fl-14"/>
      </object_component>
      <object_component id="oc-96">
         <name>.debug_line</name>
         <load_address>0xedd</load_address>
         <run_address>0xedd</run_address>
         <size>0x82</size>
         <input_file_ref idref="fl-15"/>
      </object_component>
      <object_component id="oc-9b">
         <name>.debug_line</name>
         <load_address>0xf5f</load_address>
         <run_address>0xf5f</run_address>
         <size>0x148</size>
         <input_file_ref idref="fl-16"/>
      </object_component>
      <object_component id="oc-a0">
         <name>.debug_line</name>
         <load_address>0x10a7</load_address>
         <run_address>0x10a7</run_address>
         <size>0xa3</size>
         <input_file_ref idref="fl-17"/>
      </object_component>
      <object_component id="oc-d8">
         <name>.debug_line</name>
         <load_address>0x114a</load_address>
         <run_address>0x114a</run_address>
         <size>0x4fb</size>
         <input_file_ref idref="fl-18"/>
      </object_component>
      <object_component id="oc-df">
         <name>.debug_line</name>
         <load_address>0x1645</load_address>
         <run_address>0x1645</run_address>
         <size>0x7d</size>
         <input_file_ref idref="fl-19"/>
      </object_component>
      <object_component id="oc-e4">
         <name>.debug_line</name>
         <load_address>0x16c2</load_address>
         <run_address>0x16c2</run_address>
         <size>0xab</size>
         <input_file_ref idref="fl-1a"/>
      </object_component>
      <object_component id="oc-e9">
         <name>.debug_line</name>
         <load_address>0x176d</load_address>
         <run_address>0x176d</run_address>
         <size>0x8d</size>
         <input_file_ref idref="fl-1b"/>
      </object_component>
      <object_component id="oc-ee">
         <name>.debug_line</name>
         <load_address>0x17fa</load_address>
         <run_address>0x17fa</run_address>
         <size>0x52</size>
         <input_file_ref idref="fl-1c"/>
      </object_component>
      <object_component id="oc-f3">
         <name>.debug_line</name>
         <load_address>0x184c</load_address>
         <run_address>0x184c</run_address>
         <size>0x49</size>
         <input_file_ref idref="fl-1d"/>
      </object_component>
      <object_component id="oc-f8">
         <name>.debug_line</name>
         <load_address>0x1895</load_address>
         <run_address>0x1895</run_address>
         <size>0x4f</size>
         <input_file_ref idref="fl-1e"/>
      </object_component>
      <object_component id="oc-fd">
         <name>.debug_line</name>
         <load_address>0x18e4</load_address>
         <run_address>0x18e4</run_address>
         <size>0x50</size>
         <input_file_ref idref="fl-1f"/>
      </object_component>
      <object_component id="oc-102">
         <name>.debug_line</name>
         <load_address>0x1934</load_address>
         <run_address>0x1934</run_address>
         <size>0x62</size>
         <input_file_ref idref="fl-20"/>
      </object_component>
      <object_component id="oc-107">
         <name>.debug_line</name>
         <load_address>0x1996</load_address>
         <run_address>0x1996</run_address>
         <size>0x3e</size>
         <input_file_ref idref="fl-21"/>
      </object_component>
      <object_component id="oc-10c">
         <name>.debug_line</name>
         <load_address>0x19d4</load_address>
         <run_address>0x19d4</run_address>
         <size>0x3a</size>
         <input_file_ref idref="fl-22"/>
      </object_component>
      <object_component id="oc-113">
         <name>.debug_line</name>
         <load_address>0x1a0e</load_address>
         <run_address>0x1a0e</run_address>
         <size>0x65</size>
         <input_file_ref idref="fl-23"/>
      </object_component>
      <object_component id="oc-118">
         <name>.debug_line</name>
         <load_address>0x1a73</load_address>
         <run_address>0x1a73</run_address>
         <size>0x5e</size>
         <input_file_ref idref="fl-24"/>
      </object_component>
      <object_component id="oc-11d">
         <name>.debug_line</name>
         <load_address>0x1ad1</load_address>
         <run_address>0x1ad1</run_address>
         <size>0x55</size>
         <input_file_ref idref="fl-25"/>
      </object_component>
      <object_component id="oc-3a">
         <name>.debug_abbrev</name>
         <load_address>0x0</load_address>
         <run_address>0x0</run_address>
         <size>0x282</size>
         <input_file_ref idref="fl-2"/>
      </object_component>
      <object_component id="oc-3f">
         <name>.debug_abbrev</name>
         <load_address>0x282</load_address>
         <run_address>0x282</run_address>
         <size>0xd2</size>
         <input_file_ref idref="fl-3"/>
      </object_component>
      <object_component id="oc-63">
         <name>.debug_abbrev</name>
         <load_address>0x354</load_address>
         <run_address>0x354</run_address>
         <size>0xb7</size>
         <input_file_ref idref="fl-b"/>
      </object_component>
      <object_component id="oc-67">
         <name>.debug_abbrev</name>
         <load_address>0x40b</load_address>
         <run_address>0x40b</run_address>
         <size>0x191</size>
         <input_file_ref idref="fl-c"/>
      </object_component>
      <object_component id="oc-6c">
         <name>.debug_abbrev</name>
         <load_address>0x59c</load_address>
         <run_address>0x59c</run_address>
         <size>0x174</size>
         <input_file_ref idref="fl-d"/>
      </object_component>
      <object_component id="oc-72">
         <name>.debug_abbrev</name>
         <load_address>0x710</load_address>
         <run_address>0x710</run_address>
         <size>0x11b</size>
         <input_file_ref idref="fl-e"/>
      </object_component>
      <object_component id="oc-78">
         <name>.debug_abbrev</name>
         <load_address>0x82b</load_address>
         <run_address>0x82b</run_address>
         <size>0x2f</size>
         <input_file_ref idref="fl-f"/>
      </object_component>
      <object_component id="oc-7d">
         <name>.debug_abbrev</name>
         <load_address>0x85a</load_address>
         <run_address>0x85a</run_address>
         <size>0x21</size>
         <input_file_ref idref="fl-10"/>
      </object_component>
      <object_component id="oc-82">
         <name>.debug_abbrev</name>
         <load_address>0x87b</load_address>
         <run_address>0x87b</run_address>
         <size>0x16e</size>
         <input_file_ref idref="fl-11"/>
      </object_component>
      <object_component id="oc-87">
         <name>.debug_abbrev</name>
         <load_address>0x9e9</load_address>
         <run_address>0x9e9</run_address>
         <size>0x16b</size>
         <input_file_ref idref="fl-12"/>
      </object_component>
      <object_component id="oc-8d">
         <name>.debug_abbrev</name>
         <load_address>0xb54</load_address>
         <run_address>0xb54</run_address>
         <size>0x1d9</size>
         <input_file_ref idref="fl-13"/>
      </object_component>
      <object_component id="oc-92">
         <name>.debug_abbrev</name>
         <load_address>0xd2d</load_address>
         <run_address>0xd2d</run_address>
         <size>0x182</size>
         <input_file_ref idref="fl-14"/>
      </object_component>
      <object_component id="oc-97">
         <name>.debug_abbrev</name>
         <load_address>0xeaf</load_address>
         <run_address>0xeaf</run_address>
         <size>0x176</size>
         <input_file_ref idref="fl-15"/>
      </object_component>
      <object_component id="oc-9c">
         <name>.debug_abbrev</name>
         <load_address>0x1025</load_address>
         <run_address>0x1025</run_address>
         <size>0x11b</size>
         <input_file_ref idref="fl-16"/>
      </object_component>
      <object_component id="oc-a1">
         <name>.debug_abbrev</name>
         <load_address>0x1140</load_address>
         <run_address>0x1140</run_address>
         <size>0x11d</size>
         <input_file_ref idref="fl-17"/>
      </object_component>
      <object_component id="oc-d9">
         <name>.debug_abbrev</name>
         <load_address>0x125d</load_address>
         <run_address>0x125d</run_address>
         <size>0xb6</size>
         <input_file_ref idref="fl-18"/>
      </object_component>
      <object_component id="oc-e0">
         <name>.debug_abbrev</name>
         <load_address>0x1313</load_address>
         <run_address>0x1313</run_address>
         <size>0x46</size>
         <input_file_ref idref="fl-19"/>
      </object_component>
      <object_component id="oc-e5">
         <name>.debug_abbrev</name>
         <load_address>0x1359</load_address>
         <run_address>0x1359</run_address>
         <size>0x38</size>
         <input_file_ref idref="fl-1a"/>
      </object_component>
      <object_component id="oc-ea">
         <name>.debug_abbrev</name>
         <load_address>0x1391</load_address>
         <run_address>0x1391</run_address>
         <size>0x38</size>
         <input_file_ref idref="fl-1b"/>
      </object_component>
      <object_component id="oc-ef">
         <name>.debug_abbrev</name>
         <load_address>0x13c9</load_address>
         <run_address>0x13c9</run_address>
         <size>0x38</size>
         <input_file_ref idref="fl-1c"/>
      </object_component>
      <object_component id="oc-f4">
         <name>.debug_abbrev</name>
         <load_address>0x1401</load_address>
         <run_address>0x1401</run_address>
         <size>0x38</size>
         <input_file_ref idref="fl-1d"/>
      </object_component>
      <object_component id="oc-f9">
         <name>.debug_abbrev</name>
         <load_address>0x1439</load_address>
         <run_address>0x1439</run_address>
         <size>0x38</size>
         <input_file_ref idref="fl-1e"/>
      </object_component>
      <object_component id="oc-fe">
         <name>.debug_abbrev</name>
         <load_address>0x1471</load_address>
         <run_address>0x1471</run_address>
         <size>0xe3</size>
         <input_file_ref idref="fl-1f"/>
      </object_component>
      <object_component id="oc-103">
         <name>.debug_abbrev</name>
         <load_address>0x1554</load_address>
         <run_address>0x1554</run_address>
         <size>0xa8</size>
         <input_file_ref idref="fl-20"/>
      </object_component>
      <object_component id="oc-108">
[...]
         <value>0x87a5</value>
         <object_component_ref idref="oc-13c"/>
      </symbol>
      <symbol id="sm-18f">
         <name>_CPU_enableGlobalInts</name>
         <value>0x87ab</value>
         <object_component_ref idref="oc-15e"/>
      </symbol>
      <symbol id="sm-190">
         <name>_CPU_clearIntFlags</name>
         <value>0x87a2</value>
         <object_component_ref idref="oc-13d"/>
      </symbol>
      <symbol id="sm-191">
         <name>_CPU_init</name>
         <value>0x879e</value>
         <object_component_ref idref="oc-12d"/>
      </symbol>
      <symbol id="sm-192">
         <name>_cpu</name>
         <value>0x766</value>
         <object_component_ref idref="oc-6f"/>
      </symbol>
      <symbol id="sm-193">
         <name>_CPU_enableDebugInt</name>
         <value>0x87a8</value>
         <object_component_ref idref="oc-15f"/>
      </symbol>
      <symbol id="sm-194">
         <name>_CPU_enableInt</name>
         <value>0x879a</value>
         <object_component_ref idref="oc-15c"/>
      </symbol>
      <symbol id="sm-1a2">
         <name>_setDBGIER</name>
         <value>0x8603</value>
         <object_component_ref idref="oc-74"/>
      </symbol>
      <symbol id="sm-1a3">
         <name>_DSP28x_DisableInt</name>
         <value>0x8606</value>
         <object_component_ref idref="oc-74"/>
      </symbol>
      <symbol id="sm-1a4">
         <name>_DSP28x_RestoreInt</name>
         <value>0x860a</value>
         <object_component_ref idref="oc-74"/>
      </symbol>
      <symbol id="sm-1a5">
         <name>_DSP28x_usDelay</name>
         <value>0x87f0</value>
         <object_component_ref idref="oc-75"/>
      </symbol>
      <symbol id="sm-1b5">
         <name>code_start</name>
         <value>0x0</value>
         <object_component_ref idref="oc-33"/>
      </symbol>
      <symbol id="sm-1c4">
         <name>_FLASH_init</name>
         <value>0x8627</value>
         <object_component_ref idref="oc-12e"/>
      </symbol>
      <symbol id="sm-1f3">
         <name>_GPIO_setExtInt</name>
         <value>0x85a7</value>
         <object_component_ref idref="oc-147"/>
      </symbol>
      <symbol id="sm-1f4">
         <name>_GPIO_setLow</name>
         <value>0x84a0</value>
         <object_component_ref idref="oc-125"/>
      </symbol>
      <symbol id="sm-1f5">
         <name>_GPIO_getData</name>
         <value>0x8546</value>
         <object_component_ref idref="oc-121"/>
      </symbol>
      <symbol id="sm-1f6">
         <name>_GPIO_setQualification</name>
         <value>0x377</value>
         <object_component_ref idref="oc-146"/>
      </symbol>
      <symbol id="sm-1f7">
         <name>_GPIO_setMode</name>
         <value>0x273</value>
         <object_component_ref idref="oc-144"/>
      </symbol>
      <symbol id="sm-1f8">
         <name>_GPIO_init</name>
         <value>0x862f</value>
         <object_component_ref idref="oc-12f"/>
      </symbol>
      <symbol id="sm-1f9">
         <name>_GPIO_setPullUp</name>
         <value>0x325</value>
         <object_component_ref idref="oc-148"/>
      </symbol>
      <symbol id="sm-1fa">
         <name>_GPIO_setDirection</name>
         <value>0x2fc</value>
         <object_component_ref idref="oc-145"/>
      </symbol>
      <symbol id="sm-1fb">
         <name>_GPIO_setHigh</name>
         <value>0x848c</value>
         <object_component_ref idref="oc-143"/>
      </symbol>
      <symbol id="sm-22d">
         <name>_PIE_enable</name>
         <value>0x87b1</value>
         <object_component_ref idref="oc-13f"/>
      </symbol>
      <symbol id="sm-22e">
         <name>_PIE_enableAdcInt</name>
         <value>0x84b4</value>
         <object_component_ref idref="oc-15b"/>
      </symbol>
      <symbol id="sm-22f">
         <name>_PIE_registerSystemIntHandler</name>
         <value>0x85b2</value>
         <object_component_ref idref="oc-141"/>
      </symbol>
      <symbol id="sm-230">
         <name>_PIE_setExtIntPolarity</name>
         <value>0x8598</value>
         <object_component_ref idref="oc-149"/>
      </symbol>
      <symbol id="sm-231">
         <name>_PIE_disableAllInts</name>
         <value>0x8557</value>
         <object_component_ref idref="oc-13b"/>
      </symbol>
      <symbol id="sm-232">
         <name>_PIE_disable</name>
         <value>0x87ae</value>
         <object_component_ref idref="oc-13a"/>
      </symbol>
      <symbol id="sm-233">
         <name>_PIE_enableExtInt</name>
         <value>0x840d</value>
         <object_component_ref idref="oc-14a"/>
      </symbol>
      <symbol id="sm-234">
         <name>_PIE_illegalIsr</name>
         <value>0x8722</value>
         <object_component_ref idref="oc-8a"/>
      </symbol>
      <symbol id="sm-235">
         <name>_PIE_enableTimer0Int</name>
         <value>0x87b4</value>
         <object_component_ref idref="oc-15d"/>
      </symbol>
      <symbol id="sm-236">
         <name>_PIE_registerPieIntHandler</name>
         <value>0x8589</value>
         <object_component_ref idref="oc-140"/>
      </symbol>
      <symbol id="sm-237">
         <name>_PIE_init</name>
         <value>0x85f9</value>
         <object_component_ref idref="oc-130"/>
      </symbol>
      <symbol id="sm-238">
         <name>_PIE_setDebugIntVectorTable</name>
         <value>0x8568</value>
         <object_component_ref idref="oc-13e"/>
      </symbol>
      <symbol id="sm-239">
         <name>_PIE_enableInt</name>
         <value>0x85ef</value>
         <object_component_ref idref="oc-142"/>
      </symbol>
      <symbol id="sm-23a">
         <name>_PIE_tableDebugInit</name>
         <value>0x600</value>
         <object_component_ref idref="oc-16a"/>
      </symbol>
      <symbol id="sm-255">
         <name>_PLL_getClkStatus</name>
         <value>0x87b7</value>
         <object_component_ref idref="oc-166"/>
      </symbol>
      <symbol id="sm-256">
         <name>_PLL_setDivider</name>
         <value>0x8683</value>
         <object_component_ref idref="oc-167"/>
      </symbol>
      <symbol id="sm-257">
         <name>_PLL_init</name>
         <value>0x8637</value>
         <object_component_ref idref="oc-131"/>
      </symbol>
      <symbol id="sm-258">
         <name>_PLL_getLockStatus</name>
         <value>0x87ba</value>
         <object_component_ref idref="oc-169"/>
      </symbol>
      <symbol id="sm-259">
         <name>_PLL_setup</name>
         <value>0x8477</value>
         <object_component_ref idref="oc-139"/>
      </symbol>
      <symbol id="sm-25a">
         <name>_PLL_setMultiplier</name>
         <value>0x868a</value>
         <object_component_ref idref="oc-168"/>
      </symbol>
      <symbol id="sm-269">
         <name>_PWM_init</name>
         <value>0x863f</value>
         <object_component_ref idref="oc-134"/>
      </symbol>
      <symbol id="sm-286">
         <name>_TIMER_setEmulationMode</name>
         <value>0x8690</value>
         <object_component_ref idref="oc-14d"/>
      </symbol>
      <symbol id="sm-287">
         <name>_TIMER_start</name>
         <value>0x87c3</value>
         <object_component_ref idref="oc-123"/>
      </symbol>
      <symbol id="sm-288">
         <name>_TIMER_setPreScaler</name>
         <value>0x84c8</value>
         <object_component_ref idref="oc-14c"/>
      </symbol>
      <symbol id="sm-289">
         <name>_TIMER_setPeriod</name>
         <value>0x3fe</value>
         <object_component_ref idref="oc-14b"/>
      </symbol>
      <symbol id="sm-28a">
         <name>_TIMER_init</name>
         <value>0x8647</value>
         <object_component_ref idref="oc-132"/>
      </symbol>
      <symbol id="sm-28b">
         <name>_TIMER_reload</name>
         <value>0x87c0</value>
         <object_component_ref idref="oc-122"/>
      </symbol>
      <symbol id="sm-28c">
         <name>_TIMER_enableInt</name>
         <value>0x87bd</value>
         <object_component_ref idref="oc-14e"/>
      </symbol>
      <symbol id="sm-28d">
         <name>_TIMER_stop</name>
         <value>0x87c6</value>
         <object_component_ref idref="oc-124"/>
      </symbol>
      <symbol id="sm-29e">
         <name>_WDOG_init</name>
         <value>0x8657</value>
         <object_component_ref idref="oc-133"/>
      </symbol>
      <symbol id="sm-29f">
         <name>_WDOG_disable</name>
         <value>0x864f</value>
         <object_component_ref idref="oc-136"/>
      </symbol>
      <symbol id="sm-342">
         <name>_ILLEGAL_ISR</name>
         <value>0x8709</value>
         <object_component_ref idref="oc-aa"/>
      </symbol>
      <symbol id="sm-343">
         <name>_ADCINT4_ISR</name>
         <value>0x86a5</value>
         <object_component_ref idref="oc-ce"/>
      </symbol>
      <symbol id="sm-344">
         <name>_DATALOG_ISR</name>
         <value>0x86c3</value>
         <object_component_ref idref="oc-a6"/>
      </symbol>
      <symbol id="sm-345">
         <name>_SPITXINTA_ISR</name>
         <value>0x873b</value>
         <object_component_ref idref="oc-c8"/>
      </symbol>
      <symbol id="sm-346">
         <name>_SPIRXINTA_ISR</name>
         <value>0x8736</value>
         <object_component_ref idref="oc-c7"/>
      </symbol>
      <symbol id="sm-347">
         <name>_INT13_ISR</name>
         <value>0x870e</value>
         <object_component_ref idref="oc-a4"/>
      </symbol>
      <symbol id="sm-348">
         <name>_ADCINT5_ISR</name>
         <value>0x86aa</value>
         <object_component_ref idref="oc-cf"/>
      </symbol>
      <symbol id="sm-349">
         <name>_EPWM4_INT_ISR</name>
         <value>0x86f5</value>
         <object_component_ref idref="oc-c5"/>
      </symbol>
      <symbol id="sm-34a">
         <name>_USER5_ISR</name>
         <value>0x8768</value>
         <object_component_ref idref="oc-af"/>
      </symbol>
      <symbol id="sm-34b">
         <name>_EMPTY_ISR</name>
         <value>0x86cd</value>
         <object_component_ref idref="oc-d4"/>
      </symbol>
      <symbol id="sm-34c">
         <name>_EPWM4_TZINT_ISR</name>
         <value>0x86fa</value>
         <object_component_ref idref="oc-c1"/>
      </symbol>
      <symbol id="sm-34d">
         <name>_EMUINT_ISR</name>
         <value>0x86d2</value>
         <object_component_ref idref="oc-a8"/>
      </symbol>
      <symbol id="sm-34e">
         <name>_ECAP1_INT_ISR</name>
         <value>0x86c8</value>
         <object_component_ref idref="oc-c6"/>
      </symbol>
      <symbol id="sm-34f">
         <name>_EPWM1_TZINT_ISR</name>
         <value>0x86dc</value>
         <object_component_ref idref="oc-be"/>
      </symbol>
      <symbol id="sm-350">
         <name>_ADCINT6_ISR</name>
         <value>0x86af</value>
         <object_component_ref idref="oc-d0"/>
      </symbol>
      <symbol id="sm-351">
         <name>_ADCINT8_ISR</name>
         <value>0x86b9</value>
         <object_component_ref idref="oc-d2"/>
      </symbol>
      <symbol id="sm-352">
         <name>_USER11_ISR</name>
         <value>0x874a</value>
         <object_component_ref idref="oc-b5"/>
      </symbol>
      <symbol id="sm-353">
         <name>_EPWM3_TZINT_ISR</name>
         <value>0x86f0</value>
         <object_component_ref idref="oc-c0"/>
      </symbol>
      <symbol id="sm-354">
         <name>_USER4_ISR</name>
         <value>0x8763</value>
         <object_component_ref idref="oc-ae"/>
      </symbol>
      <symbol id="sm-355">
         <name>_EPWM2_TZINT_ISR</name>
         <value>0x86e6</value>
         <object_component_ref idref="oc-bf"/>
      </symbol>
      <symbol id="sm-356">
         <name>_EPWM2_INT_ISR</name>
         <value>0x86e1</value>
         <object_component_ref idref="oc-c3"/>
      </symbol>
      <symbol id="sm-357">
         <name>_TINT0_ISR</name>
         <value>0x8740</value>
         <object_component_ref idref="oc-bc"/>
      </symbol>
      <symbol id="sm-358">
         <name>_WAKEINT_ISR</name>
         <value>0x8781</value>
         <object_component_ref idref="oc-bd"/>
      </symbol>
      <symbol id="sm-359">
         <name>_ADCINT7_ISR</name>
         <value>0x86b4</value>
         <object_component_ref idref="oc-d1"/>
      </symbol>
      <symbol id="sm-35a">
         <name>_ADCINT9_ISR</name>
         <value>0x86be</value>
         <object_component_ref idref="oc-bb"/>
      </symbol>
      <symbol id="sm-35b">
         <name>_USER10_ISR</name>
         <value>0x8745</value>
         <object_component_ref idref="oc-b4"/>
      </symbol>
      <symbol id="sm-35c">
         <name>_USER7_ISR</name>
         <value>0x8772</value>
         <object_component_ref idref="oc-b1"/>
      </symbol>
      <symbol id="sm-35d">
         <name>_XINT1_ISR</name>
         <value>0x8786</value>
         <object_component_ref idref="oc-b9"/>
      </symbol>
      <symbol id="sm-35e">
         <name>_INT14_ISR</name>
         <value>0x8713</value>
         <object_component_ref idref="oc-a5"/>
      </symbol>
      <symbol id="sm-35f">
         <name>_USER6_ISR</name>
         <value>0x876d</value>
         <object_component_ref idref="oc-b0"/>
      </symbol>
      <symbol id="sm-360">
         <name>_ADCINT1_ISR</name>
         <value>0x8696</value>
         <object_component_ref idref="oc-b7"/>
      </symbol>
      <symbol id="sm-361">
         <name>_USER12_ISR</name>
         <value>0x874f</value>
         <object_component_ref idref="oc-b6"/>
      </symbol>
      <symbol id="sm-362">
         <name>_USER1_ISR</name>
         <value>0x8754</value>
         <object_component_ref idref="oc-ab"/>
      </symbol>
      <symbol id="sm-363">
         <name>_XINT3_ISR</name>
         <value>0x8790</value>
         <object_component_ref idref="oc-d3"/>
      </symbol>
      <symbol id="sm-364">
         <name>_NMI_ISR</name>
         <value>0x8718</value>
         <object_component_ref idref="oc-a9"/>
      </symbol>
      <symbol id="sm-365">
         <name>_ADCINT2_ISR</name>
         <value>0x869b</value>
         <object_component_ref idref="oc-b8"/>
      </symbol>
      <symbol id="sm-366">
         <name>_PIE_RESERVED</name>
         <value>0x871d</value>
         <object_component_ref idref="oc-d5"/>
      </symbol>
      <symbol id="sm-367">
         <name>_I2CINT1A_ISR</name>
         <value>0x86ff</value>
         <object_component_ref idref="oc-c9"/>
      </symbol>
      <symbol id="sm-368">
         <name>_XINT2_ISR</name>
         <value>0x878b</value>
         <object_component_ref idref="oc-ba"/>
      </symbol>
      <symbol id="sm-369">
         <name>_I2CINT2A_ISR</name>
         <value>0x8704</value>
         <object_component_ref idref="oc-ca"/>
      </symbol>
      <symbol id="sm-36a">
         <name>_RTOSINT_ISR</name>
         <value>0x8727</value>
         <object_component_ref idref="oc-a7"/>
      </symbol>
      <symbol id="sm-36b">
         <name>_EPWM3_INT_ISR</name>
         <value>0x86eb</value>
         <object_component_ref idref="oc-c4"/>
      </symbol>
      <symbol id="sm-36c">
         <name>_ADCINT3_ISR</name>
         <value>0x86a0</value>
         <object_component_ref idref="oc-cd"/>
      </symbol>
      <symbol id="sm-36d">
         <name>_USER9_ISR</name>
         <value>0x877c</value>
         <object_component_ref idref="oc-b3"/>
      </symbol>
      <symbol id="sm-36e">
         <name>_USER3_ISR</name>
         <value>0x875e</value>
         <object_component_ref idref="oc-ad"/>
      </symbol>
      <symbol id="sm-36f">
         <name>_USER8_ISR</name>
         <value>0x8777</value>
         <object_component_ref idref="oc-b2"/>
      </symbol>
      <symbol id="sm-370">
         <name>_EPWM1_INT_ISR</name>
         <value>0x86d7</value>
         <object_component_ref idref="oc-c2"/>
      </symbol>
      <symbol id="sm-371">
         <name>_USER2_ISR</name>
         <value>0x8759</value>
         <object_component_ref idref="oc-ac"/>
      </symbol>
      <symbol id="sm-372">
         <name>_SCITXINTA_ISR</name>
         <value>0x8731</value>
         <object_component_ref idref="oc-cc"/>
      </symbol>
      <symbol id="sm-373">
         <name>_SCIRXINTA_ISR</name>
         <value>0x872c</value>
         <object_component_ref idref="oc-cb"/>
      </symbol>
      <symbol id="sm-374">
         <name>_rsvd_ISR</name>
         <value>0x8795</value>
         <object_component_ref idref="oc-d6"/>
      </symbol>
      <symbol id="sm-38f">
         <name>_c_int00</name>
         <value>0x21f</value>
         <object_component_ref idref="oc-db"/>
      </symbol>
      <symbol id="sm-390">
         <name>__stack</name>
         <value>0x400</value>
         <object_component_ref idref="oc-dc"/>
      </symbol>
      <symbol id="sm-3a1">
         <name>FS$$DIV</name>
         <value>0x142</value>
         <object_component_ref idref="oc-e2"/>
      </symbol>
      <symbol id="sm-3b2">
         <name>FS$$MPY</name>
         <value>0x1c5</value>
         <object_component_ref idref="oc-e7"/>
      </symbol>
      <symbol id="sm-3c1">
         <name>I$$TOFS</name>
         <value>0x3e4</value>
         <object_component_ref idref="oc-ec"/>
      </symbol>
      <symbol id="sm-3cf">
         <name>U$$TOFS</name>
         <value>0x8579</value>
         <object_component_ref idref="oc-f1"/>
      </symbol>
      <symbol id="sm-3df">
         <name>UL$$TOFS</name>
         <value>0x84db</value>
         <object_component_ref idref="oc-f6"/>
      </symbol>
      <symbol id="sm-3ee">
         <name>_copy_in</name>
         <value>0x39e</value>
         <object_component_ref idref="oc-127"/>
      </symbol>
      <symbol id="sm-3ff">
         <name>_memcpy</name>
         <value>0x842a</value>
         <object_component_ref idref="oc-163"/>
      </symbol>
      <symbol id="sm-40b">
         <name>__system_pre_init</name>
         <value>0x87c9</value>
         <object_component_ref idref="oc-126"/>
      </symbol>
      <symbol id="sm-418">
         <name>__system_post_cinit</name>
         <value>0x87cb</value>
         <object_component_ref idref="oc-128"/>
      </symbol>
      <symbol id="sm-42c">
         <name>C$$EXIT</name>
         <value>0x34e</value>
         <object_component_ref idref="oc-12a"/>
      </symbol>
      <symbol id="sm-42d">
         <name>_exit</name>
         <value>0x350</value>
         <object_component_ref idref="oc-12a"/>
      </symbol>
      <symbol id="sm-42e">
         <name>___TI_cleanup_ptr</name>
         <value>0x75e</value>
         <object_component_ref idref="oc-111"/>
      </symbol>
      <symbol id="sm-42f">
         <name>___TI_enable_exit_profile_output</name>
         <value>0x75c</value>
         <object_component_ref idref="oc-111"/>
      </symbol>
      <symbol id="sm-430">
         <name>_abort</name>
         <value>0x34e</value>
         <object_component_ref idref="oc-12a"/>
      </symbol>
      <symbol id="sm-431">
         <name>___TI_dtors_ptr</name>
         <value>0x760</value>
         <object_component_ref idref="oc-111"/>
      </symbol>
      <symbol id="sm-445">
         <name>__unlock</name>
         <value>0x764</value>
         <object_component_ref idref="oc-16d"/>
      </symbol>
      <symbol id="sm-446">
         <name>__lock</name>
         <value>0x762</value>
         <object_component_ref idref="oc-164"/>
      </symbol>
      <symbol id="sm-447">
         <name>__register_lock</name>
         <value>0x861a</value>
         <object_component_ref idref="oc-16b"/>
      </symbol>
      <symbol id="sm-448">
         <name>__nop</name>
         <value>0x861e</value>
         <object_component_ref idref="oc-16b"/>
      </symbol>
      <symbol id="sm-449">
         <name>__register_unlock</name>
         <value>0x8616</value>
         <object_component_ref idref="oc-16b"/>
      </symbol>
      <symbol id="sm-458">
         <name>__args_main</name>
         <value>0x8447</value>
         <object_component_ref idref="oc-129"/>
      </symbol>
   </symbol_table>
   <title>Link successful</title>
</link_info>
