******************************************************************************
             TMS320C2000 Linker PC v18.1.2                     
******************************************************************************
>> Linked Tue Oct 23 18:52:16 2018

OUTPUT FILE NAME:   <Example_F2802xCpuTimer.out>
ENTRY POINT SYMBOL: "code_start"  address: 00000000


MEMORY CONFIGURATION

         name            origin    length      used     unused   attr    fill
----------------------  --------  ---------  --------  --------  ----  --------
PAGE 0:
  BEGIN                 00000000   00000002  00000002  00000000  RWIX
  RAMM0                 00000050   000003b0  000003b0  00000000  RWIX
  RAML0                 00008000   00000800  000007f4  0000000c  RWIX
  IQTABLES              003fe000   00000b50  00000000  00000b50  RWIX
  IQTABLES2             003feb50   0000008c  00000000  0000008c  RWIX
  IQTABLES3             003febdc   000000aa  00000000  000000aa  RWIX
  BOOTROM               003ff27c   00000d44  00000000  00000d44  RWIX
  RESET                 003fffc0   00000002  00000000  00000002  RWIX

PAGE 1:
  BOOT_RSVD             00000002   0000004e  00000000  0000004e  RWIX
  RAMM1                 00000400   00000400  00000367  00000099  RWIX
  DEV_EMU               00000880   00000105  00000004  00000101  RWIX
  SYS_PWR_CTL           00000985   00000003  00000003  00000000  RWIX
  FLASH_REGS            00000a80   00000060  00000008  00000058  RWIX
  CSM                   00000ae0   00000010  00000010  00000000  RWIX
  ADC_RESULT            00000b00   00000020  00000020  00000000  RWIX
  CPU_TIMER0            00000c00   00000008  00000008  00000000  RWIX
  CPU_TIMER1            00000c08   00000008  00000008  00000000  RWIX
  CPU_TIMER2            00000c10   00000008  00000008  00000000  RWIX
  PIE_CTRL              00000ce0   00000020  0000001a  00000006  RWIX
  PIE_VECT              00000d00   00000100  00000100  00000000  RWIX
  COMP1                 00006400   00000020  00000011  0000000f  RWIX
  COMP2                 00006420   00000020  00000011  0000000f  RWIX
  EPWM1                 00006800   00000040  00000040  00000000  RWIX
  EPWM2                 00006840   00000040  00000040  00000000  RWIX
  EPWM3                 00006880   00000040  00000040  00000000  RWIX
  EPWM4                 000068c0   00000040  00000040  00000000  RWIX
  ECAP1                 00006a00   00000020  00000020  00000000  RWIX
  GPIOCTRL              00006f80   00000040  00000040  00000000  RWIX
  GPIODAT               00006fc0   00000020  00000020  00000000  RWIX
  GPIOINT               00006fe0   00000020  0000000a  00000016  RWIX
  SYSTEM                00007010   00000020  0000001f  00000001  RWIX
  SPIA                  00007040   00000010  00000010  00000000  RWIX
  SCIA                  00007050   00000010  00000010  00000000  RWIX
  NMIINTRUPT            00007060   00000010  00000010  00000000  RWIX
  XINTRUPT              00007070   00000010  00000010  00000000  RWIX
  ADC                   00007100   00000080  00000051  0000002f  RWIX
  I2CA                  00007900   00000040  00000022  0000001e  RWIX
  PARTID                003d7fff   00000001  00000001  00000000  RWIX
  CSM_PWL               003f7ff8   00000008  00000008  00000000  RWIX


SECTION ALLOCATION MAP

 output                                  attributes/
section   page    origin      length       input sections
--------  ----  ----------  ----------   ----------------
codestart 
*          0    00000000    00000002     
                  00000000    00000002     driverlib.lib : f2802xx_codestartbranch.obj (codestart)

.text.1    0    00000050    000003b0     
                  00000050    000000f2     Example_2802xCpuTimer.obj (.text:retain)
                  00000142    00000083     rts2800_ml.lib : fs_div28.asm.obj (.text)
                  000001c5    0000005a                    : fs_mpy28.asm.obj (.text)
                  0000021f    00000054                    : boot28.asm.obj (.text)
                  00000273    00000048     driverlib.lib : gpio.obj (.text:_GPIO_setMode)
                  000002bb    00000041     user.obj (.text)
                  000002fc    00000029     driverlib.lib : gpio.obj (.text:_GPIO_setDirection)
                  00000325    00000029                   : gpio.obj (.text:_GPIO_setPullUp)
                  0000034e    00000029     rts2800_ml.lib : exit.c.obj (.text)
                  00000377    00000027     driverlib.lib : gpio.obj (.text:_GPIO_setQualification)
                  0000039e    00000024     rts2800_ml.lib : cpy_tbl.c.obj (.text)
                  000003c2    00000022     driverlib.lib : adc.obj (.text:_ADC_setIntMode)
                  000003e4    0000001a     rts2800_ml.lib : i_tofs28.asm.obj (.text)
                  000003fe    00000002     driverlib.lib : timer.obj (.text:_TIMER_setPeriod)

.text.2    0    00008000    000007cc     
                  00008000    000003eb     Example_2802xCpuTimer.obj (.text)
                  000083eb    00000022     driverlib.lib : adc.obj (.text:_ADC_setIntSrc)
                  0000840d    0000001d                   : pie.obj (.text:_PIE_enableExtInt)
                  0000842a    0000001d     rts2800_ml.lib : memcpy.c.obj (.text)
                  00008447    00000019                    : args_main.c.obj (.text)
                  00008460    00000017     driverlib.lib : adc.obj (.text:_ADC_enableInt)
                  00008477    00000015                   : pll.obj (.text:_PLL_setup)
                  0000848c    00000014                   : gpio.obj (.text:_GPIO_setHigh)
                  000084a0    00000014                   : gpio.obj (.text:_GPIO_setLow)
                  000084b4    00000014                   : pie.obj (.text:_PIE_enableAdcInt)
                  000084c8    00000013                   : timer.obj (.text:_TIMER_setPreScaler)
                  000084db    00000013     rts2800_ml.lib : ul_tofs28.asm.obj (.text)
                  000084ee    00000012     driverlib.lib : adc.obj (.text:_ADC_setSocChanNumber)
                  00008500    00000012                   : adc.obj (.text:_ADC_setSocSampleWindow)
                  00008512    00000012                   : adc.obj (.text:_ADC_setSocTrigSrc)
                  00008524    00000011                   : adc.obj (.text:_ADC_setIntPulseGenMode)
                  00008535    00000011                   : adc.obj (.text:_ADC_setVoltRefSrc)
                  00008546    00000011                   : gpio.obj (.text:_GPIO_getData)
                  00008557    00000011                   : pie.obj (.text:_PIE_disableAllInts)
                  00008568    00000011                   : pie.obj (.text:_PIE_setDebugIntVectorTable)
                  00008579    00000010     rts2800_ml.lib : u_tofs28.asm.obj (.text)
                  00008589    0000000f     driverlib.lib : pie.obj (.text:_PIE_registerPieIntHandler)
                  00008598    0000000f                   : pie.obj (.text:_PIE_setExtIntPolarity)
                  000085a7    0000000b                   : gpio.obj (.text:_GPIO_setExtInt)
                  000085b2    0000000b                   : pie.obj (.text:_PIE_registerSystemIntHandler)
                  000085bd    0000000a                   : adc.obj (.text:_ADC_enable)
                  000085c7    0000000a                   : adc.obj (.text:_ADC_enableBandGap)
                  000085d1    0000000a                   : adc.obj (.text:_ADC_enableRefBuffers)
                  000085db    0000000a                   : adc.obj (.text:_ADC_init)
                  000085e5    0000000a                   : adc.obj (.text:_ADC_powerUp)
                  000085ef    0000000a                   : pie.obj (.text:_PIE_enableInt)
                  000085f9    0000000a                   : pie.obj (.text:_PIE_init)
                  00008603    0000000a                   : f2802xx_asmfuncs.obj (.text)
                  0000860d    00000009                   : clk.obj (.text:_CLK_enablePwmClock)
                  00008616    00000009     rts2800_ml.lib : _lock.c.obj (.text)
                  0000861f    00000008     driverlib.lib : clk.obj (.text:_CLK_init)
                  00008627    00000008                   : flash.obj (.text:_FLASH_init)
                  0000862f    00000008                   : gpio.obj (.text:_GPIO_init)
                  00008637    00000008                   : pll.obj (.text:_PLL_init)
                  0000863f    00000008                   : pwm.obj (.text:_PWM_init)
                  00008647    00000008                   : timer.obj (.text:_TIMER_init)
                  0000864f    00000008                   : wdog.obj (.text:_WDOG_disable)
                  00008657    00000008                   : wdog.obj (.text:_WDOG_init)
                  0000865f    00000008                   : f2802xx_codestartbranch.obj (.text)
                  00008667    00000007                   : clk.obj (.text:_CLK_disableTbClockSync)
                  0000866e    00000007                   : clk.obj (.text:_CLK_enableAdcClock)
                  00008675    00000007                   : clk.obj (.text:_CLK_enableTbClockSync)
                  0000867c    00000007                   : clk.obj (.text:_CLK_setOscSrc)
                  00008683    00000007                   : pll.obj (.text:_PLL_setDivider)
                  0000868a    00000006                   : pll.obj (.text:_PLL_setMultiplier)
                  00008690    00000006                   : timer.obj (.text:_TIMER_setEmulationMode)
                  00008696    00000005                   : f2802xx_defaultisr.obj (.text:_ADCINT1_ISR)
                  0000869b    00000005                   : f2802xx_defaultisr.obj (.text:_ADCINT2_ISR)
                  000086a0    00000005                   : f2802xx_defaultisr.obj (.text:_ADCINT3_ISR)
                  000086a5    00000005                   : f2802xx_defaultisr.obj (.text:_ADCINT4_ISR)
                  000086aa    00000005                   : f2802xx_defaultisr.obj (.text:_ADCINT5_ISR)
                  000086af    00000005                   : f2802xx_defaultisr.obj (.text:_ADCINT6_ISR)
                  000086b4    00000005                   : f2802xx_defaultisr.obj (.text:_ADCINT7_ISR)
                  000086b9    00000005                   : f2802xx_defaultisr.obj (.text:_ADCINT8_ISR)
                  000086be    00000005                   : f2802xx_defaultisr.obj (.text:_ADCINT9_ISR)
                  000086c3    00000005                   : f2802xx_defaultisr.obj (.text:_DATALOG_ISR)
                  000086c8    00000005                   : f2802xx_defaultisr.obj (.text:_ECAP1_INT_ISR)
                  000086cd    00000005                   : f2802xx_defaultisr.obj (.text:_EMPTY_ISR)
                  000086d2    00000005                   : f2802xx_defaultisr.obj (.text:_EMUINT_ISR)
                  000086d7    00000005                   : f2802xx_defaultisr.obj (.text:_EPWM1_INT_ISR)
                  000086dc    00000005                   : f2802xx_defaultisr.obj (.text:_EPWM1_TZINT_ISR)
                  000086e1    00000005                   : f2802xx_defaultisr.obj (.text:_EPWM2_INT_ISR)
                  000086e6    00000005                   : f2802xx_defaultisr.obj (.text:_EPWM2_TZINT_ISR)
                  000086eb    00000005                   : f2802xx_defaultisr.obj (.text:_EPWM3_INT_ISR)
                  000086f0    00000005                   : f2802xx_defaultisr.obj (.text:_EPWM3_TZINT_ISR)
                  000086f5    00000005                   : f2802xx_defaultisr.obj (.text:_EPWM4_INT_ISR)
                  000086fa    00000005                   : f2802xx_defaultisr.obj (.text:_EPWM4_TZINT_ISR)
                  000086ff    00000005                   : f2802xx_defaultisr.obj (.text:_I2CINT1A_ISR)
                  00008704    00000005                   : f2802xx_defaultisr.obj (.text:_I2CINT2A_ISR)
                  00008709    00000005                   : f2802xx_defaultisr.obj (.text:_ILLEGAL_ISR)
                  0000870e    00000005                   : f2802xx_defaultisr.obj (.text:_INT13_ISR)
                  00008713    00000005                   : f2802xx_defaultisr.obj (.text:_INT14_ISR)
                  00008718    00000005                   : f2802xx_defaultisr.obj (.text:_NMI_ISR)
                  0000871d    00000005                   : f2802xx_defaultisr.obj (.text:_PIE_RESERVED)
                  00008722    00000005                   : pie.obj (.text:_PIE_illegalIsr)
                  00008727    00000005                   : f2802xx_defaultisr.obj (.text:_RTOSINT_ISR)
                  0000872c    00000005                   : f2802xx_defaultisr.obj (.text:_SCIRXINTA_ISR)
                  00008731    00000005                   : f2802xx_defaultisr.obj (.text:_SCITXINTA_ISR)
                  00008736    00000005                   : f2802xx_defaultisr.obj (.text:_SPIRXINTA_ISR)
                  0000873b    00000005                   : f2802xx_defaultisr.obj (.text:_SPITXINTA_ISR)
                  00008740    00000005                   : f2802xx_defaultisr.obj (.text:_TINT0_ISR)
                  00008745    00000005                   : f2802xx_defaultisr.obj (.text:_USER10_ISR)
                  0000874a    00000005                   : f2802xx_defaultisr.obj (.text:_USER11_ISR)
                  0000874f    00000005                   : f2802xx_defaultisr.obj (.text:_USER12_ISR)
                  00008754    00000005                   : f2802xx_defaultisr.obj (.text:_USER1_ISR)
                  00008759    00000005                   : f2802xx_defaultisr.obj (.text:_USER2_ISR)
                  0000875e    00000005                   : f2802xx_defaultisr.obj (.text:_USER3_ISR)
                  00008763    00000005                   : f2802xx_defaultisr.obj (.text:_USER4_ISR)
                  00008768    00000005                   : f2802xx_defaultisr.obj (.text:_USER5_ISR)
                  0000876d    00000005                   : f2802xx_defaultisr.obj (.text:_USER6_ISR)
                  00008772    00000005                   : f2802xx_defaultisr.obj (.text:_USER7_ISR)
                  00008777    00000005                   : f2802xx_defaultisr.obj (.text:_USER8_ISR)
                  0000877c    00000005                   : f2802xx_defaultisr.obj (.text:_USER9_ISR)
                  00008781    00000005                   : f2802xx_defaultisr.obj (.text:_WAKEINT_ISR)
                  00008786    00000005                   : f2802xx_defaultisr.obj (.text:_XINT1_ISR)
                  0000878b    00000005                   : f2802xx_defaultisr.obj (.text:_XINT2_ISR)
                  00008790    00000005                   : f2802xx_defaultisr.obj (.text:_XINT3_ISR)
                  00008795    00000005                   : f2802xx_defaultisr.obj (.text:_rsvd_ISR)
                  0000879a    00000004                   : cpu.obj (.text:_CPU_enableInt)
                  0000879e    00000004                   : cpu.obj (.text:_CPU_init)
                  000087a2    00000003                   : cpu.obj (.text:_CPU_clearIntFlags)
                  000087a5    00000003                   : cpu.obj (.text:_CPU_disableGlobalInts)
                  000087a8    00000003                   : cpu.obj (.text:_CPU_enableDebugInt)
                  000087ab    00000003                   : cpu.obj (.text:_CPU_enableGlobalInts)
                  000087ae    00000003                   : pie.obj (.text:_PIE_disable)
                  000087b1    00000003                   : pie.obj (.text:_PIE_enable)
                  000087b4    00000003                   : pie.obj (.text:_PIE_enableTimer0Int)
                  000087b7    00000003                   : pll.obj (.text:_PLL_getClkStatus)
                  000087ba    00000003                   : pll.obj (.text:_PLL_getLockStatus)
                  000087bd    00000003                   : timer.obj (.text:_TIMER_enableInt)
                  000087c0    00000003                   : timer.obj (.text:_TIMER_reload)
                  000087c3    00000003                   : timer.obj (.text:_TIMER_start)
                  000087c6    00000003                   : timer.obj (.text:_TIMER_stop)
                  000087c9    00000002     rts2800_ml.lib : pre_init.c.obj (.text)
                  000087cb    00000001                    : startup.c.obj (.text)

.cinit     0    000087cc    00000024     
                  000087cc    0000000e     rts2800_ml.lib : exit.c.obj (.cinit)
                  000087da    0000000a     Example_2802xCpuTimer.obj (.cinit)
                  000087e4    00000005     rts2800_ml.lib : _lock.c.obj (.cinit:__lock)
                  000087e9    00000005                    : _lock.c.obj (.cinit:__unlock)
                  000087ee    00000002     --HOLE-- [fill = 0]

.econst    1    00000600    00000100     
                  00000600    00000100     driverlib.lib : pie.obj (.econst:_PIE_tableDebugInit)

DevEmuRegsFile 
*          1    00000880    00000004     UNINITIALIZED
                  00000880    00000004     driverlib.lib : F2802xX_GlobalVariableDefs.obj (DevEmuRegsFile)

SysPwrCtrlRegsFile 
*          1    00000985    00000003     UNINITIALIZED
                  00000985    00000003     driverlib.lib : F2802xX_GlobalVariableDefs.obj (SysPwrCtrlRegsFile)

FlashRegsFile 
*          1    00000a80    00000008     UNINITIALIZED
                  00000a80    00000008     driverlib.lib : F2802xX_GlobalVariableDefs.obj (FlashRegsFile)

CsmRegsFile 
*          1    00000ae0    00000010     UNINITIALIZED
                  00000ae0    00000010     driverlib.lib : F2802xX_GlobalVariableDefs.obj (CsmRegsFile)

AdcResultFile 
*          1    00000b00    00000020     UNINITIALIZED
                  00000b00    00000020     driverlib.lib : F2802xX_GlobalVariableDefs.obj (AdcResultFile)

CpuTimer0RegsFile 
*          1    00000c00    00000008     UNINITIALIZED
                  00000c00    00000008     driverlib.lib : F2802xX_GlobalVariableDefs.obj (CpuTimer0RegsFile)

CpuTimer1RegsFile 
*          1    00000c08    00000008     UNINITIALIZED
                  00000c08    00000008     driverlib.lib : F2802xX_GlobalVariableDefs.obj (CpuTimer1RegsFile)

CpuTimer2RegsFile 
*          1    00000c10    00000008     UNINITIALIZED
                  00000c10    00000008     driverlib.lib : F2802xX_GlobalVariableDefs.obj (CpuTimer2RegsFile)

PieCtrlRegsFile 
*          1    00000ce0    0000001a     UNINITIALIZED
                  00000ce0    0000001a     driverlib.lib : F2802xX_GlobalVariableDefs.obj (PieCtrlRegsFile)

PieVectTableFile 
*          1    00000d00    00000100     UNINITIALIZED
                  00000d00    00000100     driverlib.lib : F2802xX_GlobalVariableDefs.obj (PieVectTableFile)

EmuKeyVar 
*          1    00000d00    00000001     UNINITIALIZED
                  00000d00    00000001     driverlib.lib : F2802xX_GlobalVariableDefs.obj (EmuKeyVar)

EmuBModeVar 
*          1    00000d01    00000001     UNINITIALIZED
                  00000d01    00000001     driverlib.lib : F2802xX_GlobalVariableDefs.obj (EmuBModeVar)

FlashCallbackVar 
*          1    00000d02    00000002     UNINITIALIZED
                  00000d02    00000002     driverlib.lib : F2802xX_GlobalVariableDefs.obj (FlashCallbackVar)

FlashScalingVar 
*          1    00000d04    00000002     UNINITIALIZED
                  00000d04    00000002     driverlib.lib : F2802xX_GlobalVariableDefs.obj (FlashScalingVar)

Comp1RegsFile 
*          1    00006400    00000011     UNINITIALIZED
                  00006400    00000011     driverlib.lib : F2802xX_GlobalVariableDefs.obj (Comp1RegsFile)

Comp2RegsFile 
*          1    00006420    00000011     UNINITIALIZED
                  00006420    00000011     driverlib.lib : F2802xX_GlobalVariableDefs.obj (Comp2RegsFile)

EPwm1RegsFile 
*          1    00006800    00000040     UNINITIALIZED
                  00006800    00000040     driverlib.lib : F2802xX_GlobalVariableDefs.obj (EPwm1RegsFile)

EPwm2RegsFile 
*          1    00006840    00000040     UNINITIALIZED
                  00006840    00000040     driverlib.lib : F2802xX_GlobalVariableDefs.obj (EPwm2RegsFile)

EPwm3RegsFile 
*          1    00006880    00000040     UNINITIALIZED
                  00006880    00000040     driverlib.lib : F2802xX_GlobalVariableDefs.obj (EPwm3RegsFile)

EPwm4RegsFile 
*          1    000068c0    00000040     UNINITIALIZED
                  000068c0    00000040     driverlib.lib : F2802xX_GlobalVariableDefs.obj (EPwm4RegsFile)

ECap1RegsFile 
*          1    00006a00    00000020     UNINITIALIZED
                  00006a00    00000020     driverlib.lib : F2802xX_GlobalVariableDefs.obj (ECap1RegsFile)

GpioCtrlRegsFile 
*          1    00006f80    00000040     UNINITIALIZED
                  00006f80    00000040     driverlib.lib : F2802xX_GlobalVariableDefs.obj (GpioCtrlRegsFile)

GpioDataRegsFile 
*          1    00006fc0    00000020     UNINITIALIZED
                  00006fc0    00000020     driverlib.lib : F2802xX_GlobalVariableDefs.obj (GpioDataRegsFile)

GpioIntRegsFile 
*          1    00006fe0    0000000a     UNINITIALIZED
                  00006fe0    0000000a     driverlib.lib : F2802xX_GlobalVariableDefs.obj (GpioIntRegsFile)

SysCtrlRegsFile 
*          1    00007010    0000001f     UNINITIALIZED
                  00007010    0000001f     driverlib.lib : F2802xX_GlobalVariableDefs.obj (SysCtrlRegsFile)

SpiaRegsFile 
*          1    00007040    00000010     UNINITIALIZED
                  00007040    00000010     driverlib.lib : F2802xX_GlobalVariableDefs.obj (SpiaRegsFile)

SciaRegsFile 
*          1    00007050    00000010     UNINITIALIZED
                  00007050    00000010     driverlib.lib : F2802xX_GlobalVariableDefs.obj (SciaRegsFile)

NmiIntruptRegsFile 
*          1    00007060    00000010     UNINITIALIZED
                  00007060    00000010     driverlib.lib : F2802xX_GlobalVariableDefs.obj (NmiIntruptRegsFile)

XIntruptRegsFile 
*          1    00007070    00000010     UNINITIALIZED
                  00007070    00000010     driverlib.lib : F2802xX_GlobalVariableDefs.obj (XIntruptRegsFile)

AdcRegsFile 
*          1    00007100    00000051     UNINITIALIZED
                  00007100    00000051     driverlib.lib : F2802xX_GlobalVariableDefs.obj (AdcRegsFile)

I2caRegsFile 
*          1    00007900    00000022     UNINITIALIZED
                  00007900    00000022     driverlib.lib : F2802xX_GlobalVariableDefs.obj (I2caRegsFile)

PartIdRegsFile 
*          1    003d7fff    00000001     UNINITIALIZED
                  003d7fff    00000001     driverlib.lib : F2802xX_GlobalVariableDefs.obj (PartIdRegsFile)

CsmPwlFile 
*          1    003f7ff8    00000008     UNINITIALIZED
                  003f7ff8    00000008     driverlib.lib : F2802xX_GlobalVariableDefs.obj (CsmPwlFile)

.pinit     0    00000050    00000000     UNINITIALIZED

.reset     0    003fffc0    00000002     DSECT
                  003fffc0    00000002     rts2800_ml.lib : boot28.asm.obj (.reset)

.stack     1    00000400    00000200     UNINITIALIZED
                  00000400    00000200     --HOLE--

.ebss      1    00000700    00000067     UNINITIALIZED
                  00000700    0000005c     Example_2802xCpuTimer.obj (.ebss)
                  0000075c    00000006     rts2800_ml.lib : exit.c.obj (.ebss)
                  00000762    00000002                    : _lock.c.obj (.ebss:__lock)
                  00000764    00000002                    : _lock.c.obj (.ebss:__unlock)
                  00000766    00000001     driverlib.lib : cpu.obj (.ebss)

ramfuncs   0    000087f0    00000004     
                  000087f0    00000004     driverlib.lib : f2802xx_asmfuncs.obj (ramfuncs)

MODULE SUMMARY

       Module                           code   initialized data   uninitialized data
       ------                           ----   ----------------   ------------------
    .\
       Example_2802xCpuTimer.obj        1245   10                 92                
       user.obj                         65     0                  0                 
    +--+--------------------------------+------+------------------+--------------------+
       Total:                           1310   10                 92                
                                                                                    
    C:/ti/C2000Ware_1_00_04_00_Software/device_support/f2802x/common/ccs/Debug/driverlib.lib
       F2802xX_GlobalVariableDefs.obj   0      0                  1022              
       pie.obj                          158    256                0                 
       gpio.obj                         269    0                  0                 
       f2802xx_defaultisr.obj           255    0                  0                 
       adc.obj                          229    0                  0                 
       pll.obj                          48     0                  0                 
       timer.obj                        47     0                  0                 
       clk.obj                          45     0                  0                 
       cpu.obj                          20     0                  1                 
       wdog.obj                         16     0                  0                 
       f2802xx_asmfuncs.obj             14     0                  0                 
       f2802xx_codestartbranch.obj      10     0                  0                 
       flash.obj                        8      0                  0                 
       pwm.obj                          8      0                  0                 
    +--+--------------------------------+------+------------------+--------------------+
       Total:                           1127   256                1023              
                                                                                    
    C:/ti/ccsv8/tools/compiler/ti-cgt-c2000_18.1.2.LTS/lib/rts2800_ml.lib
       fs_div28.asm.obj                 131    0                  0                 
       fs_mpy28.asm.obj                 90     0                  0                 
       boot28.asm.obj                   84     0                  0                 
       exit.c.obj                       41     14                 6                 
       cpy_tbl.c.obj                    36     0                  0                 
       memcpy.c.obj                     29     0                  0                 
       i_tofs28.asm.obj                 26     0                  0                 
       args_main.c.obj                  25     0                  0                 
       _lock.c.obj                      9      10                 4                 
       ul_tofs28.asm.obj                19     0                  0                 
       u_tofs28.asm.obj                 16     0                  0                 
       pre_init.c.obj                   2      0                  0                 
       startup.c.obj                    1      0                  0                 
    +--+--------------------------------+------+------------------+--------------------+
       Total:                           509    24                 10                
                                                                                    
       Stack:                           0      0                  512               
    +--+--------------------------------+------+------------------+--------------------+
       Grand Total:                     2946   290                1637              


GLOBAL DATA SYMBOLS: SORTED BY DATA PAGE

address     data page           name
--------    ----------------    ----
00000400      10 (00000400)     __stack

00000600      18 (00000600)     _PIE_tableDebugInit

00000700      1c (00000700)     _result
00000702      1c (00000700)     _Xint3Count
00000704      1c (00000700)     _adcIntCount
00000706      1c (00000700)     _Xint2Count
00000708      1c (00000700)     _myClk
0000070a      1c (00000700)     _timer0IntCount
0000070c      1c (00000700)     _timer2IntCount
0000070e      1c (00000700)     _timer1IntCount
00000710      1c (00000700)     _myPwm3
00000712      1c (00000700)     _myPwm2
00000714      1c (00000700)     _ControlPtr
00000716      1c (00000700)     _myPie
00000718      1c (00000700)     _myGpio
0000071a      1c (00000700)     _myTimer1
0000071c      1c (00000700)     _myAdc
0000071e      1c (00000700)     _Xint1Count
00000720      1c (00000700)     _myTimer0
00000722      1c (00000700)     _myFlash
00000724      1c (00000700)     _myPwm1
00000726      1c (00000700)     _myTimer2

00000740      1d (00000740)     _Control
0000075c      1d (00000740)     ___TI_enable_exit_profile_output
0000075e      1d (00000740)     ___TI_cleanup_ptr
00000760      1d (00000740)     ___TI_dtors_ptr
00000762      1d (00000740)     __lock
00000764      1d (00000740)     __unlock
00000766      1d (00000740)     _cpu

00000880      22 (00000880)     _DevEmuRegs

00000985      26 (00000980)     _SysPwrCtrlRegs

00000a80      2a (00000a80)     _FlashRegs

00000ae0      2b (00000ac0)     _CsmRegs

00000b00      2c (00000b00)     _AdcResult

00000c00      30 (00000c00)     _CpuTimer0Regs
00000c08      30 (00000c00)     _CpuTimer1Regs
00000c10      30 (00000c00)     _CpuTimer2Regs

00000ce0      33 (00000cc0)     _PieCtrlRegs

00000d00      34 (00000d00)     _EmuKey
00000d00      34 (00000d00)     _PieVectTable
00000d01      34 (00000d00)     _EmuBMode
00000d02      34 (00000d00)     _Flash_CallbackPtr
00000d04      34 (00000d00)     _Flash_CPUScaleFactor

00006400     190 (00006400)     _Comp1Regs
00006420     190 (00006400)     _Comp2Regs

00006800     1a0 (00006800)     _EPwm1Regs

00006840     1a1 (00006840)     _EPwm2Regs

00006880     1a2 (00006880)     _EPwm3Regs

000068c0     1a3 (000068c0)     _EPwm4Regs

00006a00     1a8 (00006a00)     _ECap1Regs

00006f80     1be (00006f80)     _GpioCtrlRegs

00006fc0     1bf (00006fc0)     _GpioDataRegs
00006fe0     1bf (00006fc0)     _GpioIntRegs

00007010     1c0 (00007000)     _SysCtrlRegs

00007040     1c1 (00007040)     _SpiaRegs
00007050     1c1 (00007040)     _SciaRegs
00007060     1c1 (00007040)     _NmiIntruptRegs
00007070     1c1 (00007040)     _XIntruptRegs

00007100     1c4 (00007100)     _AdcRegs

00007900     1e4 (00007900)     _I2caRegs

003d7fff    f5ff (003d7fc0)     _PartIdRegs

003f7ff8    fdff (003f7fc0)     _CsmPwl


GLOBAL SYMBOLS: SORTED ALPHABETICALLY BY Name 

page  address   name                            
----  -------   ----                            
abs   ffffffff  .text                           
0     0000034e  C$$EXIT                         
0     00000142  FS$$DIV                         
0     000001c5  FS$$MPY                         
0     000003e4  I$$TOFS                         
0     00008579  U$$TOFS                         
0     000084db  UL$$TOFS                        
0     00008696  _ADCINT1_ISR                    
0     0000869b  _ADCINT2_ISR                    
0     000086a0  _ADCINT3_ISR                    
0     000086a5  _ADCINT4_ISR                    
0     000086aa  _ADCINT5_ISR                    
0     000086af  _ADCINT6_ISR                    
0     000086b4  _ADCINT7_ISR                    
0     000086b9  _ADCINT8_ISR                    
0     000086be  _ADCINT9_ISR                    
0     000085bd  _ADC_enable                     
0     000085c7  _ADC_enableBandGap              
0     00008460  _ADC_enableInt                  
0     000085d1  _ADC_enableRefBuffers           
0     000085db  _ADC_init                       
0     000085e5  _ADC_powerUp                    
0     000003c2  _ADC_setIntMode                 
0     00008524  _ADC_setIntPulseGenMode         
0     000083eb  _ADC_setIntSrc                  
0     000084ee  _ADC_setSocChanNumber           
0     00008500  _ADC_setSocSampleWindow         
0     00008512  _ADC_setSocTrigSrc              
0     00008535  _ADC_setVoltRefSrc              
1     00007100  _AdcRegs                        
1     00000b00  _AdcResult                      
0     00008667  _CLK_disableTbClockSync         
0     0000866e  _CLK_enableAdcClock             
0     0000860d  _CLK_enablePwmClock             
0     00008675  _CLK_enableTbClockSync          
0     0000861f  _CLK_init                       
0     0000867c  _CLK_setOscSrc                  
0     000087a2  _CPU_clearIntFlags              
0     000087a5  _CPU_disableGlobalInts          
0     000087a8  _CPU_enableDebugInt             
0     000087ab  _CPU_enableGlobalInts           
0     0000879a  _CPU_enableInt                  
0     0000879e  _CPU_init                       
1     00006400  _Comp1Regs                      
1     00006420  _Comp2Regs                      
1     00000740  _Control                        
1     00000714  _ControlPtr                     
1     00000c00  _CpuTimer0Regs                  
1     00000c08  _CpuTimer1Regs                  
1     00000c10  _CpuTimer2Regs                  
1     003f7ff8  _CsmPwl                         
1     00000ae0  _CsmRegs                        
0     000086c3  _DATALOG_ISR                    
0     00008606  _DSP28x_DisableInt              
0     0000860a  _DSP28x_RestoreInt              
0     000087f0  _DSP28x_usDelay                 
1     00000880  _DevEmuRegs                     
0     000086c8  _ECAP1_INT_ISR                  
1     00006a00  _ECap1Regs                      
0     000086cd  _EMPTY_ISR                      
0     000086d2  _EMUINT_ISR                     
0     000086d7  _EPWM1_INT_ISR                  
0     000086dc  _EPWM1_TZINT_ISR                
0     000086e1  _EPWM2_INT_ISR                  
0     000086e6  _EPWM2_TZINT_ISR                
0     000086eb  _EPWM3_INT_ISR                  
0     000086f0  _EPWM3_TZINT_ISR                
0     000086f5  _EPWM4_INT_ISR                  
0     000086fa  _EPWM4_TZINT_ISR                
1     00006800  _EPwm1Regs                      
1     00006840  _EPwm2Regs                      
1     00006880  _EPwm3Regs                      
1     000068c0  _EPwm4Regs                      
1     00000d01  _EmuBMode                       
1     00000d00  _EmuKey                         
0     00008627  _FLASH_init                     
1     00000a80  _FlashRegs                      
1     00000d04  _Flash_CPUScaleFactor           
1     00000d02  _Flash_CallbackPtr              
0     00008546  _GPIO_getData                   
0     0000862f  _GPIO_init                      
0     000002fc  _GPIO_setDirection              
0     000085a7  _GPIO_setExtInt                 
0     0000848c  _GPIO_setHigh                   
0     000084a0  _GPIO_setLow                    
0     00000273  _GPIO_setMode                   
0     00000325  _GPIO_setPullUp                 
0     00000377  _GPIO_setQualification          
1     00006f80  _GpioCtrlRegs                   
1     00006fc0  _GpioDataRegs                   
1     00006fe0  _GpioIntRegs                    
0     000086ff  _I2CINT1A_ISR                   
0     00008704  _I2CINT2A_ISR                   
1     00007900  _I2caRegs                       
0     00008709  _ILLEGAL_ISR                    
0     0000870e  _INT13_ISR                      
0     00008713  _INT14_ISR                      
0     00008718  _NMI_ISR                        
1     00007060  _NmiIntruptRegs                 
0     0000871d  _PIE_RESERVED                   
0     000087ae  _PIE_disable                    
0     00008557  _PIE_disableAllInts             
0     000087b1  _PIE_enable                     
0     000084b4  _PIE_enableAdcInt               
0     0000840d  _PIE_enableExtInt               
0     000085ef  _PIE_enableInt                  
0     000087b4  _PIE_enableTimer0Int            
0     00008722  _PIE_illegalIsr                 
0     000085f9  _PIE_init                       
0     00008589  _PIE_registerPieIntHandler      
0     000085b2  _PIE_registerSystemIntHandler   
0     00008568  _PIE_setDebugIntVectorTable     
0     00008598  _PIE_setExtIntPolarity          
1     00000600  _PIE_tableDebugInit             
0     000087b7  _PLL_getClkStatus               
0     000087ba  _PLL_getLockStatus              
0     00008637  _PLL_init                       
0     00008683  _PLL_setDivider                 
0     0000868a  _PLL_setMultiplier              
0     00008477  _PLL_setup                      
0     0000863f  _PWM_init                       
1     003d7fff  _PartIdRegs                     
1     00000ce0  _PieCtrlRegs                    
1     00000d00  _PieVectTable                   
0     00008727  _RTOSINT_ISR                    
0     0000872c  _SCIRXINTA_ISR                  
0     00008731  _SCITXINTA_ISR                  
0     00008736  _SPIRXINTA_ISR                  
0     0000873b  _SPITXINTA_ISR                  
1     00007050  _SciaRegs                       
1     00007040  _SpiaRegs                       
1     00007010  _SysCtrlRegs                    
1     00000985  _SysPwrCtrlRegs                 
0     000087bd  _TIMER_enableInt                
0     00008647  _TIMER_init                     
0     000087c0  _TIMER_reload                   
0     00008690  _TIMER_setEmulationMode         
0     000003fe  _TIMER_setPeriod                
0     000084c8  _TIMER_setPreScaler             
0     000087c3  _TIMER_start                    
0     000087c6  _TIMER_stop                     
0     00008740  _TINT0_ISR                      
0     00008745  _USER10_ISR                     
0     0000874a  _USER11_ISR                     
0     0000874f  _USER12_ISR                     
0     00008754  _USER1_ISR                      
0     00008759  _USER2_ISR                      
0     0000875e  _USER3_ISR                      
0     00008763  _USER4_ISR                      
0     00008768  _USER5_ISR                      
0     0000876d  _USER6_ISR                      
0     00008772  _USER7_ISR                      
0     00008777  _USER8_ISR                      
0     0000877c  _USER9_ISR                      
0     00008781  _WAKEINT_ISR                    
0     0000864f  _WDOG_disable                   
0     00008657  _WDOG_init                      
0     00008786  _XINT1_ISR                      
0     0000878b  _XINT2_ISR                      
0     00008790  _XINT3_ISR                      
1     00007070  _XIntruptRegs                   
1     0000071e  _Xint1Count                     
1     00000706  _Xint2Count                     
1     00000702  _Xint3Count                     
1     00000600  __STACK_END                     
abs   00000200  __STACK_SIZE                    
1     0000075e  ___TI_cleanup_ptr               
1     00000760  ___TI_dtors_ptr                 
1     0000075c  ___TI_enable_exit_profile_output
abs   ffffffff  ___TI_pprof_out_hndl            
abs   ffffffff  ___TI_prof_data_size            
abs   ffffffff  ___TI_prof_data_start           
abs   ffffffff  ___binit__                      
abs   ffffffff  ___c_args__                     
0     000087cc  ___cinit__                      
abs   ffffffff  ___etext__                      
abs   ffffffff  ___pinit__                      
abs   ffffffff  ___text__                       
0     00008447  __args_main                     
1     00000762  __lock                          
0     0000861e  __nop                           
0     0000861a  __register_lock                 
0     00008616  __register_unlock               
1     00000400  __stack                         
0     000087cb  __system_post_cinit             
0     000087c9  __system_pre_init               
1     00000764  __unlock                        
0     0000034e  _abort                          
1     00000704  _adcIntCount                    
0     0000007f  _adc_isr                        
0     0000021f  _c_int00                        
0     0000039e  _copy_in                        
1     00000766  _cpu                            
0     00000050  _cpu_timer0_isr                 
0     0000006b  _cpu_timer1_isr                 
0     00000075  _cpu_timer2_isr                 
0     00000350  _exit                           
0     000002bb  _initControl                    
0     00008343  _initPWM                        
0     0000802e  _main                           
0     0000842a  _memcpy                         
1     0000071c  _myAdc                          
1     00000708  _myClk                          
1     00000722  _myFlash                        
1     00000718  _myGpio                         
1     00000716  _myPie                          
1     00000724  _myPwm1                         
1     00000712  _myPwm2                         
1     00000710  _myPwm3                         
1     00000720  _myTimer0                       
1     0000071a  _myTimer1                       
1     00000726  _myTimer2                       
1     00000700  _result                         
0     00008795  _rsvd_ISR                       
0     00008603  _setDBGIER                      
1     0000070a  _timer0IntCount                 
1     0000070e  _timer1IntCount                 
1     0000070c  _timer2IntCount                 
0     000000c0  _xint1_isr                      
0     00000106  _xint2_isr                      
0     00000127  _xint3_isr                      
abs   ffffffff  binit                           
0     000087cc  cinit                           
0     00000000  code_start                      
abs   ffffffff  etext                           
abs   ffffffff  pinit                           


GLOBAL SYMBOLS: SORTED BY Symbol Address 

page  address   name                            
----  -------   ----                            
0     00000000  code_start                      
0     00000050  _cpu_timer0_isr                 
0     0000006b  _cpu_timer1_isr                 
0     00000075  _cpu_timer2_isr                 
0     0000007f  _adc_isr                        
0     000000c0  _xint1_isr                      
0     00000106  _xint2_isr                      
0     00000127  _xint3_isr                      
0     00000142  FS$$DIV                         
0     000001c5  FS$$MPY                         
0     0000021f  _c_int00                        
0     00000273  _GPIO_setMode                   
0     000002bb  _initControl                    
0     000002fc  _GPIO_setDirection              
0     00000325  _GPIO_setPullUp                 
0     0000034e  C$$EXIT                         
0     0000034e  _abort                          
0     00000350  _exit                           
0     00000377  _GPIO_setQualification          
0     0000039e  _copy_in                        
0     000003c2  _ADC_setIntMode                 
0     000003e4  I$$TOFS                         
0     000003fe  _TIMER_setPeriod                
0     0000802e  _main                           
0     00008343  _initPWM                        
0     000083eb  _ADC_setIntSrc                  
0     0000840d  _PIE_enableExtInt               
0     0000842a  _memcpy                         
0     00008447  __args_main                     
0     00008460  _ADC_enableInt                  
0     00008477  _PLL_setup                      
0     0000848c  _GPIO_setHigh                   
0     000084a0  _GPIO_setLow                    
0     000084b4  _PIE_enableAdcInt               
0     000084c8  _TIMER_setPreScaler             
0     000084db  UL$$TOFS                        
0     000084ee  _ADC_setSocChanNumber           
0     00008500  _ADC_setSocSampleWindow         
0     00008512  _ADC_setSocTrigSrc              
0     00008524  _ADC_setIntPulseGenMode         
0     00008535  _ADC_setVoltRefSrc              
0     00008546  _GPIO_getData                   
0     00008557  _PIE_disableAllInts             
0     00008568  _PIE_setDebugIntVectorTable     
0     00008579  U$$TOFS                         
0     00008589  _PIE_registerPieIntHandler      
0     00008598  _PIE_setExtIntPolarity          
0     000085a7  _GPIO_setExtInt                 
0     000085b2  _PIE_registerSystemIntHandler   
0     000085bd  _ADC_enable                     
0     000085c7  _ADC_enableBandGap              
0     000085d1  _ADC_enableRefBuffers           
0     000085db  _ADC_init                       
0     000085e5  _ADC_powerUp                    
0     000085ef  _PIE_enableInt                  
0     000085f9  _PIE_init                       
0     00008603  _setDBGIER                      
0     00008606  _DSP28x_DisableInt              
0     0000860a  _DSP28x_RestoreInt              
0     0000860d  _CLK_enablePwmClock             
0     00008616  __register_unlock               
0     0000861a  __register_lock                 
0     0000861e  __nop                           
0     0000861f  _CLK_init                       
0     00008627  _FLASH_init                     
0     0000862f  _GPIO_init                      
0     00008637  _PLL_init                       
0     0000863f  _PWM_init                       
0     00008647  _TIMER_init                     
0     0000864f  _WDOG_disable                   
0     00008657  _WDOG_init                      
0     00008667  _CLK_disableTbClockSync         
0     0000866e  _CLK_enableAdcClock             
0     00008675  _CLK_enableTbClockSync          
0     0000867c  _CLK_setOscSrc                  
0     00008683  _PLL_setDivider                 
0     0000868a  _PLL_setMultiplier              
0     00008690  _TIMER_setEmulationMode         
0     00008696  _ADCINT1_ISR                    
0     0000869b  _ADCINT2_ISR                    
0     000086a0  _ADCINT3_ISR                    
0     000086a5  _ADCINT4_ISR                    
0     000086aa  _ADCINT5_ISR                    
0     000086af  _ADCINT6_ISR                    
0     000086b4  _ADCINT7_ISR                    
0     000086b9  _ADCINT8_ISR                    
0     000086be  _ADCINT9_ISR                    
0     000086c3  _DATALOG_ISR                    
0     000086c8  _ECAP1_INT_ISR                  
0     000086cd  _EMPTY_ISR                      
0     000086d2  _EMUINT_ISR                     
0     000086d7  _EPWM1_INT_ISR                  
0     000086dc  _EPWM1_TZINT_ISR                
0     000086e1  _EPWM2_INT_ISR                  
0     000086e6  _EPWM2_TZINT_ISR                
0     000086eb  _EPWM3_INT_ISR                  
0     000086f0  _EPWM3_TZINT_ISR                
0     000086f5  _EPWM4_INT_ISR                  
0     000086fa  _EPWM4_TZINT_ISR                
0     000086ff  _I2CINT1A_ISR                   
0     00008704  _I2CINT2A_ISR                   
0     00008709  _ILLEGAL_ISR                    
0     0000870e  _INT13_ISR                      
0     00008713  _INT14_ISR                      
0     00008718  _NMI_ISR                        
0     0000871d  _PIE_RESERVED                   
0     00008722  _PIE_illegalIsr                 
0     00008727  _RTOSINT_ISR                    
0     0000872c  _SCIRXINTA_ISR                  
0     00008731  _SCITXINTA_ISR                  
0     00008736  _SPIRXINTA_ISR                  
0     0000873b  _SPITXINTA_ISR                  
0     00008740  _TINT0_ISR                      
0     00008745  _USER10_ISR                     
0     0000874a  _USER11_ISR                     
0     0000874f  _USER12_ISR                     
0     00008754  _USER1_ISR                      
0     00008759  _USER2_ISR                      
0     0000875e  _USER3_ISR                      
0     00008763  _USER4_ISR                      
0     00008768  _USER5_ISR                      
0     0000876d  _USER6_ISR                      
0     00008772  _USER7_ISR                      
0     00008777  _USER8_ISR                      
0     0000877c  _USER9_ISR                      
0     00008781  _WAKEINT_ISR                    
0     00008786  _XINT1_ISR                      
0     0000878b  _XINT2_ISR                      
0     00008790  _XINT3_ISR                      
0     00008795  _rsvd_ISR                       
0     0000879a  _CPU_enableInt                  
0     0000879e  _CPU_init                       
0     000087a2  _CPU_clearIntFlags              
0     000087a5  _CPU_disableGlobalInts          
0     000087a8  _CPU_enableDebugInt             
0     000087ab  _CPU_enableGlobalInts           
0     000087ae  _PIE_disable                    
0     000087b1  _PIE_enable                     
0     000087b4  _PIE_enableTimer0Int            
0     000087b7  _PLL_getClkStatus               
0     000087ba  _PLL_getLockStatus              
0     000087bd  _TIMER_enableInt                
0     000087c0  _TIMER_reload                   
0     000087c3  _TIMER_start                    
0     000087c6  _TIMER_stop                     
0     000087c9  __system_pre_init               
0     000087cb  __system_post_cinit             
0     000087cc  ___cinit__                      
0     000087cc  cinit                           
0     000087f0  _DSP28x_usDelay                 
1     00000400  __stack                         
1     00000600  _PIE_tableDebugInit             
1     00000600  __STACK_END                     
1     00000700  _result                         
1     00000702  _Xint3Count                     
1     00000704  _adcIntCount                    
1     00000706  _Xint2Count                     
1     00000708  _myClk                          
1     0000070a  _timer0IntCount                 
1     0000070c  _timer2IntCount                 
1     0000070e  _timer1IntCount                 
1     00000710  _myPwm3                         
1     00000712  _myPwm2                         
1     00000714  _ControlPtr                     
1     00000716  _myPie                          
1     00000718  _myGpio                         
1     0000071a  _myTimer1                       
1     0000071c  _myAdc                          
1     0000071e  _Xint1Count                     
1     00000720  _myTimer0                       
1     00000722  _myFlash                        
1     00000724  _myPwm1                         
1     00000726  _myTimer2                       
1     00000740  _Control                        
1     0000075c  ___TI_enable_exit_profile_output
1     0000075e  ___TI_cleanup_ptr               
1     00000760  ___TI_dtors_ptr                 
1     00000762  __lock                          
1     00000764  __unlock                        
1     00000766  _cpu                            
1     00000880  _DevEmuRegs                     
1     00000985  _SysPwrCtrlRegs                 
1     00000a80  _FlashRegs                      
1     00000ae0  _CsmRegs                        
1     00000b00  _AdcResult                      
1     00000c00  _CpuTimer0Regs                  
1     00000c08  _CpuTimer1Regs                  
1     00000c10  _CpuTimer2Regs                  
1     00000ce0  _PieCtrlRegs                    
1     00000d00  _EmuKey                         
1     00000d00  _PieVectTable                   
1     00000d01  _EmuBMode                       
1     00000d02  _Flash_CallbackPtr              
1     00000d04  _Flash_CPUScaleFactor           
1     00006400  _Comp1Regs                      
1     00006420  _Comp2Regs                      
1     00006800  _EPwm1Regs                      
1     00006840  _EPwm2Regs                      
1     00006880  _EPwm3Regs                      
1     000068c0  _EPwm4Regs                      
1     00006a00  _ECap1Regs                      
1     00006f80  _GpioCtrlRegs                   
1     00006fc0  _GpioDataRegs                   
1     00006fe0  _GpioIntRegs                    
1     00007010  _SysCtrlRegs                    
1     00007040  _SpiaRegs                       
1     00007050  _SciaRegs                       
1     00007060  _NmiIntruptRegs                 
1     00007070  _XIntruptRegs                   
1     00007100  _AdcRegs                        
1     00007900  _I2caRegs                       
1     003d7fff  _PartIdRegs                     
1     003f7ff8  _CsmPwl                         
abs   00000200  __STACK_SIZE                    
abs   ffffffff  .text                           
abs   ffffffff  ___TI_pprof_out_hndl            
abs   ffffffff  ___TI_prof_data_size            
abs   ffffffff  ___TI_prof_data_start           
abs   ffffffff  ___binit__                      
abs   ffffffff  ___c_args__                     
abs   ffffffff  ___etext__                      
abs   ffffffff  ___pinit__                      
abs   ffffffff  ___text__                       
abs   ffffffff  binit                           
abs   ffffffff  etext                           
abs   ffffffff  pinit                           

[226 symbols]
