******************************************************************************
             TMS320C2000 Linker PC v18.1.2                     
******************************************************************************
>> Linked Sun Oct 21 18:58:05 2018

OUTPUT FILE NAME:   <Example_F2802xCpuTimer.out>
ENTRY POINT SYMBOL: "code_start"  address: 00000000


MEMORY CONFIGURATION

         name            origin    length      used     unused   attr    fill
----------------------  --------  ---------  --------  --------  ----  --------
PAGE 0:
  BEGIN                 00000000   00000002  00000002  00000000  RWIX
  RAMM0                 00000050   000003b0  000003b0  00000000  RWIX
  RAML0                 00008000   00000800  000006b7  00000149  RWIX
  IQTABLES              003fe000   00000b50  00000000  00000b50  RWIX
  IQTABLES2             003feb50   0000008c  00000000  0000008c  RWIX
  IQTABLES3             003febdc   000000aa  00000000  000000aa  RWIX
  BOOTROM               003ff27c   00000d44  00000000  00000d44  RWIX
  RESET                 003fffc0   00000002  00000000  00000002  RWIX

PAGE 1:
  BOOT_RSVD             00000002   0000004e  00000000  0000004e  RWIX
  RAMM1                 00000400   00000400  00000331  000000cf  RWIX
  DEV_EMU               00000880   00000105  00000004  00000101  RWIX
  SYS_PWR_CTL           00000985   00000003  00000003  00000000  RWIX
  FLASH_REGS            00000a80   00000060  00000008  00000058  RWIX
  CSM                   00000ae0   00000010  00000010  00000000  RWIX
  ADC_RESULT            00000b00   00000020  00000020  00000000  RWIX
  CPU_TIMER0            00000c00   00000008  00000008  00000000  RWIX
  CPU_TIMER1            00000c08   00000008  00000008  00000000  RWIX
  CPU_TIMER2            00000c10   00000008  00000008  00000000  RWIX
  PIE_CTRL              00000ce0   00000020  0000001a  00000006  RWIX
  PIE_VECT              00000d00   00000100  00000100  00000000  RWIX
  COMP1                 00006400   00000020  00000011  0000000f  RWIX
  COMP2                 00006420   00000020  00000011  0000000f  RWIX
  EPWM1                 00006800   00000040  00000040  00000000  RWIX
  EPWM2                 00006840   00000040  00000040  00000000  RWIX
  EPWM3                 00006880   00000040  00000040  00000000  RWIX
  EPWM4                 000068c0   00000040  00000040  00000000  RWIX
  ECAP1                 00006a00   00000020  00000020  00000000  RWIX
  GPIOCTRL              00006f80   00000040  00000040  00000000  RWIX
  GPIODAT               00006fc0   00000020  00000020  00000000  RWIX
  GPIOINT               00006fe0   00000020  0000000a  00000016  RWIX
  SYSTEM                00007010   00000020  0000001f  00000001  RWIX
  SPIA                  00007040   00000010  00000010  00000000  RWIX
  SCIA                  00007050   00000010  00000010  00000000  RWIX
  NMIINTRUPT            00007060   00000010  00000010  00000000  RWIX
  XINTRUPT              00007070   00000010  00000010  00000000  RWIX
  ADC                   00007100   00000080  00000051  0000002f  RWIX
  I2CA                  00007900   00000040  00000022  0000001e  RWIX
  PARTID                003d7fff   00000001  00000001  00000000  RWIX
  CSM_PWL               003f7ff8   00000008  00000008  00000000  RWIX


SECTION ALLOCATION MAP

 output                                  attributes/
section   page    origin      length       input sections
--------  ----  ----------  ----------   ----------------
codestart 
*          0    00000000    00000002     
                  00000000    00000002     driverlib.lib : f2802xx_codestartbranch.obj (codestart)

.econst    1    00000600    00000100     
                  00000600    00000100     driverlib.lib : pie.obj (.econst:_PIE_tableDebugInit)

DevEmuRegsFile 
*          1    00000880    00000004     UNINITIALIZED
                  00000880    00000004     driverlib.lib : F2802xX_GlobalVariableDefs.obj (DevEmuRegsFile)

SysPwrCtrlRegsFile 
*          1    00000985    00000003     UNINITIALIZED
                  00000985    00000003     driverlib.lib : F2802xX_GlobalVariableDefs.obj (SysPwrCtrlRegsFile)

FlashRegsFile 
*          1    00000a80    00000008     UNINITIALIZED
                  00000a80    00000008     driverlib.lib : F2802xX_GlobalVariableDefs.obj (FlashRegsFile)

CsmRegsFile 
*          1    00000ae0    00000010     UNINITIALIZED
                  00000ae0    00000010     driverlib.lib : F2802xX_GlobalVariableDefs.obj (CsmRegsFile)

AdcResultFile 
*          1    00000b00    00000020     UNINITIALIZED
                  00000b00    00000020     driverlib.lib : F2802xX_GlobalVariableDefs.obj (AdcResultFile)

CpuTimer0RegsFile 
*          1    00000c00    00000008     UNINITIALIZED
                  00000c00    00000008     driverlib.lib : F2802xX_GlobalVariableDefs.obj (CpuTimer0RegsFile)

CpuTimer1RegsFile 
*          1    00000c08    00000008     UNINITIALIZED
                  00000c08    00000008     driverlib.lib : F2802xX_GlobalVariableDefs.obj (CpuTimer1RegsFile)

CpuTimer2RegsFile 
*          1    00000c10    00000008     UNINITIALIZED
                  00000c10    00000008     driverlib.lib : F2802xX_GlobalVariableDefs.obj (CpuTimer2RegsFile)

PieCtrlRegsFile 
*          1    00000ce0    0000001a     UNINITIALIZED
                  00000ce0    0000001a     driverlib.lib : F2802xX_GlobalVariableDefs.obj (PieCtrlRegsFile)

PieVectTableFile 
*          1    00000d00    00000100     UNINITIALIZED
                  00000d00    00000100     driverlib.lib : F2802xX_GlobalVariableDefs.obj (PieVectTableFile)

EmuKeyVar 
*          1    00000d00    00000001     UNINITIALIZED
                  00000d00    00000001     driverlib.lib : F2802xX_GlobalVariableDefs.obj (EmuKeyVar)

EmuBModeVar 
*          1    00000d01    00000001     UNINITIALIZED
                  00000d01    00000001     driverlib.lib : F2802xX_GlobalVariableDefs.obj (EmuBModeVar)

FlashCallbackVar 
*          1    00000d02    00000002     UNINITIALIZED
                  00000d02    00000002     driverlib.lib : F2802xX_GlobalVariableDefs.obj (FlashCallbackVar)

FlashScalingVar 
*          1    00000d04    00000002     UNINITIALIZED
                  00000d04    00000002     driverlib.lib : F2802xX_GlobalVariableDefs.obj (FlashScalingVar)

Comp1RegsFile 
*          1    00006400    00000011     UNINITIALIZED
                  00006400    00000011     driverlib.lib : F2802xX_GlobalVariableDefs.obj (Comp1RegsFile)

Comp2RegsFile 
*          1    00006420    00000011     UNINITIALIZED
                  00006420    00000011     driverlib.lib : F2802xX_GlobalVariableDefs.obj (Comp2RegsFile)

EPwm1RegsFile 
*          1    00006800    00000040     UNINITIALIZED
                  00006800    00000040     driverlib.lib : F2802xX_GlobalVariableDefs.obj (EPwm1RegsFile)

EPwm2RegsFile 
*          1    00006840    00000040     UNINITIALIZED
                  00006840    00000040     driverlib.lib : F2802xX_GlobalVariableDefs.obj (EPwm2RegsFile)

EPwm3RegsFile 
*          1    00006880    00000040     UNINITIALIZED
                  00006880    00000040     driverlib.lib : F2802xX_GlobalVariableDefs.obj (EPwm3RegsFile)

EPwm4RegsFile 
*          1    000068c0    00000040     UNINITIALIZED
                  000068c0    00000040     driverlib.lib : F2802xX_GlobalVariableDefs.obj (EPwm4RegsFile)

ECap1RegsFile 
*          1    00006a00    00000020     UNINITIALIZED
                  00006a00    00000020     driverlib.lib : F2802xX_GlobalVariableDefs.obj (ECap1RegsFile)

GpioCtrlRegsFile 
*          1    00006f80    00000040     UNINITIALIZED
                  00006f80    00000040     driverlib.lib : F2802xX_GlobalVariableDefs.obj (GpioCtrlRegsFile)

GpioDataRegsFile 
*          1    00006fc0    00000020     UNINITIALIZED
                  00006fc0    00000020     driverlib.lib : F2802xX_GlobalVariableDefs.obj (GpioDataRegsFile)

GpioIntRegsFile 
*          1    00006fe0    0000000a     UNINITIALIZED
                  00006fe0    0000000a     driverlib.lib : F2802xX_GlobalVariableDefs.obj (GpioIntRegsFile)

SysCtrlRegsFile 
*          1    00007010    0000001f     UNINITIALIZED
                  00007010    0000001f     driverlib.lib : F2802xX_GlobalVariableDefs.obj (SysCtrlRegsFile)

SpiaRegsFile 
*          1    00007040    00000010     UNINITIALIZED
                  00007040    00000010     driverlib.lib : F2802xX_GlobalVariableDefs.obj (SpiaRegsFile)

SciaRegsFile 
*          1    00007050    00000010     UNINITIALIZED
                  00007050    00000010     driverlib.lib : F2802xX_GlobalVariableDefs.obj (SciaRegsFile)

NmiIntruptRegsFile 
*          1    00007060    00000010     UNINITIALIZED
                  00007060    00000010     driverlib.lib : F2802xX_GlobalVariableDefs.obj (NmiIntruptRegsFile)

XIntruptRegsFile 
*          1    00007070    00000010     UNINITIALIZED
                  00007070    00000010     driverlib.lib : F2802xX_GlobalVariableDefs.obj (XIntruptRegsFile)

AdcRegsFile 
*          1    00007100    00000051     UNINITIALIZED
                  00007100    00000051     driverlib.lib : F2802xX_GlobalVariableDefs.obj (AdcRegsFile)

I2caRegsFile 
*          1    00007900    00000022     UNINITIALIZED
                  00007900    00000022     driverlib.lib : F2802xX_GlobalVariableDefs.obj (I2caRegsFile)

PartIdRegsFile 
*          1    003d7fff    00000001     UNINITIALIZED
                  003d7fff    00000001     driverlib.lib : F2802xX_GlobalVariableDefs.obj (PartIdRegsFile)

CsmPwlFile 
*          1    003f7ff8    00000008     UNINITIALIZED
                  003f7ff8    00000008     driverlib.lib : F2802xX_GlobalVariableDefs.obj (CsmPwlFile)

.cinit     0    00008698    0000001f     
                  00008698    0000000e     rts2800_ml.lib : exit.c.obj (.cinit)
                  000086a6    00000005     Example_2802xCpuTimer.obj (.cinit)
                  000086ab    00000005     rts2800_ml.lib : _lock.c.obj (.cinit:__lock)
                  000086b0    00000005                    : _lock.c.obj (.cinit:__unlock)
                  000086b5    00000002     --HOLE-- [fill = 0]

.pinit     0    00000050    00000000     UNINITIALIZED

.reset     0    003fffc0    00000002     DSECT
                  003fffc0    00000002     rts2800_ml.lib : boot28.asm.obj (.reset)

.stack     1    00000400    00000200     UNINITIALIZED
                  00000400    00000200     --HOLE--

.ebss      1    00000700    00000031     UNINITIALIZED
                  00000700    00000026     Example_2802xCpuTimer.obj (.ebss)
                  00000726    00000006     rts2800_ml.lib : exit.c.obj (.ebss)
                  0000072c    00000002                    : _lock.c.obj (.ebss:__lock)
                  0000072e    00000002                    : _lock.c.obj (.ebss:__unlock)
                  00000730    00000001     driverlib.lib : cpu.obj (.ebss)

.text.1    0    00000050    000003b0     
                  00000050    0000036b     Example_2802xCpuTimer.obj (.text)
                  000003bb    00000029     driverlib.lib : gpio.obj (.text:_GPIO_setDirection)
                  000003e4    00000019     rts2800_ml.lib : args_main.c.obj (.text)
                  000003fd    00000003     driverlib.lib : cpu.obj (.text:_CPU_clearIntFlags)

.text.2    0    00008000    00000698     
                  00008000    000000c7     Example_2802xCpuTimer.obj (.text:retain)
                  000080c7    00000083     rts2800_ml.lib : fs_div28.asm.obj (.text)
                  0000814a    0000005a                    : fs_mpy28.asm.obj (.text)
                  000081a4    00000054                    : boot28.asm.obj (.text)
                  000081f8    00000048     driverlib.lib : gpio.obj (.text:_GPIO_setMode)
                  00008240    00000029                   : gpio.obj (.text:_GPIO_setPullUp)
                  00008269    00000029     rts2800_ml.lib : exit.c.obj (.text)
                  00008292    00000027     driverlib.lib : gpio.obj (.text:_GPIO_setQualification)
                  000082b9    00000024     rts2800_ml.lib : cpy_tbl.c.obj (.text)
                  000082dd    00000022     driverlib.lib : adc.obj (.text:_ADC_setIntMode)
                  000082ff    00000022                   : adc.obj (.text:_ADC_setIntSrc)
                  00008321    0000001d                   : pie.obj (.text:_PIE_enableExtInt)
                  0000833e    0000001d     rts2800_ml.lib : memcpy.c.obj (.text)
                  0000835b    00000017     driverlib.lib : adc.obj (.text:_ADC_enableInt)
                  00008372    00000015                   : pll.obj (.text:_PLL_setup)
                  00008387    00000014                   : gpio.obj (.text:_GPIO_setHigh)
                  0000839b    00000014                   : gpio.obj (.text:_GPIO_setLow)
                  000083af    00000014                   : pie.obj (.text:_PIE_enableAdcInt)
                  000083c3    00000013                   : timer.obj (.text:_TIMER_setPreScaler)
                  000083d6    00000012                   : adc.obj (.text:_ADC_setSocChanNumber)
                  000083e8    00000012                   : adc.obj (.text:_ADC_setSocSampleWindow)
                  000083fa    00000012                   : adc.obj (.text:_ADC_setSocTrigSrc)
                  0000840c    00000011                   : adc.obj (.text:_ADC_setIntPulseGenMode)
                  0000841d    00000011                   : adc.obj (.text:_ADC_setVoltRefSrc)
                  0000842e    00000011                   : pie.obj (.text:_PIE_disableAllInts)
                  0000843f    00000011                   : pie.obj (.text:_PIE_setDebugIntVectorTable)
                  00008450    00000010     rts2800_ml.lib : u_tofs28.asm.obj (.text)
                  00008460    0000000f     driverlib.lib : pie.obj (.text:_PIE_registerPieIntHandler)
                  0000846f    0000000f                   : pie.obj (.text:_PIE_setExtIntPolarity)
                  0000847e    0000000b                   : gpio.obj (.text:_GPIO_setExtInt)
                  00008489    0000000b                   : pie.obj (.text:_PIE_registerSystemIntHandler)
                  00008494    0000000a                   : adc.obj (.text:_ADC_enable)
                  0000849e    0000000a                   : adc.obj (.text:_ADC_enableBandGap)
                  000084a8    0000000a                   : adc.obj (.text:_ADC_enableRefBuffers)
                  000084b2    0000000a                   : adc.obj (.text:_ADC_init)
                  000084bc    0000000a                   : adc.obj (.text:_ADC_powerUp)
                  000084c6    0000000a                   : pie.obj (.text:_PIE_enableInt)
                  000084d0    0000000a                   : pie.obj (.text:_PIE_init)
                  000084da    00000009                   : clk.obj (.text:_CLK_enablePwmClock)
                  000084e3    00000009     rts2800_ml.lib : _lock.c.obj (.text)
                  000084ec    00000008     driverlib.lib : clk.obj (.text:_CLK_init)
                  000084f4    00000008                   : flash.obj (.text:_FLASH_init)
                  000084fc    00000008                   : gpio.obj (.text:_GPIO_init)
                  00008504    00000008                   : pll.obj (.text:_PLL_init)
                  0000850c    00000008                   : pwm.obj (.text:_PWM_init)
                  00008514    00000008                   : timer.obj (.text:_TIMER_init)
                  0000851c    00000008                   : wdog.obj (.text:_WDOG_disable)
                  00008524    00000008                   : wdog.obj (.text:_WDOG_init)
                  0000852c    00000008                   : f2802xx_codestartbranch.obj (.text)
                  00008534    00000007                   : clk.obj (.text:_CLK_disableTbClockSync)
                  0000853b    00000007                   : clk.obj (.text:_CLK_enableAdcClock)
                  00008542    00000007                   : clk.obj (.text:_CLK_enableTbClockSync)
                  00008549    00000007                   : clk.obj (.text:_CLK_setOscSrc)
                  00008550    00000007                   : pll.obj (.text:_PLL_setDivider)
                  00008557    00000006                   : pll.obj (.text:_PLL_setMultiplier)
                  0000855d    00000006                   : timer.obj (.text:_TIMER_setEmulationMode)
                  00008563    00000005                   : f2802xx_defaultisr.obj (.text:_ADCINT1_ISR)
                  00008568    00000005                   : f2802xx_defaultisr.obj (.text:_ADCINT2_ISR)
                  0000856d    00000005                   : f2802xx_defaultisr.obj (.text:_ADCINT3_ISR)
                  00008572    00000005                   : f2802xx_defaultisr.obj (.text:_ADCINT4_ISR)
                  00008577    00000005                   : f2802xx_defaultisr.obj (.text:_ADCINT5_ISR)
                  0000857c    00000005                   : f2802xx_defaultisr.obj (.text:_ADCINT6_ISR)
                  00008581    00000005                   : f2802xx_defaultisr.obj (.text:_ADCINT7_ISR)
                  00008586    00000005                   : f2802xx_defaultisr.obj (.text:_ADCINT8_ISR)
                  0000858b    00000005                   : f2802xx_defaultisr.obj (.text:_ADCINT9_ISR)
                  00008590    00000005                   : f2802xx_defaultisr.obj (.text:_DATALOG_ISR)
                  00008595    00000005                   : f2802xx_defaultisr.obj (.text:_ECAP1_INT_ISR)
                  0000859a    00000005                   : f2802xx_defaultisr.obj (.text:_EMPTY_ISR)
                  0000859f    00000005                   : f2802xx_defaultisr.obj (.text:_EMUINT_ISR)
                  000085a4    00000005                   : f2802xx_defaultisr.obj (.text:_EPWM1_INT_ISR)
                  000085a9    00000005                   : f2802xx_defaultisr.obj (.text:_EPWM1_TZINT_ISR)
                  000085ae    00000005                   : f2802xx_defaultisr.obj (.text:_EPWM2_INT_ISR)
                  000085b3    00000005                   : f2802xx_defaultisr.obj (.text:_EPWM2_TZINT_ISR)
                  000085b8    00000005                   : f2802xx_defaultisr.obj (.text:_EPWM3_INT_ISR)
                  000085bd    00000005                   : f2802xx_defaultisr.obj (.text:_EPWM3_TZINT_ISR)
                  000085c2    00000005                   : f2802xx_defaultisr.obj (.text:_EPWM4_INT_ISR)
                  000085c7    00000005                   : f2802xx_defaultisr.obj (.text:_EPWM4_TZINT_ISR)
                  000085cc    00000005                   : f2802xx_defaultisr.obj (.text:_I2CINT1A_ISR)
                  000085d1    00000005                   : f2802xx_defaultisr.obj (.text:_I2CINT2A_ISR)
                  000085d6    00000005                   : f2802xx_defaultisr.obj (.text:_ILLEGAL_ISR)
                  000085db    00000005                   : f2802xx_defaultisr.obj (.text:_INT13_ISR)
                  000085e0    00000005                   : f2802xx_defaultisr.obj (.text:_INT14_ISR)
                  000085e5    00000005                   : f2802xx_defaultisr.obj (.text:_NMI_ISR)
                  000085ea    00000005                   : f2802xx_defaultisr.obj (.text:_PIE_RESERVED)
                  000085ef    00000005                   : pie.obj (.text:_PIE_illegalIsr)
                  000085f4    00000005                   : f2802xx_defaultisr.obj (.text:_RTOSINT_ISR)
                  000085f9    00000005                   : f2802xx_defaultisr.obj (.text:_SCIRXINTA_ISR)
                  000085fe    00000005                   : f2802xx_defaultisr.obj (.text:_SCITXINTA_ISR)
                  00008603    00000005                   : f2802xx_defaultisr.obj (.text:_SPIRXINTA_ISR)
                  00008608    00000005                   : f2802xx_defaultisr.obj (.text:_SPITXINTA_ISR)
                  0000860d    00000005                   : f2802xx_defaultisr.obj (.text:_TINT0_ISR)
                  00008612    00000005                   : f2802xx_defaultisr.obj (.text:_USER10_ISR)
                  00008617    00000005                   : f2802xx_defaultisr.obj (.text:_USER11_ISR)
                  0000861c    00000005                   : f2802xx_defaultisr.obj (.text:_USER12_ISR)
                  00008621    00000005                   : f2802xx_defaultisr.obj (.text:_USER1_ISR)
                  00008626    00000005                   : f2802xx_defaultisr.obj (.text:_USER2_ISR)
                  0000862b    00000005                   : f2802xx_defaultisr.obj (.text:_USER3_ISR)
                  00008630    00000005                   : f2802xx_defaultisr.obj (.text:_USER4_ISR)
                  00008635    00000005                   : f2802xx_defaultisr.obj (.text:_USER5_ISR)
                  0000863a    00000005                   : f2802xx_defaultisr.obj (.text:_USER6_ISR)
                  0000863f    00000005                   : f2802xx_defaultisr.obj (.text:_USER7_ISR)
                  00008644    00000005                   : f2802xx_defaultisr.obj (.text:_USER8_ISR)
                  00008649    00000005                   : f2802xx_defaultisr.obj (.text:_USER9_ISR)
                  0000864e    00000005                   : f2802xx_defaultisr.obj (.text:_WAKEINT_ISR)
                  00008653    00000005                   : f2802xx_defaultisr.obj (.text:_XINT1_ISR)
                  00008658    00000005                   : f2802xx_defaultisr.obj (.text:_XINT2_ISR)
                  0000865d    00000005                   : f2802xx_defaultisr.obj (.text:_XINT3_ISR)
                  00008662    00000005                   : f2802xx_defaultisr.obj (.text:_rsvd_ISR)
                  00008667    00000004                   : cpu.obj (.text:_CPU_enableInt)
                  0000866b    00000004                   : cpu.obj (.text:_CPU_init)
                  0000866f    00000003                   : cpu.obj (.text:_CPU_disableGlobalInts)
                  00008672    00000003                   : cpu.obj (.text:_CPU_enableDebugInt)
                  00008675    00000003                   : cpu.obj (.text:_CPU_enableGlobalInts)
                  00008678    00000003                   : pie.obj (.text:_PIE_disable)
                  0000867b    00000003                   : pie.obj (.text:_PIE_enable)
                  0000867e    00000003                   : pie.obj (.text:_PIE_enableTimer0Int)
                  00008681    00000003                   : pll.obj (.text:_PLL_getClkStatus)
                  00008684    00000003                   : pll.obj (.text:_PLL_getLockStatus)
                  00008687    00000003                   : timer.obj (.text:_TIMER_enableInt)
                  0000868a    00000003                   : timer.obj (.text:_TIMER_reload)
                  0000868d    00000003                   : timer.obj (.text:_TIMER_start)
                  00008690    00000003                   : timer.obj (.text:_TIMER_stop)
                  00008693    00000002                   : timer.obj (.text:_TIMER_setPeriod)
                  00008695    00000002     rts2800_ml.lib : pre_init.c.obj (.text)
                  00008697    00000001                    : startup.c.obj (.text)

MODULE SUMMARY

       Module                           code   initialized data   uninitialized data
       ------                           ----   ----------------   ------------------
    .\
       Example_2802xCpuTimer.obj        1074   5                  38                
    +--+--------------------------------+------+------------------+--------------------+
       Total:                           1074   5                  38                
                                                                                    
    C:/ti/C2000Ware_1_00_04_00_Software/device_support/f2802x/common/ccs/Debug/driverlib.lib
       F2802xX_GlobalVariableDefs.obj   0      0                  1022              
       pie.obj                          158    256                0                 
       f2802xx_defaultisr.obj           255    0                  0                 
       gpio.obj                         252    0                  0                 
       adc.obj                          229    0                  0                 
       pll.obj                          48     0                  0                 
       timer.obj                        47     0                  0                 
       clk.obj                          45     0                  0                 
       cpu.obj                          20     0                  1                 
       wdog.obj                         16     0                  0                 
       f2802xx_codestartbranch.obj      10     0                  0                 
       flash.obj                        8      0                  0                 
       pwm.obj                          8      0                  0                 
    +--+--------------------------------+------+------------------+--------------------+
       Total:                           1096   256                1023              
                                                                                    
    C:/ti/ccsv8/tools/compiler/ti-cgt-c2000_18.1.2.LTS/lib/rts2800_ml.lib
       fs_div28.asm.obj                 131    0                  0                 
       fs_mpy28.asm.obj                 90     0                  0                 
       boot28.asm.obj                   84     0                  0                 
       exit.c.obj                       41     14                 6                 
       cpy_tbl.c.obj                    36     0                  0                 
       memcpy.c.obj                     29     0                  0                 
       args_main.c.obj                  25     0                  0                 
       _lock.c.obj                      9      10                 4                 
       u_tofs28.asm.obj                 16     0                  0                 
       pre_init.c.obj                   2      0                  0                 
       startup.c.obj                    1      0                  0                 
    +--+--------------------------------+------+------------------+--------------------+
       Total:                           464    24                 10                
                                                                                    
       Stack:                           0      0                  512               
    +--+--------------------------------+------+------------------+--------------------+
       Grand Total:                     2634   285                1583              


GLOBAL DATA SYMBOLS: SORTED BY DATA PAGE

address     data page           name
--------    ----------------    ----
00000400      10 (00000400)     __stack

00000600      18 (00000600)     _PIE_tableDebugInit

00000700      1c (00000700)     _Xint3Count
00000702      1c (00000700)     _Xint2Count
00000704      1c (00000700)     _adcIntCount
00000706      1c (00000700)     _result
00000708      1c (00000700)     _timer1IntCount
0000070a      1c (00000700)     _timer0IntCount
0000070c      1c (00000700)     _Xint1Count
0000070e      1c (00000700)     _timer2IntCount
00000710      1c (00000700)     _myPwm3
00000712      1c (00000700)     _myPwm2
00000714      1c (00000700)     _myPie
00000716      1c (00000700)     _myTimer0
00000718      1c (00000700)     _myGpio
0000071a      1c (00000700)     _myAdc
0000071c      1c (00000700)     _myFlash
0000071e      1c (00000700)     _myClk
00000720      1c (00000700)     _myTimer2
00000722      1c (00000700)     _myTimer1
00000724      1c (00000700)     _myPwm1
00000726      1c (00000700)     ___TI_enable_exit_profile_output
00000728      1c (00000700)     ___TI_cleanup_ptr
0000072a      1c (00000700)     ___TI_dtors_ptr
0000072c      1c (00000700)     __lock
0000072e      1c (00000700)     __unlock
00000730      1c (00000700)     _cpu

00000880      22 (00000880)     _DevEmuRegs

00000985      26 (00000980)     _SysPwrCtrlRegs

00000a80      2a (00000a80)     _FlashRegs

00000ae0      2b (00000ac0)     _CsmRegs

00000b00      2c (00000b00)     _AdcResult

00000c00      30 (00000c00)     _CpuTimer0Regs
00000c08      30 (00000c00)     _CpuTimer1Regs
00000c10      30 (00000c00)     _CpuTimer2Regs

00000ce0      33 (00000cc0)     _PieCtrlRegs

00000d00      34 (00000d00)     _EmuKey
00000d00      34 (00000d00)     _PieVectTable
00000d01      34 (00000d00)     _EmuBMode
00000d02      34 (00000d00)     _Flash_CallbackPtr
00000d04      34 (00000d00)     _Flash_CPUScaleFactor

00006400     190 (00006400)     _Comp1Regs
00006420     190 (00006400)     _Comp2Regs

00006800     1a0 (00006800)     _EPwm1Regs

00006840     1a1 (00006840)     _EPwm2Regs

00006880     1a2 (00006880)     _EPwm3Regs

000068c0     1a3 (000068c0)     _EPwm4Regs

00006a00     1a8 (00006a00)     _ECap1Regs

00006f80     1be (00006f80)     _GpioCtrlRegs

00006fc0     1bf (00006fc0)     _GpioDataRegs
00006fe0     1bf (00006fc0)     _GpioIntRegs

00007010     1c0 (00007000)     _SysCtrlRegs

00007040     1c1 (00007040)     _SpiaRegs
00007050     1c1 (00007040)     _SciaRegs
00007060     1c1 (00007040)     _NmiIntruptRegs
00007070     1c1 (00007040)     _XIntruptRegs

00007100     1c4 (00007100)     _AdcRegs

00007900     1e4 (00007900)     _I2caRegs

003d7fff    f5ff (003d7fc0)     _PartIdRegs

003f7ff8    fdff (003f7fc0)     _CsmPwl


GLOBAL SYMBOLS: SORTED ALPHABETICALLY BY Name 

page  address   name                            
----  -------   ----                            
abs   ffffffff  .text                           
0     00008269  C$$EXIT                         
0     000080c7  FS$$DIV                         
0     0000814a  FS$$MPY                         
0     00008450  U$$TOFS                         
0     00008563  _ADCINT1_ISR                    
0     00008568  _ADCINT2_ISR                    
0     0000856d  _ADCINT3_ISR                    
0     00008572  _ADCINT4_ISR                    
0     00008577  _ADCINT5_ISR                    
0     0000857c  _ADCINT6_ISR                    
0     00008581  _ADCINT7_ISR                    
0     00008586  _ADCINT8_ISR                    
0     0000858b  _ADCINT9_ISR                    
0     00008494  _ADC_enable                     
0     0000849e  _ADC_enableBandGap              
0     0000835b  _ADC_enableInt                  
0     000084a8  _ADC_enableRefBuffers           
0     000084b2  _ADC_init                       
0     000084bc  _ADC_powerUp                    
0     000082dd  _ADC_setIntMode                 
0     0000840c  _ADC_setIntPulseGenMode         
0     000082ff  _ADC_setIntSrc                  
0     000083d6  _ADC_setSocChanNumber           
0     000083e8  _ADC_setSocSampleWindow         
0     000083fa  _ADC_setSocTrigSrc              
0     0000841d  _ADC_setVoltRefSrc              
1     00007100  _AdcRegs                        
1     00000b00  _AdcResult                      
0     00008534  _CLK_disableTbClockSync         
0     0000853b  _CLK_enableAdcClock             
0     000084da  _CLK_enablePwmClock             
0     00008542  _CLK_enableTbClockSync          
0     000084ec  _CLK_init                       
0     00008549  _CLK_setOscSrc                  
0     000003fd  _CPU_clearIntFlags              
0     0000866f  _CPU_disableGlobalInts          
0     00008672  _CPU_enableDebugInt             
0     00008675  _CPU_enableGlobalInts           
0     00008667  _CPU_enableInt                  
0     0000866b  _CPU_init                       
1     00006400  _Comp1Regs                      
1     00006420  _Comp2Regs                      
1     00000c00  _CpuTimer0Regs                  
1     00000c08  _CpuTimer1Regs                  
1     00000c10  _CpuTimer2Regs                  
1     003f7ff8  _CsmPwl                         
1     00000ae0  _CsmRegs                        
0     00008590  _DATALOG_ISR                    
1     00000880  _DevEmuRegs                     
0     00008595  _ECAP1_INT_ISR                  
1     00006a00  _ECap1Regs                      
0     0000859a  _EMPTY_ISR                      
0     0000859f  _EMUINT_ISR                     
0     000085a4  _EPWM1_INT_ISR                  
0     000085a9  _EPWM1_TZINT_ISR                
0     000085ae  _EPWM2_INT_ISR                  
0     000085b3  _EPWM2_TZINT_ISR                
0     000085b8  _EPWM3_INT_ISR                  
0     000085bd  _EPWM3_TZINT_ISR                
0     000085c2  _EPWM4_INT_ISR                  
0     000085c7  _EPWM4_TZINT_ISR                
1     00006800  _EPwm1Regs                      
1     00006840  _EPwm2Regs                      
1     00006880  _EPwm3Regs                      
1     000068c0  _EPwm4Regs                      
1     00000d01  _EmuBMode                       
1     00000d00  _EmuKey                         
0     000084f4  _FLASH_init                     
1     00000a80  _FlashRegs                      
1     00000d04  _Flash_CPUScaleFactor           
1     00000d02  _Flash_CallbackPtr              
0     000084fc  _GPIO_init                      
0     000003bb  _GPIO_setDirection              
0     0000847e  _GPIO_setExtInt                 
0     00008387  _GPIO_setHigh                   
0     0000839b  _GPIO_setLow                    
0     000081f8  _GPIO_setMode                   
0     00008240  _GPIO_setPullUp                 
0     00008292  _GPIO_setQualification          
1     00006f80  _GpioCtrlRegs                   
1     00006fc0  _GpioDataRegs                   
1     00006fe0  _GpioIntRegs                    
0     000085cc  _I2CINT1A_ISR                   
0     000085d1  _I2CINT2A_ISR                   
1     00007900  _I2caRegs                       
0     000085d6  _ILLEGAL_ISR                    
0     000085db  _INT13_ISR                      
0     000085e0  _INT14_ISR                      
0     000085e5  _NMI_ISR                        
1     00007060  _NmiIntruptRegs                 
0     000085ea  _PIE_RESERVED                   
0     00008678  _PIE_disable                    
0     0000842e  _PIE_disableAllInts             
0     0000867b  _PIE_enable                     
0     000083af  _PIE_enableAdcInt               
0     00008321  _PIE_enableExtInt               
0     000084c6  _PIE_enableInt                  
0     0000867e  _PIE_enableTimer0Int            
0     000085ef  _PIE_illegalIsr                 
0     000084d0  _PIE_init                       
0     00008460  _PIE_registerPieIntHandler      
0     00008489  _PIE_registerSystemIntHandler   
0     0000843f  _PIE_setDebugIntVectorTable     
0     0000846f  _PIE_setExtIntPolarity          
1     00000600  _PIE_tableDebugInit             
0     00008681  _PLL_getClkStatus               
0     00008684  _PLL_getLockStatus              
0     00008504  _PLL_init                       
0     00008550  _PLL_setDivider                 
0     00008557  _PLL_setMultiplier              
0     00008372  _PLL_setup                      
0     0000850c  _PWM_init                       
1     003d7fff  _PartIdRegs                     
1     00000ce0  _PieCtrlRegs                    
1     00000d00  _PieVectTable                   
0     000085f4  _RTOSINT_ISR                    
0     000085f9  _SCIRXINTA_ISR                  
0     000085fe  _SCITXINTA_ISR                  
0     00008603  _SPIRXINTA_ISR                  
0     00008608  _SPITXINTA_ISR                  
1     00007050  _SciaRegs                       
1     00007040  _SpiaRegs                       
1     00007010  _SysCtrlRegs                    
1     00000985  _SysPwrCtrlRegs                 
0     00008687  _TIMER_enableInt                
0     00008514  _TIMER_init                     
0     0000868a  _TIMER_reload                   
0     0000855d  _TIMER_setEmulationMode         
0     00008693  _TIMER_setPeriod                
0     000083c3  _TIMER_setPreScaler             
0     0000868d  _TIMER_start                    
0     00008690  _TIMER_stop                     
0     0000860d  _TINT0_ISR                      
0     00008612  _USER10_ISR                     
0     00008617  _USER11_ISR                     
0     0000861c  _USER12_ISR                     
0     00008621  _USER1_ISR                      
0     00008626  _USER2_ISR                      
0     0000862b  _USER3_ISR                      
0     00008630  _USER4_ISR                      
0     00008635  _USER5_ISR                      
0     0000863a  _USER6_ISR                      
0     0000863f  _USER7_ISR                      
0     00008644  _USER8_ISR                      
0     00008649  _USER9_ISR                      
0     0000864e  _WAKEINT_ISR                    
0     0000851c  _WDOG_disable                   
0     00008524  _WDOG_init                      
0     00008653  _XINT1_ISR                      
0     00008658  _XINT2_ISR                      
0     0000865d  _XINT3_ISR                      
1     00007070  _XIntruptRegs                   
1     0000070c  _Xint1Count                     
1     00000702  _Xint2Count                     
1     00000700  _Xint3Count                     
1     00000600  __STACK_END                     
abs   00000200  __STACK_SIZE                    
1     00000728  ___TI_cleanup_ptr               
1     0000072a  ___TI_dtors_ptr                 
1     00000726  ___TI_enable_exit_profile_output
abs   ffffffff  ___TI_pprof_out_hndl            
abs   ffffffff  ___TI_prof_data_size            
abs   ffffffff  ___TI_prof_data_start           
abs   ffffffff  ___binit__                      
abs   ffffffff  ___c_args__                     
0     00008698  ___cinit__                      
abs   ffffffff  ___etext__                      
abs   ffffffff  ___pinit__                      
abs   ffffffff  ___text__                       
0     000003e4  __args_main                     
1     0000072c  __lock                          
0     000084eb  __nop                           
0     000084e7  __register_lock                 
0     000084e3  __register_unlock               
1     00000400  __stack                         
0     00008697  __system_post_cinit             
0     00008695  __system_pre_init               
1     0000072e  __unlock                        
0     00008269  _abort                          
1     00000704  _adcIntCount                    
0     0000802f  _adc_isr                        
0     000081a4  _c_int00                        
0     000082b9  _copy_in                        
1     00000730  _cpu                            
0     00008000  _cpu_timer0_isr                 
0     0000801b  _cpu_timer1_isr                 
0     00008025  _cpu_timer2_isr                 
0     0000826b  _exit                           
0     0000031f  _initPWM                        
0     00000075  _main                           
0     0000833e  _memcpy                         
1     0000071a  _myAdc                          
1     0000071e  _myClk                          
1     0000071c  _myFlash                        
1     00000718  _myGpio                         
1     00000714  _myPie                          
1     00000724  _myPwm1                         
1     00000712  _myPwm2                         
1     00000710  _myPwm3                         
1     00000716  _myTimer0                       
1     00000722  _myTimer1                       
1     00000720  _myTimer2                       
1     00000706  _result                         
0     00008662  _rsvd_ISR                       
1     0000070a  _timer0IntCount                 
1     00000708  _timer1IntCount                 
1     0000070e  _timer2IntCount                 
0     00008070  _xint1_isr                      
0     0000808b  _xint2_isr                      
0     000080ac  _xint3_isr                      
abs   ffffffff  binit                           
0     00008698  cinit                           
0     00000000  code_start                      
abs   ffffffff  etext                           
abs   ffffffff  pinit                           


GLOBAL SYMBOLS: SORTED BY Symbol Address 

page  address   name                            
----  -------   ----                            
0     00000000  code_start                      
0     00000075  _main                           
0     0000031f  _initPWM                        
0     000003bb  _GPIO_setDirection              
0     000003e4  __args_main                     
0     000003fd  _CPU_clearIntFlags              
0     00008000  _cpu_timer0_isr                 
0     0000801b  _cpu_timer1_isr                 
0     00008025  _cpu_timer2_isr                 
0     0000802f  _adc_isr                        
0     00008070  _xint1_isr                      
0     0000808b  _xint2_isr                      
0     000080ac  _xint3_isr                      
0     000080c7  FS$$DIV                         
0     0000814a  FS$$MPY                         
0     000081a4  _c_int00                        
0     000081f8  _GPIO_setMode                   
0     00008240  _GPIO_setPullUp                 
0     00008269  C$$EXIT                         
0     00008269  _abort                          
0     0000826b  _exit                           
0     00008292  _GPIO_setQualification          
0     000082b9  _copy_in                        
0     000082dd  _ADC_setIntMode                 
0     000082ff  _ADC_setIntSrc                  
0     00008321  _PIE_enableExtInt               
0     0000833e  _memcpy                         
0     0000835b  _ADC_enableInt                  
0     00008372  _PLL_setup                      
0     00008387  _GPIO_setHigh                   
0     0000839b  _GPIO_setLow                    
0     000083af  _PIE_enableAdcInt               
0     000083c3  _TIMER_setPreScaler             
0     000083d6  _ADC_setSocChanNumber           
0     000083e8  _ADC_setSocSampleWindow         
0     000083fa  _ADC_setSocTrigSrc              
0     0000840c  _ADC_setIntPulseGenMode         
0     0000841d  _ADC_setVoltRefSrc              
0     0000842e  _PIE_disableAllInts             
0     0000843f  _PIE_setDebugIntVectorTable     
0     00008450  U$$TOFS                         
0     00008460  _PIE_registerPieIntHandler      
0     0000846f  _PIE_setExtIntPolarity          
0     0000847e  _GPIO_setExtInt                 
0     00008489  _PIE_registerSystemIntHandler   
0     00008494  _ADC_enable                     
0     0000849e  _ADC_enableBandGap              
0     000084a8  _ADC_enableRefBuffers           
0     000084b2  _ADC_init                       
0     000084bc  _ADC_powerUp                    
0     000084c6  _PIE_enableInt                  
0     000084d0  _PIE_init                       
0     000084da  _CLK_enablePwmClock             
0     000084e3  __register_unlock               
0     000084e7  __register_lock                 
0     000084eb  __nop                           
0     000084ec  _CLK_init                       
0     000084f4  _FLASH_init                     
0     000084fc  _GPIO_init                      
0     00008504  _PLL_init                       
0     0000850c  _PWM_init                       
0     00008514  _TIMER_init                     
0     0000851c  _WDOG_disable                   
0     00008524  _WDOG_init                      
0     00008534  _CLK_disableTbClockSync         
0     0000853b  _CLK_enableAdcClock             
0     00008542  _CLK_enableTbClockSync          
0     00008549  _CLK_setOscSrc                  
0     00008550  _PLL_setDivider                 
0     00008557  _PLL_setMultiplier              
0     0000855d  _TIMER_setEmulationMode         
0     00008563  _ADCINT1_ISR                    
0     00008568  _ADCINT2_ISR                    
0     0000856d  _ADCINT3_ISR                    
0     00008572  _ADCINT4_ISR                    
0     00008577  _ADCINT5_ISR                    
0     0000857c  _ADCINT6_ISR                    
0     00008581  _ADCINT7_ISR                    
0     00008586  _ADCINT8_ISR                    
0     0000858b  _ADCINT9_ISR                    
0     00008590  _DATALOG_ISR                    
0     00008595  _ECAP1_INT_ISR                  
0     0000859a  _EMPTY_ISR                      
0     0000859f  _EMUINT_ISR                     
0     000085a4  _EPWM1_INT_ISR                  
0     000085a9  _EPWM1_TZINT_ISR                
0     000085ae  _EPWM2_INT_ISR                  
0     000085b3  _EPWM2_TZINT_ISR                
0     000085b8  _EPWM3_INT_ISR                  
0     000085bd  _EPWM3_TZINT_ISR                
0     000085c2  _EPWM4_INT_ISR                  
0     000085c7  _EPWM4_TZINT_ISR                
0     000085cc  _I2CINT1A_ISR                   
0     000085d1  _I2CINT2A_ISR                   
0     000085d6  _ILLEGAL_ISR                    
0     000085db  _INT13_ISR                      
0     000085e0  _INT14_ISR                      
0     000085e5  _NMI_ISR                        
0     000085ea  _PIE_RESERVED                   
0     000085ef  _PIE_illegalIsr                 
0     000085f4  _RTOSINT_ISR                    
0     000085f9  _SCIRXINTA_ISR                  
0     000085fe  _SCITXINTA_ISR                  
0     00008603  _SPIRXINTA_ISR                  
0     00008608  _SPITXINTA_ISR                  
0     0000860d  _TINT0_ISR                      
0     00008612  _USER10_ISR                     
0     00008617  _USER11_ISR                     
0     0000861c  _USER12_ISR                     
0     00008621  _USER1_ISR                      
0     00008626  _USER2_ISR                      
0     0000862b  _USER3_ISR                      
0     00008630  _USER4_ISR                      
0     00008635  _USER5_ISR                      
0     0000863a  _USER6_ISR                      
0     0000863f  _USER7_ISR                      
0     00008644  _USER8_ISR                      
0     00008649  _USER9_ISR                      
0     0000864e  _WAKEINT_ISR                    
0     00008653  _XINT1_ISR                      
0     00008658  _XINT2_ISR                      
0     0000865d  _XINT3_ISR                      
0     00008662  _rsvd_ISR                       
0     00008667  _CPU_enableInt                  
0     0000866b  _CPU_init                       
0     0000866f  _CPU_disableGlobalInts          
0     00008672  _CPU_enableDebugInt             
0     00008675  _CPU_enableGlobalInts           
0     00008678  _PIE_disable                    
0     0000867b  _PIE_enable                     
0     0000867e  _PIE_enableTimer0Int            
0     00008681  _PLL_getClkStatus               
0     00008684  _PLL_getLockStatus              
0     00008687  _TIMER_enableInt                
0     0000868a  _TIMER_reload                   
0     0000868d  _TIMER_start                    
0     00008690  _TIMER_stop                     
0     00008693  _TIMER_setPeriod                
0     00008695  __system_pre_init               
0     00008697  __system_post_cinit             
0     00008698  ___cinit__                      
0     00008698  cinit                           
1     00000400  __stack                         
1     00000600  _PIE_tableDebugInit             
1     00000600  __STACK_END                     
1     00000700  _Xint3Count                     
1     00000702  _Xint2Count                     
1     00000704  _adcIntCount                    
1     00000706  _result                         
1     00000708  _timer1IntCount                 
1     0000070a  _timer0IntCount                 
1     0000070c  _Xint1Count                     
1     0000070e  _timer2IntCount                 
1     00000710  _myPwm3                         
1     00000712  _myPwm2                         
1     00000714  _myPie                          
1     00000716  _myTimer0                       
1     00000718  _myGpio                         
1     0000071a  _myAdc                          
1     0000071c  _myFlash                        
1     0000071e  _myClk                          
1     00000720  _myTimer2                       
1     00000722  _myTimer1                       
1     00000724  _myPwm1                         
1     00000726  ___TI_enable_exit_profile_output
1     00000728  ___TI_cleanup_ptr               
1     0000072a  ___TI_dtors_ptr                 
1     0000072c  __lock                          
1     0000072e  __unlock                        
1     00000730  _cpu                            
1     00000880  _DevEmuRegs                     
1     00000985  _SysPwrCtrlRegs                 
1     00000a80  _FlashRegs                      
1     00000ae0  _CsmRegs                        
1     00000b00  _AdcResult                      
1     00000c00  _CpuTimer0Regs                  
1     00000c08  _CpuTimer1Regs                  
1     00000c10  _CpuTimer2Regs                  
1     00000ce0  _PieCtrlRegs                    
1     00000d00  _EmuKey                         
1     00000d00  _PieVectTable                   
1     00000d01  _EmuBMode                       
1     00000d02  _Flash_CallbackPtr              
1     00000d04  _Flash_CPUScaleFactor           
1     00006400  _Comp1Regs                      
1     00006420  _Comp2Regs                      
1     00006800  _EPwm1Regs                      
1     00006840  _EPwm2Regs                      
1     00006880  _EPwm3Regs                      
1     000068c0  _EPwm4Regs                      
1     00006a00  _ECap1Regs                      
1     00006f80  _GpioCtrlRegs                   
1     00006fc0  _GpioDataRegs                   
1     00006fe0  _GpioIntRegs                    
1     00007010  _SysCtrlRegs                    
1     00007040  _SpiaRegs                       
1     00007050  _SciaRegs                       
1     00007060  _NmiIntruptRegs                 
1     00007070  _XIntruptRegs                   
1     00007100  _AdcRegs                        
1     00007900  _I2caRegs                       
1     003d7fff  _PartIdRegs                     
1     003f7ff8  _CsmPwl                         
abs   00000200  __STACK_SIZE                    
abs   ffffffff  .text                           
abs   ffffffff  ___TI_pprof_out_hndl            
abs   ffffffff  ___TI_prof_data_size            
abs   ffffffff  ___TI_prof_data_start           
abs   ffffffff  ___binit__                      
abs   ffffffff  ___c_args__                     
abs   ffffffff  ___etext__                      
abs   ffffffff  ___pinit__                      
abs   ffffffff  ___text__                       
abs   ffffffff  binit                           
abs   ffffffff  etext                           
abs   ffffffff  pinit                           

[216 symbols]
